#
# There is insufficient memory for the Java Runtime Environment to continue.
# Native memory allocation (mmap) failed to map 412090368 bytes. Error detail: G1 virtual space
# Possible reasons:
#   The system is out of physical RAM or swap space
#   This process is running with CompressedOops enabled, and the Java Heap may be blocking the growth of the native heap
# Possible solutions:
#   Reduce memory load on the system
#   Increase physical memory or swap space
#   Check if swap backing store is full
#   Decrease Java heap size (-Xmx/-Xms)
#   Decrease number of Java threads
#   Decrease Java thread stack sizes (-Xss)
#   Set larger code cache with -XX:ReservedCodeCacheSize=
#   JVM is running with Unscaled Compressed Oops mode in which the Java heap is
#     placed in the first 4GB address space. The Java Heap base address is the
#     maximum limit for the native heap growth. Please use -XX:HeapBaseMinAddress
#     to set the Java Heap base and to place the Java Heap above 4GB virtual address.
# This output file may be truncated or incomplete.
#
#  Out of Memory Error (os_windows.cpp:3690), pid=16940, tid=22916
#
# JRE version: OpenJDK Runtime Environment Microsoft-13877129 (17.0.19+10) (build 17.0.19+10-LTS)
# Java VM: OpenJDK 64-Bit Server VM Microsoft-13877129 (17.0.19+10-LTS, mixed mode, emulated-client, sharing, tiered, compressed oops, compressed class ptrs, g1 gc, windows-amd64)
# No core dump will be written. Minidumps are not enabled by default on client versions of Windows
#

---------------  S U M M A R Y ------------

Command Line: -XX:TieredStopAtLevel=1 -Dspring.output.ansi.enabled=always -javaagent:C:\Program Files\JetBrains\IntelliJ IDEA 2025.2.3\lib\idea_rt.jar=59769 -Dfile.encoding=UTF-8 com.Control.Inventario.InventarioApplication

Host: AMD Ryzen 5 3500U with Radeon Vega Mobile Gfx  , 8 cores, 5G,  Windows 11 , 64 bit Build 26100 (10.0.26100.8875)
Time: Wed Jul 29 15:35:56 2026 Hora estándar de Argentina elapsed time: 16.309431 seconds (0d 0h 0m 16s)

---------------  T H R E A D  ---------------

Current thread (0x00000133abc4f7a0):  VMThread "VM Thread" [stack: 0x00000008fcf00000,0x00000008fd000000] [id=22916]

Stack: [0x00000008fcf00000,0x00000008fd000000]
Native frames: (J=compiled Java code, j=interpreted, Vv=VM code, C=native code)
V  [jvm.dll+0x68cc89]  (no source info available)
V  [jvm.dll+0x845d89]  (no source info available)
V  [jvm.dll+0x847af8]  (no source info available)
V  [jvm.dll+0x848183]  (no source info available)
V  [jvm.dll+0x24d0bf]  (no source info available)
V  [jvm.dll+0x68c089]  (no source info available)
V  [jvm.dll+0x68064a]  (no source info available)
V  [jvm.dll+0x3102f0]  (no source info available)
V  [jvm.dll+0x310192]  (no source info available)
V  [jvm.dll+0x317709]  (no source info available)
V  [jvm.dll+0x369b09]  (no source info available)
V  [jvm.dll+0x369d3d]  (no source info available)
V  [jvm.dll+0x2e6afa]  (no source info available)
V  [jvm.dll+0x2e4ef1]  (no source info available)
V  [jvm.dll+0x2e468c]  (no source info available)
V  [jvm.dll+0x32903b]  (no source info available)
V  [jvm.dll+0x84ca0d]  (no source info available)
V  [jvm.dll+0x84d723]  (no source info available)
V  [jvm.dll+0x84dc54]  (no source info available)
V  [jvm.dll+0x84e038]  (no source info available)
V  [jvm.dll+0x84e12e]  (no source info available)
V  [jvm.dll+0x7f62cc]  (no source info available)
V  [jvm.dll+0x68e227]  (no source info available)
C  [ucrtbase.dll+0x2cd30]  (no source info available)
C  [KERNEL32.DLL+0x2e957]  (no source info available)
C  [ntdll.dll+0xaad6c]  (no source info available)

VM_Operation (0x00000008fc9f5fd0): G1CollectForAllocation, mode: safepoint, requested by thread 0x000001339acb2fe0


---------------  P R O C E S S  ---------------

Threads class SMR info:
_java_thread_list=0x00000133f397c970, length=17, elements={
0x000001339acb2fe0, 0x00000133abc557c0, 0x00000133abc58930, 0x00000133abc69a50,
0x00000133abc6a410, 0x00000133abc73a40, 0x00000133abc74400, 0x00000133abc75610,
0x00000133abc79ae0, 0x00000133abc3ffa0, 0x00000133f14d07c0, 0x00000133f14d12b0,
0x00000133f1086230, 0x00000133f2736080, 0x00000133f3419fb0, 0x00000133f341a4c0,
0x00000133f341a9d0
}

Java Threads: ( => current thread )
  0x000001339acb2fe0 JavaThread "main" [_thread_blocked, id=15864, stack(0x00000008fc900000,0x00000008fca00000)]
  0x00000133abc557c0 JavaThread "Reference Handler" daemon [_thread_blocked, id=11688, stack(0x00000008fd000000,0x00000008fd100000)]
  0x00000133abc58930 JavaThread "Finalizer" daemon [_thread_blocked, id=3636, stack(0x00000008fd100000,0x00000008fd200000)]
  0x00000133abc69a50 JavaThread "Signal Dispatcher" daemon [_thread_blocked, id=18540, stack(0x00000008fd200000,0x00000008fd300000)]
  0x00000133abc6a410 JavaThread "Attach Listener" daemon [_thread_blocked, id=2024, stack(0x00000008fd300000,0x00000008fd400000)]
  0x00000133abc73a40 JavaThread "Service Thread" daemon [_thread_blocked, id=23024, stack(0x00000008fd400000,0x00000008fd500000)]
  0x00000133abc74400 JavaThread "Monitor Deflation Thread" daemon [_thread_blocked, id=4328, stack(0x00000008fd500000,0x00000008fd600000)]
  0x00000133abc75610 JavaThread "C1 CompilerThread0" daemon [_thread_blocked, id=18696, stack(0x00000008fd600000,0x00000008fd700000)]
  0x00000133abc79ae0 JavaThread "Sweeper thread" daemon [_thread_blocked, id=3536, stack(0x00000008fd700000,0x00000008fd800000)]
  0x00000133abc3ffa0 JavaThread "Common-Cleaner" daemon [_thread_blocked, id=14684, stack(0x00000008fd800000,0x00000008fd900000)]
  0x00000133f14d07c0 JavaThread "Monitor Ctrl-Break" daemon [_thread_in_native, id=18388, stack(0x00000008fda00000,0x00000008fdb00000)]
  0x00000133f14d12b0 JavaThread "Notification Thread" daemon [_thread_blocked, id=16956, stack(0x00000008fdb00000,0x00000008fdc00000)]
  0x00000133f1086230 JavaThread "mysql-cj-abandoned-connection-cleanup" daemon [_thread_blocked, id=18020, stack(0x00000008fe600000,0x00000008fe700000)]
  0x00000133f2736080 JavaThread "HikariPool-1:housekeeper" daemon [_thread_blocked, id=17820, stack(0x00000008fe800000,0x00000008fe900000)]
  0x00000133f3419fb0 JavaThread "Catalina-utility-1" [_thread_blocked, id=10488, stack(0x00000008fea00000,0x00000008feb00000)]
  0x00000133f341a4c0 JavaThread "Catalina-utility-2" [_thread_blocked, id=23420, stack(0x00000008feb00000,0x00000008fec00000)]
  0x00000133f341a9d0 JavaThread "container-0" [_thread_blocked, id=20884, stack(0x00000008fec00000,0x00000008fed00000)]

Other Threads:
=>0x00000133abc4f7a0 VMThread "VM Thread" [stack: 0x00000008fcf00000,0x00000008fd000000] [id=22916]
  0x000001339acb3c20 WatcherThread [stack: 0x00000008fdc00000,0x00000008fdd00000] [id=20848]
  0x000001339ad01650 GCTaskThread "GC Thread#0" [stack: 0x00000008fca00000,0x00000008fcb00000] [id=16568]
  0x00000133f180e370 GCTaskThread "GC Thread#1" [stack: 0x00000008fde00000,0x00000008fdf00000] [id=22724]
  0x00000133f187ec80 GCTaskThread "GC Thread#2" [stack: 0x00000008fdf00000,0x00000008fe000000] [id=21064]
  0x00000133f160b5c0 GCTaskThread "GC Thread#3" [stack: 0x00000008fe000000,0x00000008fe100000] [id=14588]
  0x00000133f194a090 GCTaskThread "GC Thread#4" [stack: 0x00000008fe100000,0x00000008fe200000] [id=7724]
  0x00000133f1b13f30 GCTaskThread "GC Thread#5" [stack: 0x00000008fe300000,0x00000008fe400000] [id=3816]
  0x00000133f1b12e50 GCTaskThread "GC Thread#6" [stack: 0x00000008fe400000,0x00000008fe500000] [id=4768]
  0x00000133f1b14200 GCTaskThread "GC Thread#7" [stack: 0x00000008fe500000,0x00000008fe600000] [id=21460]
  0x000001339ad0c220 ConcurrentGCThread "G1 Main Marker" [stack: 0x00000008fcb00000,0x00000008fcc00000] [id=11188]
  0x000001339ad0daf0 ConcurrentGCThread "G1 Conc#0" [stack: 0x00000008fcc00000,0x00000008fcd00000] [id=23656]
  0x00000133f1b12b80 ConcurrentGCThread "G1 Conc#1" [stack: 0x00000008fe200000,0x00000008fe300000] [id=10512]
  0x000001339ad4e040 ConcurrentGCThread "G1 Refine#0" [stack: 0x00000008fcd00000,0x00000008fce00000] [id=14736]
  0x00000133f33f7450 ConcurrentGCThread "G1 Refine#1" [stack: 0x00000008fed00000,0x00000008fee00000] [id=23724]
  0x00000133f2aa66e0 ConcurrentGCThread "G1 Refine#2" [stack: 0x00000008fdd00000,0x00000008fde00000] [id=18968]
  0x00000133f2aa6ce0 ConcurrentGCThread "G1 Refine#3" [stack: 0x00000008fe900000,0x00000008fea00000] [id=15384]
  0x00000133f2aa69e0 ConcurrentGCThread "G1 Refine#4" [stack: 0x00000008fee00000,0x00000008fef00000] [id=8912]
  0x000001339ad4e820 ConcurrentGCThread "G1 Service" [stack: 0x00000008fce00000,0x00000008fcf00000] [id=15852]

Threads with active compile tasks:

VM state: at safepoint (normal execution)

VM Mutex/Monitor currently owned by a thread:  ([mutex/lock_event])
[0x000001339acaf380] Threads_lock - owner thread: 0x00000133abc4f7a0
[0x000001339acadc70] Heap_lock - owner thread: 0x000001339acb2fe0

Heap address: 0x00000000a0c00000, size: 1524 MB, Compressed Oops mode: 32-bit

CDS archive(s) mapped at: [0x00000133ac000000-0x00000133acbb0000-0x00000133acbb0000), size 12255232, SharedBaseAddress: 0x00000133ac000000, ArchiveRelocationMode: 1.
Compressed class space mapped at: 0x00000133ad000000-0x00000133ed000000, reserved size: 1073741824
Narrow klass base: 0x00000133ac000000, Narrow klass shift: 0, Narrow klass range: 0x100000000

GC Precious Log:
 CPUs: 8 total, 8 available
 Memory: 6090M
 Large Page Support: Disabled
 NUMA Support: Disabled
 Compressed Oops: Enabled (32-bit)
 Heap Region Size: 1M
 Heap Min Capacity: 8M
 Heap Initial Capacity: 96M
 Heap Max Capacity: 1524M
 Pre-touch: Disabled
 Parallel Workers: 8
 Concurrent Workers: 2
 Concurrent Refinement Workers: 8
 Periodic GC: Disabled

Heap:
 garbage-first heap   total 279552K, used 160372K [0x00000000a0c00000, 0x0000000100000000)
  region size 1024K, 5 young (5120K), 5 survivors (5120K)
 Metaspace       used 66924K, committed 67584K, reserved 1114112K
  class space    used 10054K, committed 10368K, reserved 1048576K

Heap Regions: E=young(eden), S=young(survivor), O=old, HS=humongous(starts), HC=humongous(continues), CS=collection set, F=free, OA=open archive, CA=closed archive, TAMS=top-at-mark-start (previous, next)
|   0|0x00000000a0c00000, 0x00000000a0d00000, 0x00000000a0d00000|100%|HS|  |TAMS 0x00000000a0d00000, 0x00000000a0d00000| Complete 
|   1|0x00000000a0d00000, 0x00000000a0e00000, 0x00000000a0e00000|100%|HS|  |TAMS 0x00000000a0e00000, 0x00000000a0e00000| Complete 
|   2|0x00000000a0e00000, 0x00000000a0f00000, 0x00000000a0f00000|100%| O|  |TAMS 0x00000000a0f00000, 0x00000000a0f00000| Untracked 
|   3|0x00000000a0f00000, 0x00000000a1000000, 0x00000000a1000000|100%| O|  |TAMS 0x00000000a1000000, 0x00000000a1000000| Untracked 
|   4|0x00000000a1000000, 0x00000000a1100000, 0x00000000a1100000|100%| O|  |TAMS 0x00000000a1100000, 0x00000000a1100000| Untracked 
|   5|0x00000000a1100000, 0x00000000a1200000, 0x00000000a1200000|100%| O|  |TAMS 0x00000000a1200000, 0x00000000a1200000| Untracked 
|   6|0x00000000a1200000, 0x00000000a1300000, 0x00000000a1300000|100%| O|  |TAMS 0x00000000a1300000, 0x00000000a1300000| Untracked 
|   7|0x00000000a1300000, 0x00000000a1400000, 0x00000000a1400000|100%| O|  |TAMS 0x00000000a1400000, 0x00000000a1400000| Untracked 
|   8|0x00000000a1400000, 0x00000000a1500000, 0x00000000a1500000|100%| O|  |TAMS 0x00000000a1500000, 0x00000000a1500000| Untracked 
|   9|0x00000000a1500000, 0x00000000a1600000, 0x00000000a1600000|100%| O|  |TAMS 0x00000000a1600000, 0x00000000a1600000| Untracked 
|  10|0x00000000a1600000, 0x00000000a1700000, 0x00000000a1700000|100%| O|  |TAMS 0x00000000a1700000, 0x00000000a1700000| Untracked 
|  11|0x00000000a1700000, 0x00000000a1800000, 0x00000000a1800000|100%| O|  |TAMS 0x00000000a1800000, 0x00000000a1800000| Untracked 
|  12|0x00000000a1800000, 0x00000000a1900000, 0x00000000a1900000|100%| O|  |TAMS 0x00000000a1900000, 0x00000000a1900000| Untracked 
|  13|0x00000000a1900000, 0x00000000a1a00000, 0x00000000a1a00000|100%| O|  |TAMS 0x00000000a1a00000, 0x00000000a1a00000| Untracked 
|  14|0x00000000a1a00000, 0x00000000a1ad9e00, 0x00000000a1b00000| 85%| O|  |TAMS 0x00000000a1ad9e00, 0x00000000a1ad9e00| Untracked 
|  15|0x00000000a1b00000, 0x00000000a1c00000, 0x00000000a1c00000|100%| O|  |TAMS 0x00000000a1c00000, 0x00000000a1c00000| Untracked 
|  16|0x00000000a1c00000, 0x00000000a1d00000, 0x00000000a1d00000|100%| O|  |TAMS 0x00000000a1d00000, 0x00000000a1d00000| Untracked 
|  17|0x00000000a1d00000, 0x00000000a1e00000, 0x00000000a1e00000|100%| O|  |TAMS 0x00000000a1e00000, 0x00000000a1e00000| Untracked 
|  18|0x00000000a1e00000, 0x00000000a1f00000, 0x00000000a1f00000|100%| O|  |TAMS 0x00000000a1f00000, 0x00000000a1f00000| Untracked 
|  19|0x00000000a1f00000, 0x00000000a2000000, 0x00000000a2000000|100%| O|  |TAMS 0x00000000a2000000, 0x00000000a2000000| Untracked 
|  20|0x00000000a2000000, 0x00000000a2100000, 0x00000000a2100000|100%| O|  |TAMS 0x00000000a2100000, 0x00000000a2100000| Untracked 
|  21|0x00000000a2100000, 0x00000000a2200000, 0x00000000a2200000|100%| O|  |TAMS 0x00000000a2200000, 0x00000000a2200000| Untracked 
|  22|0x00000000a2200000, 0x00000000a2300000, 0x00000000a2300000|100%| O|  |TAMS 0x00000000a2300000, 0x00000000a2300000| Untracked 
|  23|0x00000000a2300000, 0x00000000a2400000, 0x00000000a2400000|100%| O|  |TAMS 0x00000000a2400000, 0x00000000a2400000| Untracked 
|  24|0x00000000a2400000, 0x00000000a2500000, 0x00000000a2500000|100%| O|  |TAMS 0x00000000a2500000, 0x00000000a2500000| Untracked 
|  25|0x00000000a2500000, 0x00000000a2600000, 0x00000000a2600000|100%| O|  |TAMS 0x00000000a2600000, 0x00000000a2600000| Untracked 
|  26|0x00000000a2600000, 0x00000000a2700000, 0x00000000a2700000|100%| O|  |TAMS 0x00000000a2700000, 0x00000000a2700000| Untracked 
|  27|0x00000000a2700000, 0x00000000a2800000, 0x00000000a2800000|100%| O|  |TAMS 0x00000000a2800000, 0x00000000a2800000| Untracked 
|  28|0x00000000a2800000, 0x00000000a2900000, 0x00000000a2900000|100%| O|  |TAMS 0x00000000a2900000, 0x00000000a2900000| Untracked 
|  29|0x00000000a2900000, 0x00000000a2a00000, 0x00000000a2a00000|100%| O|  |TAMS 0x00000000a2a00000, 0x00000000a2a00000| Untracked 
|  30|0x00000000a2a00000, 0x00000000a2b00000, 0x00000000a2b00000|100%| O|  |TAMS 0x00000000a2b00000, 0x00000000a2b00000| Untracked 
|  31|0x00000000a2b00000, 0x00000000a2c00000, 0x00000000a2c00000|100%| O|  |TAMS 0x00000000a2c00000, 0x00000000a2c00000| Untracked 
|  32|0x00000000a2c00000, 0x00000000a2d00000, 0x00000000a2d00000|100%| O|  |TAMS 0x00000000a2d00000, 0x00000000a2d00000| Untracked 
|  33|0x00000000a2d00000, 0x00000000a2e00000, 0x00000000a2e00000|100%| O|  |TAMS 0x00000000a2e00000, 0x00000000a2e00000| Untracked 
|  34|0x00000000a2e00000, 0x00000000a2f00000, 0x00000000a2f00000|100%| O|  |TAMS 0x00000000a2f00000, 0x00000000a2f00000| Untracked 
|  35|0x00000000a2f00000, 0x00000000a3000000, 0x00000000a3000000|100%| O|  |TAMS 0x00000000a3000000, 0x00000000a3000000| Untracked 
|  36|0x00000000a3000000, 0x00000000a3100000, 0x00000000a3100000|100%| O|  |TAMS 0x00000000a3100000, 0x00000000a3100000| Untracked 
|  37|0x00000000a3100000, 0x00000000a3200000, 0x00000000a3200000|100%| O|  |TAMS 0x00000000a3200000, 0x00000000a3200000| Untracked 
|  38|0x00000000a3200000, 0x00000000a3300000, 0x00000000a3300000|100%| O|  |TAMS 0x00000000a3300000, 0x00000000a3300000| Untracked 
|  39|0x00000000a3300000, 0x00000000a3400000, 0x00000000a3400000|100%| O|  |TAMS 0x00000000a3400000, 0x00000000a3400000| Untracked 
|  40|0x00000000a3400000, 0x00000000a3500000, 0x00000000a3500000|100%| O|  |TAMS 0x00000000a3500000, 0x00000000a3500000| Untracked 
|  41|0x00000000a3500000, 0x00000000a3600000, 0x00000000a3600000|100%| O|  |TAMS 0x00000000a3600000, 0x00000000a3600000| Untracked 
|  42|0x00000000a3600000, 0x00000000a3700000, 0x00000000a3700000|100%| O|  |TAMS 0x00000000a3700000, 0x00000000a3700000| Untracked 
|  43|0x00000000a3700000, 0x00000000a3800000, 0x00000000a3800000|100%|HS|  |TAMS 0x00000000a3700000, 0x00000000a3800000| Complete 
|  44|0x00000000a3800000, 0x00000000a3900000, 0x00000000a3900000|100%| O|  |TAMS 0x00000000a3900000, 0x00000000a3900000| Untracked 
|  45|0x00000000a3900000, 0x00000000a3a00000, 0x00000000a3a00000|100%| O|  |TAMS 0x00000000a3a00000, 0x00000000a3a00000| Untracked 
|  46|0x00000000a3a00000, 0x00000000a3b00000, 0x00000000a3b00000|100%| O|  |TAMS 0x00000000a3b00000, 0x00000000a3b00000| Untracked 
|  47|0x00000000a3b00000, 0x00000000a3c00000, 0x00000000a3c00000|100%| O|  |TAMS 0x00000000a3c00000, 0x00000000a3c00000| Untracked 
|  48|0x00000000a3c00000, 0x00000000a3d00000, 0x00000000a3d00000|100%| O|  |TAMS 0x00000000a3d00000, 0x00000000a3d00000| Untracked 
|  49|0x00000000a3d00000, 0x00000000a3e00000, 0x00000000a3e00000|100%| O|  |TAMS 0x00000000a3e00000, 0x00000000a3e00000| Untracked 
|  50|0x00000000a3e00000, 0x00000000a3f00000, 0x00000000a3f00000|100%| O|  |TAMS 0x00000000a3f00000, 0x00000000a3f00000| Untracked 
|  51|0x00000000a3f00000, 0x00000000a4000000, 0x00000000a4000000|100%| O|  |TAMS 0x00000000a4000000, 0x00000000a4000000| Untracked 
|  52|0x00000000a4000000, 0x00000000a4100000, 0x00000000a4100000|100%| O|  |TAMS 0x00000000a4100000, 0x00000000a4100000| Untracked 
|  53|0x00000000a4100000, 0x00000000a4200000, 0x00000000a4200000|100%| O|  |TAMS 0x00000000a4200000, 0x00000000a4200000| Untracked 
|  54|0x00000000a4200000, 0x00000000a4300000, 0x00000000a4300000|100%| O|  |TAMS 0x00000000a4300000, 0x00000000a4300000| Untracked 
|  55|0x00000000a4300000, 0x00000000a4400000, 0x00000000a4400000|100%| O|  |TAMS 0x00000000a4400000, 0x00000000a4400000| Untracked 
|  56|0x00000000a4400000, 0x00000000a4500000, 0x00000000a4500000|100%| O|  |TAMS 0x00000000a4500000, 0x00000000a4500000| Untracked 
|  57|0x00000000a4500000, 0x00000000a4600000, 0x00000000a4600000|100%| O|  |TAMS 0x00000000a4600000, 0x00000000a4600000| Untracked 
|  58|0x00000000a4600000, 0x00000000a4700000, 0x00000000a4700000|100%| O|  |TAMS 0x00000000a4600000, 0x00000000a4700000| Untracked 
|  59|0x00000000a4700000, 0x00000000a4800000, 0x00000000a4800000|100%| O|  |TAMS 0x00000000a4800000, 0x00000000a4800000| Untracked 
|  60|0x00000000a4800000, 0x00000000a4900000, 0x00000000a4900000|100%| O|  |TAMS 0x00000000a4900000, 0x00000000a4900000| Untracked 
|  61|0x00000000a4900000, 0x00000000a4a00000, 0x00000000a4a00000|100%| O|  |TAMS 0x00000000a4a00000, 0x00000000a4a00000| Untracked 
|  62|0x00000000a4a00000, 0x00000000a4b00000, 0x00000000a4b00000|100%| O|  |TAMS 0x00000000a4b00000, 0x00000000a4b00000| Untracked 
|  63|0x00000000a4b00000, 0x00000000a4c00000, 0x00000000a4c00000|100%| O|  |TAMS 0x00000000a4c00000, 0x00000000a4c00000| Untracked 
|  64|0x00000000a4c00000, 0x00000000a4d00000, 0x00000000a4d00000|100%| O|  |TAMS 0x00000000a4d00000, 0x00000000a4d00000| Untracked 
|  65|0x00000000a4d00000, 0x00000000a4e00000, 0x00000000a4e00000|100%| O|  |TAMS 0x00000000a4e00000, 0x00000000a4e00000| Untracked 
|  66|0x00000000a4e00000, 0x00000000a4f00000, 0x00000000a4f00000|100%| O|  |TAMS 0x00000000a4f00000, 0x00000000a4f00000| Untracked 
|  67|0x00000000a4f00000, 0x00000000a5000000, 0x00000000a5000000|100%| O|  |TAMS 0x00000000a5000000, 0x00000000a5000000| Untracked 
|  68|0x00000000a5000000, 0x00000000a5100000, 0x00000000a5100000|100%| O|  |TAMS 0x00000000a5100000, 0x00000000a5100000| Untracked 
|  69|0x00000000a5100000, 0x00000000a5200000, 0x00000000a5200000|100%| O|  |TAMS 0x00000000a5200000, 0x00000000a5200000| Untracked 
|  70|0x00000000a5200000, 0x00000000a5300000, 0x00000000a5300000|100%| O|  |TAMS 0x00000000a5300000, 0x00000000a5300000| Untracked 
|  71|0x00000000a5300000, 0x00000000a5400000, 0x00000000a5400000|100%| O|  |TAMS 0x00000000a53a6a00, 0x00000000a5400000| Untracked 
|  72|0x00000000a5400000, 0x00000000a5500000, 0x00000000a5500000|100%| O|  |TAMS 0x00000000a5400000, 0x00000000a5500000| Untracked 
|  73|0x00000000a5500000, 0x00000000a5600000, 0x00000000a5600000|100%| O|  |TAMS 0x00000000a5500000, 0x00000000a5600000| Untracked 
|  74|0x00000000a5600000, 0x00000000a5700000, 0x00000000a5700000|100%| O|  |TAMS 0x00000000a5600000, 0x00000000a5700000| Untracked 
|  75|0x00000000a5700000, 0x00000000a5800000, 0x00000000a5800000|100%| O|  |TAMS 0x00000000a5700000, 0x00000000a5800000| Untracked 
|  76|0x00000000a5800000, 0x00000000a5900000, 0x00000000a5900000|100%| O|  |TAMS 0x00000000a5800000, 0x00000000a5900000| Untracked 
|  77|0x00000000a5900000, 0x00000000a5a00000, 0x00000000a5a00000|100%| O|  |TAMS 0x00000000a5900000, 0x00000000a5a00000| Untracked 
|  78|0x00000000a5a00000, 0x00000000a5b00000, 0x00000000a5b00000|100%| O|  |TAMS 0x00000000a5a00000, 0x00000000a5b00000| Untracked 
|  79|0x00000000a5b00000, 0x00000000a5c00000, 0x00000000a5c00000|100%| O|  |TAMS 0x00000000a5b00000, 0x00000000a5c00000| Untracked 
|  80|0x00000000a5c00000, 0x00000000a5d00000, 0x00000000a5d00000|100%| O|  |TAMS 0x00000000a5c00000, 0x00000000a5d00000| Untracked 
|  81|0x00000000a5d00000, 0x00000000a5e00000, 0x00000000a5e00000|100%| O|  |TAMS 0x00000000a5d00000, 0x00000000a5e00000| Untracked 
|  82|0x00000000a5e00000, 0x00000000a5f00000, 0x00000000a5f00000|100%| O|  |TAMS 0x00000000a5e00000, 0x00000000a5f00000| Untracked 
|  83|0x00000000a5f00000, 0x00000000a6000000, 0x00000000a6000000|100%| O|  |TAMS 0x00000000a5f00000, 0x00000000a6000000| Untracked 
|  84|0x00000000a6000000, 0x00000000a6100000, 0x00000000a6100000|100%| O|  |TAMS 0x00000000a6000000, 0x00000000a6100000| Untracked 
|  85|0x00000000a6100000, 0x00000000a6200000, 0x00000000a6200000|100%| O|  |TAMS 0x00000000a6100000, 0x00000000a6200000| Untracked 
|  86|0x00000000a6200000, 0x00000000a6300000, 0x00000000a6300000|100%| O|  |TAMS 0x00000000a6200000, 0x00000000a6300000| Untracked 
|  87|0x00000000a6300000, 0x00000000a6400000, 0x00000000a6400000|100%| O|  |TAMS 0x00000000a6300000, 0x00000000a6400000| Untracked 
|  88|0x00000000a6400000, 0x00000000a6500000, 0x00000000a6500000|100%| O|  |TAMS 0x00000000a6400000, 0x00000000a6500000| Untracked 
|  89|0x00000000a6500000, 0x00000000a6600000, 0x00000000a6600000|100%| O|  |TAMS 0x00000000a6500000, 0x00000000a6600000| Untracked 
|  90|0x00000000a6600000, 0x00000000a6700000, 0x00000000a6700000|100%| O|  |TAMS 0x00000000a6600000, 0x00000000a6700000| Untracked 
|  91|0x00000000a6700000, 0x00000000a6800000, 0x00000000a6800000|100%| O|  |TAMS 0x00000000a6700000, 0x00000000a6800000| Untracked 
|  92|0x00000000a6800000, 0x00000000a6900000, 0x00000000a6900000|100%| O|  |TAMS 0x00000000a6800000, 0x00000000a6900000| Untracked 
|  93|0x00000000a6900000, 0x00000000a6a00000, 0x00000000a6a00000|100%| O|  |TAMS 0x00000000a6900000, 0x00000000a6a00000| Untracked 
|  94|0x00000000a6a00000, 0x00000000a6b00000, 0x00000000a6b00000|100%| O|  |TAMS 0x00000000a6a00000, 0x00000000a6b00000| Untracked 
|  95|0x00000000a6b00000, 0x00000000a6c00000, 0x00000000a6c00000|100%| O|  |TAMS 0x00000000a6b00000, 0x00000000a6c00000| Untracked 
|  96|0x00000000a6c00000, 0x00000000a6d00000, 0x00000000a6d00000|100%| O|  |TAMS 0x00000000a6c00000, 0x00000000a6d00000| Untracked 
|  97|0x00000000a6d00000, 0x00000000a6e00000, 0x00000000a6e00000|100%| O|  |TAMS 0x00000000a6d00000, 0x00000000a6e00000| Untracked 
|  98|0x00000000a6e00000, 0x00000000a6f00000, 0x00000000a6f00000|100%| O|  |TAMS 0x00000000a6e00000, 0x00000000a6f00000| Untracked 
|  99|0x00000000a6f00000, 0x00000000a7000000, 0x00000000a7000000|100%| O|  |TAMS 0x00000000a6f00000, 0x00000000a7000000| Untracked 
| 100|0x00000000a7000000, 0x00000000a7100000, 0x00000000a7100000|100%| O|  |TAMS 0x00000000a7000000, 0x00000000a7100000| Untracked 
| 101|0x00000000a7100000, 0x00000000a7200000, 0x00000000a7200000|100%|HS|  |TAMS 0x00000000a7100000, 0x00000000a7200000| Complete 
| 102|0x00000000a7200000, 0x00000000a7300000, 0x00000000a7300000|100%|HC|  |TAMS 0x00000000a7200000, 0x00000000a7300000| Complete 
| 103|0x00000000a7300000, 0x00000000a7400000, 0x00000000a7400000|100%| O|  |TAMS 0x00000000a7300000, 0x00000000a7400000| Untracked 
| 104|0x00000000a7400000, 0x00000000a7500000, 0x00000000a7500000|100%| O|  |TAMS 0x00000000a7400000, 0x00000000a7500000| Untracked 
| 105|0x00000000a7500000, 0x00000000a7600000, 0x00000000a7600000|100%| O|  |TAMS 0x00000000a7500000, 0x00000000a7600000| Untracked 
| 106|0x00000000a7600000, 0x00000000a7700000, 0x00000000a7700000|100%| O|  |TAMS 0x00000000a7600000, 0x00000000a7700000| Untracked 
| 107|0x00000000a7700000, 0x00000000a7800000, 0x00000000a7800000|100%| O|  |TAMS 0x00000000a7700000, 0x00000000a7800000| Untracked 
| 108|0x00000000a7800000, 0x00000000a7900000, 0x00000000a7900000|100%| O|  |TAMS 0x00000000a7800000, 0x00000000a7900000| Untracked 
| 109|0x00000000a7900000, 0x00000000a7a00000, 0x00000000a7a00000|100%| O|  |TAMS 0x00000000a7900000, 0x00000000a7a00000| Untracked 
| 110|0x00000000a7a00000, 0x00000000a7b00000, 0x00000000a7b00000|100%| O|  |TAMS 0x00000000a7a00000, 0x00000000a7b00000| Untracked 
| 111|0x00000000a7b00000, 0x00000000a7c00000, 0x00000000a7c00000|100%| O|  |TAMS 0x00000000a7b00000, 0x00000000a7c00000| Untracked 
| 112|0x00000000a7c00000, 0x00000000a7d00000, 0x00000000a7d00000|100%| O|  |TAMS 0x00000000a7c00000, 0x00000000a7d00000| Untracked 
| 113|0x00000000a7d00000, 0x00000000a7e00000, 0x00000000a7e00000|100%| O|  |TAMS 0x00000000a7d00000, 0x00000000a7e00000| Untracked 
| 114|0x00000000a7e00000, 0x00000000a7f00000, 0x00000000a7f00000|100%| O|  |TAMS 0x00000000a7e00000, 0x00000000a7f00000| Untracked 
| 115|0x00000000a7f00000, 0x00000000a8000000, 0x00000000a8000000|100%| O|  |TAMS 0x00000000a7f00000, 0x00000000a8000000| Untracked 
| 116|0x00000000a8000000, 0x00000000a8100000, 0x00000000a8100000|100%| O|  |TAMS 0x00000000a8000000, 0x00000000a8100000| Untracked 
| 117|0x00000000a8100000, 0x00000000a8200000, 0x00000000a8200000|100%|HS|  |TAMS 0x00000000a8100000, 0x00000000a8200000| Complete 
| 118|0x00000000a8200000, 0x00000000a8300000, 0x00000000a8300000|100%|HC|  |TAMS 0x00000000a8200000, 0x00000000a8300000| Complete 
| 119|0x00000000a8300000, 0x00000000a8400000, 0x00000000a8400000|100%|HC|  |TAMS 0x00000000a8300000, 0x00000000a8400000| Complete 
| 120|0x00000000a8400000, 0x00000000a8500000, 0x00000000a8500000|100%| O|  |TAMS 0x00000000a8400000, 0x00000000a8500000| Untracked 
| 121|0x00000000a8500000, 0x00000000a8600000, 0x00000000a8600000|100%| O|  |TAMS 0x00000000a8500000, 0x00000000a8600000| Untracked 
| 122|0x00000000a8600000, 0x00000000a8700000, 0x00000000a8700000|100%| O|  |TAMS 0x00000000a8600000, 0x00000000a8700000| Untracked 
| 123|0x00000000a8700000, 0x00000000a8800000, 0x00000000a8800000|100%| O|  |TAMS 0x00000000a8700000, 0x00000000a8800000| Untracked 
| 124|0x00000000a8800000, 0x00000000a8900000, 0x00000000a8900000|100%| O|  |TAMS 0x00000000a8800000, 0x00000000a8900000| Untracked 
| 125|0x00000000a8900000, 0x00000000a8a00000, 0x00000000a8a00000|100%| O|  |TAMS 0x00000000a8900000, 0x00000000a8a00000| Untracked 
| 126|0x00000000a8a00000, 0x00000000a8b00000, 0x00000000a8b00000|100%| O|  |TAMS 0x00000000a8a00000, 0x00000000a8b00000| Untracked 
| 127|0x00000000a8b00000, 0x00000000a8c00000, 0x00000000a8c00000|100%| O|  |TAMS 0x00000000a8b00000, 0x00000000a8c00000| Untracked 
| 128|0x00000000a8c00000, 0x00000000a8d00000, 0x00000000a8d00000|100%| O|  |TAMS 0x00000000a8c00000, 0x00000000a8d00000| Untracked 
| 129|0x00000000a8d00000, 0x00000000a8e00000, 0x00000000a8e00000|100%| O|  |TAMS 0x00000000a8d00000, 0x00000000a8e00000| Untracked 
| 130|0x00000000a8e00000, 0x00000000a8f00000, 0x00000000a8f00000|100%| O|  |TAMS 0x00000000a8e00000, 0x00000000a8f00000| Untracked 
| 131|0x00000000a8f00000, 0x00000000a9000000, 0x00000000a9000000|100%| O|  |TAMS 0x00000000a8f00000, 0x00000000a9000000| Untracked 
| 132|0x00000000a9000000, 0x00000000a9100000, 0x00000000a9100000|100%| O|  |TAMS 0x00000000a9000000, 0x00000000a9100000| Untracked 
| 133|0x00000000a9100000, 0x00000000a9200000, 0x00000000a9200000|100%| O|  |TAMS 0x00000000a9100000, 0x00000000a9200000| Untracked 
| 134|0x00000000a9200000, 0x00000000a9300000, 0x00000000a9300000|100%| O|  |TAMS 0x00000000a9200000, 0x00000000a9300000| Untracked 
| 135|0x00000000a9300000, 0x00000000a9400000, 0x00000000a9400000|100%| O|  |TAMS 0x00000000a9300000, 0x00000000a9400000| Untracked 
| 136|0x00000000a9400000, 0x00000000a9500000, 0x00000000a9500000|100%| O|  |TAMS 0x00000000a9400000, 0x00000000a9500000| Untracked 
| 137|0x00000000a9500000, 0x00000000a9600000, 0x00000000a9600000|100%| O|  |TAMS 0x00000000a9500000, 0x00000000a9600000| Untracked 
| 138|0x00000000a9600000, 0x00000000a9700000, 0x00000000a9700000|100%| O|  |TAMS 0x00000000a9600000, 0x00000000a9700000| Untracked 
| 139|0x00000000a9700000, 0x00000000a9800000, 0x00000000a9800000|100%| O|  |TAMS 0x00000000a9700000, 0x00000000a9800000| Untracked 
| 140|0x00000000a9800000, 0x00000000a9900000, 0x00000000a9900000|100%| O|  |TAMS 0x00000000a9800000, 0x00000000a9900000| Untracked 
| 141|0x00000000a9900000, 0x00000000a9a00000, 0x00000000a9a00000|100%| O|  |TAMS 0x00000000a9900000, 0x00000000a9a00000| Untracked 
| 142|0x00000000a9a00000, 0x00000000a9b00000, 0x00000000a9b00000|100%| O|  |TAMS 0x00000000a9a00000, 0x00000000a9a00000| Untracked 
| 143|0x00000000a9b00000, 0x00000000a9c00000, 0x00000000a9c00000|100%| O|  |TAMS 0x00000000a9b00000, 0x00000000a9b00000| Untracked 
| 144|0x00000000a9c00000, 0x00000000a9d00000, 0x00000000a9d00000|100%| O|  |TAMS 0x00000000a9c00000, 0x00000000a9c00000| Untracked 
| 145|0x00000000a9d00000, 0x00000000a9e00000, 0x00000000a9e00000|100%| O|  |TAMS 0x00000000a9d00000, 0x00000000a9d00000| Untracked 
| 146|0x00000000a9e00000, 0x00000000a9f00000, 0x00000000a9f00000|100%| O|  |TAMS 0x00000000a9e00000, 0x00000000a9e00000| Untracked 
| 147|0x00000000a9f00000, 0x00000000aa000000, 0x00000000aa000000|100%| O|  |TAMS 0x00000000a9f00000, 0x00000000a9f00000| Untracked 
| 148|0x00000000aa000000, 0x00000000aa100000, 0x00000000aa100000|100%| O|  |TAMS 0x00000000aa000000, 0x00000000aa000000| Untracked 
| 149|0x00000000aa100000, 0x00000000aa200000, 0x00000000aa200000|100%| O|  |TAMS 0x00000000aa100000, 0x00000000aa100000| Untracked 
| 150|0x00000000aa200000, 0x00000000aa300000, 0x00000000aa300000|100%| O|  |TAMS 0x00000000aa200000, 0x00000000aa200000| Untracked 
| 151|0x00000000aa300000, 0x00000000aa3f9e00, 0x00000000aa400000| 97%| O|  |TAMS 0x00000000aa300000, 0x00000000aa300000| Untracked 
| 152|0x00000000aa400000, 0x00000000aa400000, 0x00000000aa500000|  0%| F|  |TAMS 0x00000000aa400000, 0x00000000aa400000| Untracked 
| 153|0x00000000aa500000, 0x00000000aa500000, 0x00000000aa600000|  0%| F|  |TAMS 0x00000000aa500000, 0x00000000aa500000| Untracked 
| 154|0x00000000aa600000, 0x00000000aa600000, 0x00000000aa700000|  0%| F|  |TAMS 0x00000000aa600000, 0x00000000aa600000| Untracked 
| 155|0x00000000aa700000, 0x00000000aa700000, 0x00000000aa800000|  0%| F|  |TAMS 0x00000000aa700000, 0x00000000aa700000| Untracked 
| 156|0x00000000aa800000, 0x00000000aa800000, 0x00000000aa900000|  0%| F|  |TAMS 0x00000000aa800000, 0x00000000aa800000| Untracked 
| 157|0x00000000aa900000, 0x00000000aa900000, 0x00000000aaa00000|  0%| F|  |TAMS 0x00000000aa900000, 0x00000000aa900000| Untracked 
| 158|0x00000000aaa00000, 0x00000000aaa00000, 0x00000000aab00000|  0%| F|  |TAMS 0x00000000aaa00000, 0x00000000aaa00000| Untracked 
| 159|0x00000000aab00000, 0x00000000aab00000, 0x00000000aac00000|  0%| F|  |TAMS 0x00000000aab00000, 0x00000000aab00000| Untracked 
| 160|0x00000000aac00000, 0x00000000aac00000, 0x00000000aad00000|  0%| F|  |TAMS 0x00000000aac00000, 0x00000000aac00000| Untracked 
| 161|0x00000000aad00000, 0x00000000aad00000, 0x00000000aae00000|  0%| F|  |TAMS 0x00000000aad00000, 0x00000000aad00000| Untracked 
| 162|0x00000000aae00000, 0x00000000aae00000, 0x00000000aaf00000|  0%| F|  |TAMS 0x00000000aae00000, 0x00000000aae00000| Untracked 
| 163|0x00000000aaf00000, 0x00000000aaf00000, 0x00000000ab000000|  0%| F|  |TAMS 0x00000000aaf00000, 0x00000000aaf00000| Untracked 
| 164|0x00000000ab000000, 0x00000000ab000000, 0x00000000ab100000|  0%| F|  |TAMS 0x00000000ab000000, 0x00000000ab000000| Untracked 
| 165|0x00000000ab100000, 0x00000000ab100000, 0x00000000ab200000|  0%| F|  |TAMS 0x00000000ab100000, 0x00000000ab100000| Untracked 
| 166|0x00000000ab200000, 0x00000000ab200000, 0x00000000ab300000|  0%| F|  |TAMS 0x00000000ab200000, 0x00000000ab200000| Untracked 
| 167|0x00000000ab300000, 0x00000000ab300000, 0x00000000ab400000|  0%| F|  |TAMS 0x00000000ab300000, 0x00000000ab300000| Untracked 
| 168|0x00000000ab400000, 0x00000000ab400000, 0x00000000ab500000|  0%| F|  |TAMS 0x00000000ab400000, 0x00000000ab400000| Untracked 
| 169|0x00000000ab500000, 0x00000000ab500000, 0x00000000ab600000|  0%| F|  |TAMS 0x00000000ab500000, 0x00000000ab500000| Untracked 
| 170|0x00000000ab600000, 0x00000000ab600000, 0x00000000ab700000|  0%| F|  |TAMS 0x00000000ab600000, 0x00000000ab600000| Untracked 
| 171|0x00000000ab700000, 0x00000000ab700000, 0x00000000ab800000|  0%| F|  |TAMS 0x00000000ab700000, 0x00000000ab700000| Untracked 
| 172|0x00000000ab800000, 0x00000000ab800000, 0x00000000ab900000|  0%| F|  |TAMS 0x00000000ab800000, 0x00000000ab800000| Untracked 
| 173|0x00000000ab900000, 0x00000000ab900000, 0x00000000aba00000|  0%| F|  |TAMS 0x00000000ab900000, 0x00000000ab900000| Untracked 
| 174|0x00000000aba00000, 0x00000000aba00000, 0x00000000abb00000|  0%| F|  |TAMS 0x00000000aba00000, 0x00000000aba00000| Untracked 
| 175|0x00000000abb00000, 0x00000000abb00000, 0x00000000abc00000|  0%| F|  |TAMS 0x00000000abb00000, 0x00000000abb00000| Untracked 
| 176|0x00000000abc00000, 0x00000000abc00000, 0x00000000abd00000|  0%| F|  |TAMS 0x00000000abc00000, 0x00000000abc00000| Untracked 
| 177|0x00000000abd00000, 0x00000000abd00000, 0x00000000abe00000|  0%| F|  |TAMS 0x00000000abd00000, 0x00000000abd00000| Untracked 
| 178|0x00000000abe00000, 0x00000000abe00000, 0x00000000abf00000|  0%| F|  |TAMS 0x00000000abe00000, 0x00000000abe00000| Untracked 
| 179|0x00000000abf00000, 0x00000000abf00000, 0x00000000ac000000|  0%| F|  |TAMS 0x00000000abf00000, 0x00000000abf00000| Untracked 
| 180|0x00000000ac000000, 0x00000000ac000000, 0x00000000ac100000|  0%| F|  |TAMS 0x00000000ac000000, 0x00000000ac000000| Untracked 
| 181|0x00000000ac100000, 0x00000000ac100000, 0x00000000ac200000|  0%| F|  |TAMS 0x00000000ac100000, 0x00000000ac100000| Untracked 
| 182|0x00000000ac200000, 0x00000000ac200000, 0x00000000ac300000|  0%| F|  |TAMS 0x00000000ac200000, 0x00000000ac200000| Untracked 
| 183|0x00000000ac300000, 0x00000000ac300000, 0x00000000ac400000|  0%| F|  |TAMS 0x00000000ac300000, 0x00000000ac300000| Untracked 
| 184|0x00000000ac400000, 0x00000000ac400000, 0x00000000ac500000|  0%| F|  |TAMS 0x00000000ac400000, 0x00000000ac400000| Untracked 
| 185|0x00000000ac500000, 0x00000000ac500000, 0x00000000ac600000|  0%| F|  |TAMS 0x00000000ac500000, 0x00000000ac500000| Untracked 
| 186|0x00000000ac600000, 0x00000000ac600000, 0x00000000ac700000|  0%| F|  |TAMS 0x00000000ac600000, 0x00000000ac600000| Untracked 
| 187|0x00000000ac700000, 0x00000000ac700000, 0x00000000ac800000|  0%| F|  |TAMS 0x00000000ac700000, 0x00000000ac700000| Untracked 
| 188|0x00000000ac800000, 0x00000000ac800000, 0x00000000ac900000|  0%| F|  |TAMS 0x00000000ac800000, 0x00000000ac800000| Untracked 
| 189|0x00000000ac900000, 0x00000000ac900000, 0x00000000aca00000|  0%| F|  |TAMS 0x00000000ac900000, 0x00000000ac900000| Untracked 
| 190|0x00000000aca00000, 0x00000000aca00000, 0x00000000acb00000|  0%| F|  |TAMS 0x00000000aca00000, 0x00000000aca00000| Untracked 
| 191|0x00000000acb00000, 0x00000000acb00000, 0x00000000acc00000|  0%| F|  |TAMS 0x00000000acb00000, 0x00000000acb00000| Untracked 
| 192|0x00000000acc00000, 0x00000000acc00000, 0x00000000acd00000|  0%| F|  |TAMS 0x00000000acc00000, 0x00000000acc00000| Untracked 
| 193|0x00000000acd00000, 0x00000000acd00000, 0x00000000ace00000|  0%| F|  |TAMS 0x00000000acd00000, 0x00000000acd00000| Untracked 
| 194|0x00000000ace00000, 0x00000000ace00000, 0x00000000acf00000|  0%| F|  |TAMS 0x00000000ace00000, 0x00000000ace00000| Untracked 
| 195|0x00000000acf00000, 0x00000000acf00000, 0x00000000ad000000|  0%| F|  |TAMS 0x00000000acf00000, 0x00000000acf00000| Untracked 
| 196|0x00000000ad000000, 0x00000000ad000000, 0x00000000ad100000|  0%| F|  |TAMS 0x00000000ad000000, 0x00000000ad000000| Untracked 
| 197|0x00000000ad100000, 0x00000000ad100000, 0x00000000ad200000|  0%| F|  |TAMS 0x00000000ad100000, 0x00000000ad100000| Untracked 
| 198|0x00000000ad200000, 0x00000000ad200000, 0x00000000ad300000|  0%| F|  |TAMS 0x00000000ad200000, 0x00000000ad200000| Untracked 
| 199|0x00000000ad300000, 0x00000000ad300000, 0x00000000ad400000|  0%| F|  |TAMS 0x00000000ad300000, 0x00000000ad300000| Untracked 
| 200|0x00000000ad400000, 0x00000000ad400000, 0x00000000ad500000|  0%| F|  |TAMS 0x00000000ad400000, 0x00000000ad400000| Untracked 
| 201|0x00000000ad500000, 0x00000000ad500000, 0x00000000ad600000|  0%| F|  |TAMS 0x00000000ad500000, 0x00000000ad500000| Untracked 
| 202|0x00000000ad600000, 0x00000000ad600000, 0x00000000ad700000|  0%| F|  |TAMS 0x00000000ad600000, 0x00000000ad600000| Untracked 
| 203|0x00000000ad700000, 0x00000000ad700000, 0x00000000ad800000|  0%| F|  |TAMS 0x00000000ad700000, 0x00000000ad700000| Untracked 
| 204|0x00000000ad800000, 0x00000000ad800000, 0x00000000ad900000|  0%| F|  |TAMS 0x00000000ad800000, 0x00000000ad800000| Untracked 
| 205|0x00000000ad900000, 0x00000000ad900000, 0x00000000ada00000|  0%| F|  |TAMS 0x00000000ad900000, 0x00000000ad900000| Untracked 
| 206|0x00000000ada00000, 0x00000000ada00000, 0x00000000adb00000|  0%| F|  |TAMS 0x00000000ada00000, 0x00000000ada00000| Untracked 
| 207|0x00000000adb00000, 0x00000000adb00000, 0x00000000adc00000|  0%| F|  |TAMS 0x00000000adb00000, 0x00000000adb00000| Untracked 
| 208|0x00000000adc00000, 0x00000000adc00000, 0x00000000add00000|  0%| F|  |TAMS 0x00000000adc00000, 0x00000000adc00000| Untracked 
| 209|0x00000000add00000, 0x00000000add00000, 0x00000000ade00000|  0%| F|  |TAMS 0x00000000add00000, 0x00000000add00000| Untracked 
| 210|0x00000000ade00000, 0x00000000ade00000, 0x00000000adf00000|  0%| F|  |TAMS 0x00000000ade00000, 0x00000000ade00000| Untracked 
| 211|0x00000000adf00000, 0x00000000adf00000, 0x00000000ae000000|  0%| F|  |TAMS 0x00000000adf00000, 0x00000000adf00000| Untracked 
| 212|0x00000000ae000000, 0x00000000ae000000, 0x00000000ae100000|  0%| F|  |TAMS 0x00000000ae000000, 0x00000000ae000000| Untracked 
| 213|0x00000000ae100000, 0x00000000ae100000, 0x00000000ae200000|  0%| F|  |TAMS 0x00000000ae100000, 0x00000000ae100000| Untracked 
| 214|0x00000000ae200000, 0x00000000ae200000, 0x00000000ae300000|  0%| F|  |TAMS 0x00000000ae200000, 0x00000000ae200000| Untracked 
| 215|0x00000000ae300000, 0x00000000ae300000, 0x00000000ae400000|  0%| F|  |TAMS 0x00000000ae300000, 0x00000000ae300000| Untracked 
| 216|0x00000000ae400000, 0x00000000ae400000, 0x00000000ae500000|  0%| F|  |TAMS 0x00000000ae400000, 0x00000000ae400000| Untracked 
| 217|0x00000000ae500000, 0x00000000ae5c9708, 0x00000000ae600000| 78%| S|CS|TAMS 0x00000000ae500000, 0x00000000ae500000| Complete 
| 218|0x00000000ae600000, 0x00000000ae700000, 0x00000000ae700000|100%| S|CS|TAMS 0x00000000ae600000, 0x00000000ae600000| Complete 
| 219|0x00000000ae700000, 0x00000000ae800000, 0x00000000ae800000|100%| S|CS|TAMS 0x00000000ae700000, 0x00000000ae700000| Complete 
| 220|0x00000000ae800000, 0x00000000ae900000, 0x00000000ae900000|100%| S|CS|TAMS 0x00000000ae800000, 0x00000000ae800000| Complete 
| 221|0x00000000ae900000, 0x00000000aea00000, 0x00000000aea00000|100%| S|CS|TAMS 0x00000000ae900000, 0x00000000ae900000| Complete 
| 222|0x00000000aea00000, 0x00000000aea00000, 0x00000000aeb00000|  0%| F|  |TAMS 0x00000000aea00000, 0x00000000aea00000| Untracked 
| 223|0x00000000aeb00000, 0x00000000aeb00000, 0x00000000aec00000|  0%| F|  |TAMS 0x00000000aeb00000, 0x00000000aeb00000| Untracked 
| 224|0x00000000aec00000, 0x00000000aec00000, 0x00000000aed00000|  0%| F|  |TAMS 0x00000000aec00000, 0x00000000aec00000| Untracked 
| 225|0x00000000aed00000, 0x00000000aed00000, 0x00000000aee00000|  0%| F|  |TAMS 0x00000000aed00000, 0x00000000aed00000| Untracked 
| 226|0x00000000aee00000, 0x00000000aee00000, 0x00000000aef00000|  0%| F|  |TAMS 0x00000000aee00000, 0x00000000aee00000| Untracked 
| 227|0x00000000aef00000, 0x00000000aef00000, 0x00000000af000000|  0%| F|  |TAMS 0x00000000aef00000, 0x00000000aef00000| Untracked 
| 228|0x00000000af000000, 0x00000000af000000, 0x00000000af100000|  0%| F|  |TAMS 0x00000000af000000, 0x00000000af000000| Untracked 
| 229|0x00000000af100000, 0x00000000af100000, 0x00000000af200000|  0%| F|  |TAMS 0x00000000af100000, 0x00000000af100000| Untracked 
| 230|0x00000000af200000, 0x00000000af200000, 0x00000000af300000|  0%| F|  |TAMS 0x00000000af200000, 0x00000000af200000| Untracked 
| 231|0x00000000af300000, 0x00000000af300000, 0x00000000af400000|  0%| F|  |TAMS 0x00000000af300000, 0x00000000af300000| Untracked 
| 232|0x00000000af400000, 0x00000000af400000, 0x00000000af500000|  0%| F|  |TAMS 0x00000000af400000, 0x00000000af400000| Untracked 
| 233|0x00000000af500000, 0x00000000af500000, 0x00000000af600000|  0%| F|  |TAMS 0x00000000af500000, 0x00000000af500000| Untracked 
| 234|0x00000000af600000, 0x00000000af600000, 0x00000000af700000|  0%| F|  |TAMS 0x00000000af600000, 0x00000000af600000| Untracked 
| 235|0x00000000af700000, 0x00000000af700000, 0x00000000af800000|  0%| F|  |TAMS 0x00000000af700000, 0x00000000af700000| Untracked 
| 236|0x00000000af800000, 0x00000000af800000, 0x00000000af900000|  0%| F|  |TAMS 0x00000000af800000, 0x00000000af800000| Untracked 
| 237|0x00000000af900000, 0x00000000af900000, 0x00000000afa00000|  0%| F|  |TAMS 0x00000000af900000, 0x00000000af900000| Untracked 
| 238|0x00000000afa00000, 0x00000000afa00000, 0x00000000afb00000|  0%| F|  |TAMS 0x00000000afa00000, 0x00000000afa00000| Untracked 
| 239|0x00000000afb00000, 0x00000000afb00000, 0x00000000afc00000|  0%| F|  |TAMS 0x00000000afb00000, 0x00000000afb00000| Untracked 
| 240|0x00000000afc00000, 0x00000000afc00000, 0x00000000afd00000|  0%| F|  |TAMS 0x00000000afc00000, 0x00000000afc00000| Untracked 
| 241|0x00000000afd00000, 0x00000000afd00000, 0x00000000afe00000|  0%| F|  |TAMS 0x00000000afd00000, 0x00000000afd00000| Untracked 
| 242|0x00000000afe00000, 0x00000000afe00000, 0x00000000aff00000|  0%| F|  |TAMS 0x00000000afe00000, 0x00000000afe00000| Untracked 
| 243|0x00000000aff00000, 0x00000000aff00000, 0x00000000b0000000|  0%| F|  |TAMS 0x00000000aff00000, 0x00000000aff00000| Untracked 
| 244|0x00000000b0000000, 0x00000000b0000000, 0x00000000b0100000|  0%| F|  |TAMS 0x00000000b0000000, 0x00000000b0000000| Untracked 
| 245|0x00000000b0100000, 0x00000000b0100000, 0x00000000b0200000|  0%| F|  |TAMS 0x00000000b0100000, 0x00000000b0100000| Untracked 
| 246|0x00000000b0200000, 0x00000000b0200000, 0x00000000b0300000|  0%| F|  |TAMS 0x00000000b0200000, 0x00000000b0200000| Untracked 
| 247|0x00000000b0300000, 0x00000000b0300000, 0x00000000b0400000|  0%| F|  |TAMS 0x00000000b0300000, 0x00000000b0300000| Untracked 
| 248|0x00000000b0400000, 0x00000000b0400000, 0x00000000b0500000|  0%| F|  |TAMS 0x00000000b0400000, 0x00000000b0400000| Untracked 
| 249|0x00000000b0500000, 0x00000000b0500000, 0x00000000b0600000|  0%| F|  |TAMS 0x00000000b0500000, 0x00000000b0500000| Untracked 
| 250|0x00000000b0600000, 0x00000000b0600000, 0x00000000b0700000|  0%| F|  |TAMS 0x00000000b0600000, 0x00000000b0600000| Untracked 
| 251|0x00000000b0700000, 0x00000000b0700000, 0x00000000b0800000|  0%| F|  |TAMS 0x00000000b0700000, 0x00000000b0700000| Untracked 
| 252|0x00000000b0800000, 0x00000000b0800000, 0x00000000b0900000|  0%| F|  |TAMS 0x00000000b0800000, 0x00000000b0800000| Untracked 
| 253|0x00000000b0900000, 0x00000000b0900000, 0x00000000b0a00000|  0%| F|  |TAMS 0x00000000b0900000, 0x00000000b0900000| Untracked 
| 254|0x00000000b0a00000, 0x00000000b0a00000, 0x00000000b0b00000|  0%| F|  |TAMS 0x00000000b0a00000, 0x00000000b0a00000| Untracked 
| 255|0x00000000b0b00000, 0x00000000b0b00000, 0x00000000b0c00000|  0%| F|  |TAMS 0x00000000b0b00000, 0x00000000b0b00000| Untracked 
| 256|0x00000000b0c00000, 0x00000000b0c00000, 0x00000000b0d00000|  0%| F|  |TAMS 0x00000000b0c00000, 0x00000000b0c00000| Untracked 
| 257|0x00000000b0d00000, 0x00000000b0d00000, 0x00000000b0e00000|  0%| F|  |TAMS 0x00000000b0d00000, 0x00000000b0d00000| Untracked 
| 258|0x00000000b0e00000, 0x00000000b0e00000, 0x00000000b0f00000|  0%| F|  |TAMS 0x00000000b0e00000, 0x00000000b0e00000| Untracked 
| 259|0x00000000b0f00000, 0x00000000b0f00000, 0x00000000b1000000|  0%| F|  |TAMS 0x00000000b0f00000, 0x00000000b0f00000| Untracked 
| 260|0x00000000b1000000, 0x00000000b1000000, 0x00000000b1100000|  0%| F|  |TAMS 0x00000000b1000000, 0x00000000b1000000| Untracked 
| 261|0x00000000b1100000, 0x00000000b1100000, 0x00000000b1200000|  0%| F|  |TAMS 0x00000000b1100000, 0x00000000b1100000| Untracked 
| 262|0x00000000b1200000, 0x00000000b1200000, 0x00000000b1300000|  0%| F|  |TAMS 0x00000000b1200000, 0x00000000b1200000| Untracked 
| 263|0x00000000b1300000, 0x00000000b1300000, 0x00000000b1400000|  0%| F|  |TAMS 0x00000000b1300000, 0x00000000b1300000| Untracked 
| 264|0x00000000b1400000, 0x00000000b1400000, 0x00000000b1500000|  0%| F|  |TAMS 0x00000000b1400000, 0x00000000b1400000| Untracked 
| 265|0x00000000b1500000, 0x00000000b1500000, 0x00000000b1600000|  0%| F|  |TAMS 0x00000000b1500000, 0x00000000b1500000| Untracked 
| 266|0x00000000b1600000, 0x00000000b1600000, 0x00000000b1700000|  0%| F|  |TAMS 0x00000000b1600000, 0x00000000b1600000| Untracked 
| 267|0x00000000b1700000, 0x00000000b1700000, 0x00000000b1800000|  0%| F|  |TAMS 0x00000000b1700000, 0x00000000b1700000| Untracked 
| 268|0x00000000b1800000, 0x00000000b1800000, 0x00000000b1900000|  0%| F|  |TAMS 0x00000000b1800000, 0x00000000b1800000| Untracked 
| 269|0x00000000b1900000, 0x00000000b1900000, 0x00000000b1a00000|  0%| F|  |TAMS 0x00000000b1900000, 0x00000000b1900000| Untracked 
| 270|0x00000000b1a00000, 0x00000000b1a00000, 0x00000000b1b00000|  0%| F|  |TAMS 0x00000000b1a00000, 0x00000000b1a00000| Untracked 
| 271|0x00000000b1b00000, 0x00000000b1b00000, 0x00000000b1c00000|  0%| F|  |TAMS 0x00000000b1b00000, 0x00000000b1b00000| Untracked 
| 272|0x00000000b1c00000, 0x00000000b1c00000, 0x00000000b1d00000|  0%| F|  |TAMS 0x00000000b1c00000, 0x00000000b1c00000| Untracked 

Card table byte_map: [0x00000133a5c40000,0x00000133a5f40000] _byte_map_base: 0x00000133a573a000

Marking Bits (Prev, Next): (CMBitMap*) 0x000001339ad01cc0, (CMBitMap*) 0x000001339ad01c80
 Prev Bits: [0x00000133a7a10000, 0x00000133a91e0000)
 Next Bits: [0x00000133a6240000, 0x00000133a7a10000)

Polling page: 0x0000013398e70000

Metaspace:

Usage:
  Non-class:     55.54 MB used.
      Class:      9.82 MB used.
       Both:     65.36 MB used.

Virtual space:
  Non-class space:       64.00 MB reserved,      55.88 MB ( 87%) committed,  1 nodes.
      Class space:        1.00 GB reserved,      10.12 MB ( <1%) committed,  1 nodes.
             Both:        1.06 GB reserved,      66.00 MB (  6%) committed. 

Chunk freelists:
   Non-Class:  8.05 MB
       Class:  5.79 MB
        Both:  13.83 MB

MaxMetaspaceSize: unlimited
CompressedClassSpaceSize: 1.00 GB
Initial GC threshold: 21.00 MB
Current GC threshold: 109.94 MB
CDS: on
MetaspaceReclaimPolicy: balanced
 - commit_granule_bytes: 65536.
 - commit_granule_words: 8192.
 - virtual_space_node_default_size: 8388608.
 - enlarge_chunks_in_place: 1.
 - new_chunks_are_fully_committed: 0.
 - uncommit_free_chunks: 1.
 - use_allocation_guard: 0.
 - handle_deallocations: 1.


Internal statistics:

num_allocs_failed_limit: 9.
num_arena_births: 854.
num_arena_deaths: 0.
num_vsnodes_births: 2.
num_vsnodes_deaths: 0.
num_space_committed: 1056.
num_space_uncommitted: 0.
num_chunks_returned_to_freelist: 9.
num_chunks_taken_from_freelist: 3390.
num_chunk_merges: 9.
num_chunk_splits: 2478.
num_chunks_enlarged: 1978.
num_inconsistent_stats: 0.

CodeCache: size=49152Kb used=12708Kb max_used=13775Kb free=36444Kb
 bounds [0x00000133a2830000, 0x00000133a35b0000, 0x00000133a5830000]
 total_blobs=8197 nmethods=7534 adapters=588
 compilation: enabled
              stopped_count=0, restarted_count=0
 full_count=0

Compilation events (20 events):
Event: 14.275 Thread 0x00000133abc75610 7525       1       org.antlr.v4.runtime.DefaultErrorStrategy::endErrorCondition (16 bytes)
Event: 14.275 Thread 0x00000133abc75610 nmethod 7525 0x00000133a2ba0f10 code [0x00000133a2ba10a0, 0x00000133a2ba1198]
Event: 14.275 Thread 0x00000133abc75610 7526       1       org.antlr.v4.runtime.Parser::getInputStream (5 bytes)
Event: 14.275 Thread 0x00000133abc75610 nmethod 7526 0x00000133a2ba0c10 code [0x00000133a2ba0da0, 0x00000133a2ba0e78]
Event: 14.275 Thread 0x00000133abc75610 7527       1       org.antlr.v4.runtime.DefaultErrorStrategy::reportMatch (6 bytes)
Event: 14.275 Thread 0x00000133abc75610 nmethod 7527 0x00000133a2ba0910 code [0x00000133a2ba0aa0, 0x00000133a2ba0b98]
Event: 14.275 Thread 0x00000133abc75610 7528       1       org.antlr.v4.runtime.Parser::consume (214 bytes)
Event: 14.277 Thread 0x00000133abc75610 nmethod 7528 0x00000133a2b9f690 code [0x00000133a2b9f960, 0x00000133a2ba03a8]
Event: 14.277 Thread 0x00000133abc75610 7529       1       org.antlr.v4.runtime.DefaultErrorStrategy::inErrorRecoveryMode (5 bytes)
Event: 14.277 Thread 0x00000133abc75610 nmethod 7529 0x00000133a2b9f390 code [0x00000133a2b9f520, 0x00000133a2b9f5f8]
Event: 14.277 Thread 0x00000133abc75610 7530       1       org.antlr.v4.runtime.Parser::createTerminalNode (9 bytes)
Event: 14.277 Thread 0x00000133abc75610 nmethod 7530 0x00000133a2b9f010 code [0x00000133a2b9f1a0, 0x00000133a2b9f318]
Event: 14.277 Thread 0x00000133abc75610 7531       1       org.antlr.v4.runtime.tree.TerminalNodeImpl::<init> (10 bytes)
Event: 14.277 Thread 0x00000133abc75610 nmethod 7531 0x00000133a2b9ed10 code [0x00000133a2b9eea0, 0x00000133a2b9efb8]
Event: 14.277 Thread 0x00000133abc75610 7532       1       java.lang.invoke.LambdaForm$MH/0x00000133ad3a9400::reinvoke (24 bytes)
Event: 14.277 Thread 0x00000133abc75610 nmethod 7532 0x00000133a2b9e710 code [0x00000133a2b9e8e0, 0x00000133a2b9eb88]
Event: 14.277 Thread 0x00000133abc75610 7533       1       java.lang.invoke.MethodHandleImpl$CountingWrapper::maybeStopCounting (25 bytes)
Event: 14.277 Thread 0x00000133abc75610 nmethod 7533 0x00000133a2b9e290 code [0x00000133a2b9e440, 0x00000133a2b9e618]
Event: 14.277 Thread 0x00000133abc75610 7534       1       java.lang.invoke.MethodHandleImpl$CountingWrapper::countDown (42 bytes)
Event: 14.278 Thread 0x00000133abc75610 nmethod 7534 0x00000133a2b9de90 code [0x00000133a2b9e040, 0x00000133a2b9e1c8]

GC Heap History (20 events):
Event: 12.637 GC heap after
{Heap after GC invocations=18 (full 0):
 garbage-first heap   total 103424K, used 49414K [0x00000000a0c00000, 0x0000000100000000)
  region size 1024K, 5 young (5120K), 5 survivors (5120K)
 Metaspace       used 66879K, committed 67520K, reserved 1114112K
  class space    used 10038K, committed 10368K, reserved 1048576K
}
Event: 12.742 GC heap before
{Heap before GC invocations=18 (full 0):
 garbage-first heap   total 103424K, used 77062K [0x00000000a0c00000, 0x0000000100000000)
  region size 1024K, 31 young (31744K), 5 survivors (5120K)
 Metaspace       used 66879K, committed 67520K, reserved 1114112K
  class space    used 10038K, committed 10368K, reserved 1048576K
}
Event: 12.753 GC heap after
{Heap after GC invocations=19 (full 0):
 garbage-first heap   total 103424K, used 59168K [0x00000000a0c00000, 0x0000000100000000)
  region size 1024K, 4 young (4096K), 4 survivors (4096K)
 Metaspace       used 66879K, committed 67520K, reserved 1114112K
  class space    used 10038K, committed 10368K, reserved 1048576K
}
Event: 12.825 GC heap before
{Heap before GC invocations=19 (full 0):
 garbage-first heap   total 103424K, used 78624K [0x00000000a0c00000, 0x0000000100000000)
  region size 1024K, 23 young (23552K), 4 survivors (4096K)
 Metaspace       used 66879K, committed 67520K, reserved 1114112K
  class space    used 10038K, committed 10368K, reserved 1048576K
}
Event: 12.834 GC heap after
{Heap after GC invocations=20 (full 0):
 garbage-first heap   total 103424K, used 66617K [0x00000000a0c00000, 0x0000000100000000)
  region size 1024K, 3 young (3072K), 3 survivors (3072K)
 Metaspace       used 66879K, committed 67520K, reserved 1114112K
  class space    used 10038K, committed 10368K, reserved 1048576K
}
Event: 12.903 GC heap before
{Heap before GC invocations=20 (full 0):
 garbage-first heap   total 103424K, used 79929K [0x00000000a0c00000, 0x0000000100000000)
  region size 1024K, 16 young (16384K), 3 survivors (3072K)
 Metaspace       used 66879K, committed 67520K, reserved 1114112K
  class space    used 10038K, committed 10368K, reserved 1048576K
}
Event: 12.910 GC heap after
{Heap after GC invocations=21 (full 0):
 garbage-first heap   total 103424K, used 72551K [0x00000000a0c00000, 0x0000000100000000)
  region size 1024K, 2 young (2048K), 2 survivors (2048K)
 Metaspace       used 66879K, committed 67520K, reserved 1114112K
  class space    used 10038K, committed 10368K, reserved 1048576K
}
Event: 12.961 GC heap before
{Heap before GC invocations=22 (full 0):
 garbage-first heap   total 124928K, used 81767K [0x00000000a0c00000, 0x0000000100000000)
  region size 1024K, 11 young (11264K), 2 survivors (2048K)
 Metaspace       used 66879K, committed 67520K, reserved 1114112K
  class space    used 10038K, committed 10368K, reserved 1048576K
}
Event: 12.966 GC heap after
{Heap after GC invocations=23 (full 0):
 garbage-first heap   total 124928K, used 74717K [0x00000000a0c00000, 0x0000000100000000)
  region size 1024K, 2 young (2048K), 2 survivors (2048K)
 Metaspace       used 66879K, committed 67520K, reserved 1114112K
  class space    used 10038K, committed 10368K, reserved 1048576K
}
Event: 13.034 GC heap before
{Heap before GC invocations=23 (full 0):
 garbage-first heap   total 124928K, used 95197K [0x00000000a0c00000, 0x0000000100000000)
  region size 1024K, 22 young (22528K), 2 survivors (2048K)
 Metaspace       used 66880K, committed 67520K, reserved 1114112K
  class space    used 10038K, committed 10368K, reserved 1048576K
}
Event: 13.038 GC heap after
{Heap after GC invocations=24 (full 0):
 garbage-first heap   total 279552K, used 75033K [0x00000000a0c00000, 0x0000000100000000)
  region size 1024K, 2 young (2048K), 2 survivors (2048K)
 Metaspace       used 66880K, committed 67520K, reserved 1114112K
  class space    used 10038K, committed 10368K, reserved 1048576K
}
Event: 13.529 GC heap before
{Heap before GC invocations=25 (full 0):
 garbage-first heap   total 279552K, used 188697K [0x00000000a0c00000, 0x0000000100000000)
  region size 1024K, 113 young (115712K), 2 survivors (2048K)
 Metaspace       used 66883K, committed 67520K, reserved 1114112K
  class space    used 10040K, committed 10368K, reserved 1048576K
}
Event: 13.554 GC heap after
{Heap after GC invocations=26 (full 0):
 garbage-first heap   total 279552K, used 101131K [0x00000000a0c00000, 0x0000000100000000)
  region size 1024K, 15 young (15360K), 15 survivors (15360K)
 Metaspace       used 66883K, committed 67520K, reserved 1114112K
  class space    used 10040K, committed 10368K, reserved 1048576K
}
Event: 13.559 GC heap before
{Heap before GC invocations=26 (full 0):
 garbage-first heap   total 279552K, used 102155K [0x00000000a0c00000, 0x0000000100000000)
  region size 1024K, 16 young (16384K), 15 survivors (15360K)
 Metaspace       used 66883K, committed 67520K, reserved 1114112K
  class space    used 10040K, committed 10368K, reserved 1048576K
}
Event: 13.570 GC heap after
{Heap after GC invocations=27 (full 0):
 garbage-first heap   total 279552K, used 103558K [0x00000000a0c00000, 0x0000000100000000)
  region size 1024K, 2 young (2048K), 2 survivors (2048K)
 Metaspace       used 66883K, committed 67520K, reserved 1114112K
  class space    used 10040K, committed 10368K, reserved 1048576K
}
Event: 13.830 GC heap before
{Heap before GC invocations=27 (full 0):
 garbage-first heap   total 279552K, used 178310K [0x00000000a0c00000, 0x0000000100000000)
  region size 1024K, 73 young (74752K), 2 survivors (2048K)
 Metaspace       used 66883K, committed 67520K, reserved 1114112K
  class space    used 10040K, committed 10368K, reserved 1048576K
}
Event: 13.850 GC heap after
{Heap after GC invocations=28 (full 0):
 garbage-first heap   total 279552K, used 129289K [0x00000000a0c00000, 0x0000000100000000)
  region size 1024K, 10 young (10240K), 10 survivors (10240K)
 Metaspace       used 66883K, committed 67520K, reserved 1114112K
  class space    used 10040K, committed 10368K, reserved 1048576K
}
Event: 14.089 GC heap before
{Heap before GC invocations=28 (full 0):
 garbage-first heap   total 279552K, used 194825K [0x00000000a0c00000, 0x0000000100000000)
  region size 1024K, 71 young (72704K), 10 survivors (10240K)
 Metaspace       used 66883K, committed 67520K, reserved 1114112K
  class space    used 10040K, committed 10368K, reserved 1048576K
}
Event: 14.117 GC heap after
{Heap after GC invocations=29 (full 0):
 garbage-first heap   total 279552K, used 154471K [0x00000000a0c00000, 0x0000000100000000)
  region size 1024K, 9 young (9216K), 9 survivors (9216K)
 Metaspace       used 66883K, committed 67520K, reserved 1114112K
  class space    used 10040K, committed 10368K, reserved 1048576K
}
Event: 14.279 GC heap before
{Heap before GC invocations=29 (full 0):
 garbage-first heap   total 279552K, used 206695K [0x00000000a0c00000, 0x0000000100000000)
  region size 1024K, 60 young (61440K), 9 survivors (9216K)
 Metaspace       used 66924K, committed 67584K, reserved 1114112K
  class space    used 10054K, committed 10368K, reserved 1048576K
}

Dll operation events (12 events):
Event: 0.020 Loaded shared library C:\Users\alvar\.jdks\ms-17.0.19\bin\java.dll
Event: 0.047 Loaded shared library C:\Users\alvar\.jdks\ms-17.0.19\bin\jsvml.dll
Event: 0.269 Loaded shared library C:\Users\alvar\.jdks\ms-17.0.19\bin\zip.dll
Event: 0.275 Loaded shared library C:\Users\alvar\.jdks\ms-17.0.19\bin\instrument.dll
Event: 0.286 Loaded shared library C:\Users\alvar\.jdks\ms-17.0.19\bin\net.dll
Event: 0.290 Loaded shared library C:\Users\alvar\.jdks\ms-17.0.19\bin\nio.dll
Event: 0.294 Loaded shared library C:\Users\alvar\.jdks\ms-17.0.19\bin\zip.dll
Event: 0.491 Loaded shared library C:\Users\alvar\.jdks\ms-17.0.19\bin\extnet.dll
Event: 0.558 Loaded shared library C:\Users\alvar\.jdks\ms-17.0.19\bin\jimage.dll
Event: 3.099 Loaded shared library C:\Users\alvar\.jdks\ms-17.0.19\bin\sunmscapi.dll
Event: 5.932 Loaded shared library C:\Users\alvar\.jdks\ms-17.0.19\bin\management.dll
Event: 5.935 Loaded shared library C:\Users\alvar\.jdks\ms-17.0.19\bin\management_ext.dll

Deoptimization events (8 events):
Event: 7.522 Thread 0x00000133f2736080 DEOPT PACKING pc=0x00000133a2ce1597 sp=0x00000008fe8ff170
Event: 7.522 Thread 0x000001339acb2fe0 DEOPT PACKING pc=0x00000133a2cfc181 sp=0x00000008fc9f97c0
Event: 7.522 Thread 0x00000133f2736080 DEOPT UNPACKING pc=0x00000133a2887143 sp=0x00000008fe8fe5c8 mode 3
Event: 7.522 Thread 0x000001339acb2fe0 DEOPT UNPACKING pc=0x00000133a2887143 sp=0x00000008fc9f8c50 mode 3
Event: 9.057 Thread 0x000001339acb2fe0 DEOPT PACKING pc=0x00000133a329fa74 sp=0x00000008fc9f8aa0
Event: 9.057 Thread 0x000001339acb2fe0 DEOPT UNPACKING pc=0x00000133a2887143 sp=0x00000008fc9f7f38 mode 0
Event: 9.864 Thread 0x000001339acb2fe0 DEOPT PACKING pc=0x00000133a34161ec sp=0x00000008fc9f9360
Event: 9.864 Thread 0x000001339acb2fe0 DEOPT UNPACKING pc=0x00000133a2887143 sp=0x00000008fc9f88d8 mode 0

Classes loaded (20 events):
Event: 11.356 Loading class javax/net/ssl/SSLException
Event: 11.357 Loading class javax/net/ssl/SSLException done
Event: 11.381 Loading class java/nio/channels/CompletionHandler
Event: 11.382 Loading class java/nio/channels/CompletionHandler done
Event: 11.529 Loading class java/util/EmptyStackException
Event: 11.529 Loading class java/util/EmptyStackException done
Event: 11.718 Loading class java/io/InvalidClassException
Event: 11.719 Loading class java/io/InvalidClassException done
Event: 11.738 Loading class java/util/ArrayList$ListItr
Event: 11.739 Loading class java/util/ArrayList$ListItr done
Event: 12.427 Loading class java/lang/invoke/MethodHandleImpl$CountingWrapper$1
Event: 12.427 Loading class java/lang/invoke/MethodHandleImpl$CountingWrapper$1 done
Event: 12.441 Loading class sun/reflect/ReflectionFactory
Event: 12.442 Loading class sun/reflect/ReflectionFactory done
Event: 12.442 Loading class sun/reflect/ReflectionFactory$1
Event: 12.442 Loading class sun/reflect/ReflectionFactory$1 done
Event: 12.442 Loading class java/io/OptionalDataException
Event: 12.442 Loading class java/io/OptionalDataException done
Event: 12.443 Loading class jdk/internal/reflect/SerializationConstructorAccessorImpl
Event: 12.443 Loading class jdk/internal/reflect/SerializationConstructorAccessorImpl done

Classes unloaded (0 events):
No events

Classes redefined (0 events):
No events

Internal exceptions (20 events):
Event: 11.152 Thread 0x000001339acb2fe0 Exception <a 'java/lang/IncompatibleClassChangeError'{0x00000000a5d34fe0}: Found class java.lang.Object, but interface was expected> (0x00000000a5d34fe0) 
thrown [s\src\hotspot\share\interpreter\linkResolver.cpp, line 826]
Event: 11.254 Thread 0x000001339acb2fe0 Exception <a 'java/lang/NoSuchMethodError'{0x00000000a5b31f10}: 'java.lang.Object java.lang.invoke.DirectMethodHandle$Holder.invokeStatic(java.lang.Object, int, java.lang.Object)'> (0x00000000a5b31f10) 
thrown [s\src\hotspot\share\interpreter\linkResolver.cpp, line 759]
Event: 11.274 Thread 0x000001339acb2fe0 Exception <a 'java/lang/reflect/InvocationTargetException'{0x00000000a5b89c78}> (0x00000000a5b89c78) 
thrown [s\src\hotspot\share\runtime\reflection.cpp, line 1128]
Event: 11.276 Thread 0x000001339acb2fe0 Exception <a 'java/lang/reflect/InvocationTargetException'{0x00000000a5b95030}> (0x00000000a5b95030) 
thrown [s\src\hotspot\share\runtime\reflection.cpp, line 1128]
Event: 11.283 Thread 0x000001339acb2fe0 Exception <a 'java/lang/reflect/InvocationTargetException'{0x00000000a5bb0858}> (0x00000000a5bb0858) 
thrown [s\src\hotspot\share\runtime\reflection.cpp, line 1128]
Event: 11.286 Thread 0x000001339acb2fe0 Exception <a 'java/lang/reflect/InvocationTargetException'{0x00000000a5bbee60}> (0x00000000a5bbee60) 
thrown [s\src\hotspot\share\runtime\reflection.cpp, line 1128]
Event: 11.382 Thread 0x000001339acb2fe0 Exception <a 'java/lang/NoSuchMethodError'{0x00000000a5683d10}: 'long java.lang.invoke.DirectMethodHandle$Holder.invokeVirtual(java.lang.Object, java.lang.Object)'> (0x00000000a5683d10) 
thrown [s\src\hotspot\share\interpreter\linkResolver.cpp, line 759]
Event: 11.424 Thread 0x000001339acb2fe0 Exception <a 'java/lang/NoSuchMethodError'{0x00000000a5446848}: 'void java.lang.invoke.DirectMethodHandle$Holder.invokeVirtual(java.lang.Object, java.lang.Object, long)'> (0x00000000a5446848) 
thrown [s\src\hotspot\share\interpreter\linkResolver.cpp, line 759]
Event: 11.460 Thread 0x000001339acb2fe0 Exception <a 'java/lang/reflect/InvocationTargetException'{0x00000000a52bde20}> (0x00000000a52bde20) 
thrown [s\src\hotspot\share\runtime\reflection.cpp, line 1128]
Event: 11.488 Thread 0x000001339acb2fe0 Exception <a 'java/lang/reflect/InvocationTargetException'{0x00000000a50eeff0}> (0x00000000a50eeff0) 
thrown [s\src\hotspot\share\runtime\reflection.cpp, line 1128]
Event: 11.494 Thread 0x000001339acb2fe0 Exception <a 'java/lang/reflect/InvocationTargetException'{0x00000000a4f1c110}> (0x00000000a4f1c110) 
thrown [s\src\hotspot\share\runtime\reflection.cpp, line 1128]
Event: 12.261 Thread 0x000001339acb2fe0 Exception <a 'java/lang/reflect/InvocationTargetException'{0x00000000a527c6d8}> (0x00000000a527c6d8) 
thrown [s\src\hotspot\share\runtime\reflection.cpp, line 1128]
Event: 12.262 Thread 0x000001339acb2fe0 Exception <a 'java/lang/reflect/InvocationTargetException'{0x00000000a5285330}> (0x00000000a5285330) 
thrown [s\src\hotspot\share\runtime\reflection.cpp, line 1128]
Event: 12.318 Thread 0x000001339acb2fe0 Exception <a 'java/lang/reflect/InvocationTargetException'{0x00000000a4fd3dd0}> (0x00000000a4fd3dd0) 
thrown [s\src\hotspot\share\runtime\reflection.cpp, line 1128]
Event: 12.323 Thread 0x000001339acb2fe0 Exception <a 'java/lang/reflect/InvocationTargetException'{0x00000000a4ff6488}> (0x00000000a4ff6488) 
thrown [s\src\hotspot\share\runtime\reflection.cpp, line 1128]
Event: 12.325 Thread 0x000001339acb2fe0 Exception <a 'java/lang/reflect/InvocationTargetException'{0x00000000a4ffe400}> (0x00000000a4ffe400) 
thrown [s\src\hotspot\share\runtime\reflection.cpp, line 1128]
Event: 12.327 Thread 0x000001339acb2fe0 Exception <a 'java/lang/reflect/InvocationTargetException'{0x00000000a4e0da48}> (0x00000000a4e0da48) 
thrown [s\src\hotspot\share\runtime\reflection.cpp, line 1128]
Event: 12.331 Thread 0x000001339acb2fe0 Exception <a 'java/lang/reflect/InvocationTargetException'{0x00000000a4e1f228}> (0x00000000a4e1f228) 
thrown [s\src\hotspot\share\runtime\reflection.cpp, line 1128]
Event: 12.374 Thread 0x000001339acb2fe0 Exception <a 'java/lang/reflect/InvocationTargetException'{0x00000000a4cd7a00}> (0x00000000a4cd7a00) 
thrown [s\src\hotspot\share\runtime\reflection.cpp, line 1128]
Event: 12.416 Thread 0x000001339acb2fe0 Exception <a 'java/lang/NoSuchMethodError'{0x00000000a4ac2e48}: 'int java.lang.invoke.DirectMethodHandle$Holder.invokeStaticInit(java.lang.Object, int, java.lang.Object, java.lang.Object, java.lang.Object, java.lang.Object)'> (0x00000000a4ac2e48) 
thrown [s\src\hotspot\share\interpreter\linkResolver.cpp, line 759]

VM Operations (20 events):
Event: 12.920 Executing VM operation: G1PauseRemark done
Event: 12.952 Executing VM operation: G1PauseCleanup
Event: 12.952 Executing VM operation: G1PauseCleanup done
Event: 12.961 Executing VM operation: G1CollectForAllocation
Event: 12.966 Executing VM operation: G1CollectForAllocation done
Event: 13.034 Executing VM operation: G1CollectForAllocation
Event: 13.038 Executing VM operation: G1CollectForAllocation done
Event: 13.136 Executing VM operation: G1PauseRemark
Event: 13.139 Executing VM operation: G1PauseRemark done
Event: 13.170 Executing VM operation: G1PauseCleanup
Event: 13.170 Executing VM operation: G1PauseCleanup done
Event: 13.529 Executing VM operation: G1CollectForAllocation
Event: 13.554 Executing VM operation: G1CollectForAllocation done
Event: 13.559 Executing VM operation: G1CollectForAllocation
Event: 13.570 Executing VM operation: G1CollectForAllocation done
Event: 13.830 Executing VM operation: G1CollectForAllocation
Event: 13.850 Executing VM operation: G1CollectForAllocation done
Event: 14.089 Executing VM operation: G1CollectForAllocation
Event: 14.117 Executing VM operation: G1CollectForAllocation done
Event: 14.279 Executing VM operation: G1CollectForAllocation

Memory protections (0 events):
No events

Nmethod flushes (0 events):
No events

Events (20 events):
Event: 0.066 Thread 0x000001339acb2fe0 Thread added: 0x00000133abc75610
Event: 0.066 Thread 0x000001339acb2fe0 Thread added: 0x00000133abc79ae0
Event: 0.226 Thread 0x000001339acb2fe0 Thread added: 0x00000133abc3ffa0
Event: 0.239 Thread 0x00000133abc75610 Thread added: 0x00000133f109e500
Event: 0.465 Thread 0x000001339acb2fe0 Thread added: 0x00000133f14d07c0
Event: 0.466 Thread 0x000001339acb2fe0 Thread added: 0x00000133f14d12b0
Event: 1.135 Thread 0x00000133abc75610 Thread added: 0x00000133f18ce340
Event: 1.926 Thread 0x000001339acb2fe0 Thread added: 0x00000133f1a63500
Event: 3.110 Thread 0x00000133f1a63500 Thread exited: 0x00000133f1a63500
Event: 3.397 Thread 0x000001339acb2fe0 Thread added: 0x00000133f1fb56e0
Event: 3.454 Thread 0x00000133f1fb56e0 Thread exited: 0x00000133f1fb56e0
Event: 6.194 Thread 0x000001339acb2fe0 Thread added: 0x00000133f1086230
Event: 7.520 Thread 0x000001339acb2fe0 Thread added: 0x00000133f2736080
Event: 7.651 Thread 0x00000133f2736080 Thread added: 0x00000133f2679990
Event: 11.400 Thread 0x000001339acb2fe0 Thread added: 0x00000133f3419fb0
Event: 11.402 Thread 0x00000133f3419fb0 Thread added: 0x00000133f341a4c0
Event: 11.407 Thread 0x000001339acb2fe0 Thread added: 0x00000133f341a9d0
Event: 13.102 Thread 0x00000133f2679990 Thread exited: 0x00000133f2679990
Event: 13.113 Thread 0x00000133f18ce340 Thread exited: 0x00000133f18ce340
Event: 14.069 Thread 0x00000133f109e500 Thread exited: 0x00000133f109e500


Dynamic libraries:
0x00007ff61c190000 - 0x00007ff61c19e000 	C:\Users\alvar\.jdks\ms-17.0.19\bin\java.exe
0x00007ffe47ce0000 - 0x00007ffe47f46000 	C:\WINDOWS\SYSTEM32\ntdll.dll
0x00007ffe19a80000 - 0x00007ffe19aa1000 	C:\Program Files\Norton\Suite\aswhook.dll
0x00007ffe469a0000 - 0x00007ffe46a69000 	C:\WINDOWS\System32\KERNEL32.DLL
0x00007ffe45600000 - 0x00007ffe459fe000 	C:\WINDOWS\System32\KERNELBASE.dll
0x00007ffe45120000 - 0x00007ffe4526c000 	C:\WINDOWS\System32\ucrtbase.dll
0x00007ffe12890000 - 0x00007ffe128a8000 	C:\Users\alvar\.jdks\ms-17.0.19\bin\jli.dll
0x00007ffe47a40000 - 0x00007ffe47c07000 	C:\WINDOWS\System32\USER32.dll
0x00007ffe44f00000 - 0x00007ffe44f27000 	C:\WINDOWS\System32\win32u.dll
0x00007ffe3af30000 - 0x00007ffe3af4e000 	C:\Users\alvar\.jdks\ms-17.0.19\bin\VCRUNTIME140.dll
0x00007ffe47690000 - 0x00007ffe476bb000 	C:\WINDOWS\System32\GDI32.dll
0x00007ffe44f30000 - 0x00007ffe4505a000 	C:\WINDOWS\System32\gdi32full.dll
0x00007ffe1fac0000 - 0x00007ffe1fd52000 	C:\WINDOWS\WinSxS\amd64_microsoft.windows.common-controls_6595b64144ccf1df_6.0.26100.8875_none_3e0d5d42e32fe9dd\COMCTL32.dll
0x00007ffe454c0000 - 0x00007ffe45563000 	C:\WINDOWS\System32\msvcp_win.dll
0x00007ffe477f0000 - 0x00007ffe47899000 	C:\WINDOWS\System32\msvcrt.dll
0x00007ffe47950000 - 0x00007ffe47982000 	C:\WINDOWS\System32\IMM32.DLL
0x00007ffe39ef0000 - 0x00007ffe39efc000 	C:\Users\alvar\.jdks\ms-17.0.19\bin\vcruntime140_1.dll
0x00007ffdf6590000 - 0x00007ffdf6619000 	C:\Users\alvar\.jdks\ms-17.0.19\bin\msvcp140.dll
0x00007ffd7fbd0000 - 0x00007ffd8084b000 	C:\Users\alvar\.jdks\ms-17.0.19\bin\server\jvm.dll
0x00007ffe45d50000 - 0x00007ffe45e07000 	C:\WINDOWS\System32\ADVAPI32.dll
0x00007ffe47990000 - 0x00007ffe47a3a000 	C:\WINDOWS\System32\sechost.dll
0x00007ffe47570000 - 0x00007ffe47688000 	C:\WINDOWS\System32\RPCRT4.dll
0x00007ffe45ad0000 - 0x00007ffe45b50000 	C:\WINDOWS\System32\WS2_32.dll
0x00007ffe44d60000 - 0x00007ffe44dbe000 	C:\WINDOWS\SYSTEM32\POWRPROF.dll
0x00007ffe3db20000 - 0x00007ffe3db2b000 	C:\WINDOWS\SYSTEM32\VERSION.dll
0x00007ffe3dae0000 - 0x00007ffe3db16000 	C:\WINDOWS\SYSTEM32\WINMM.dll
0x00007ffe44d40000 - 0x00007ffe44d54000 	C:\WINDOWS\SYSTEM32\UMPDC.dll
0x00007ffe43be0000 - 0x00007ffe43bfb000 	C:\WINDOWS\SYSTEM32\kernel.appcore.dll
0x00007ffe13be0000 - 0x00007ffe13bea000 	C:\Users\alvar\.jdks\ms-17.0.19\bin\jimage.dll
0x00007ffe423d0000 - 0x00007ffe42612000 	C:\WINDOWS\SYSTEM32\DBGHELP.DLL
0x00007ffe46610000 - 0x00007ffe46993000 	C:\WINDOWS\System32\combase.dll
0x00007ffe47710000 - 0x00007ffe477e9000 	C:\WINDOWS\System32\OLEAUT32.dll
0x00007ffe36330000 - 0x00007ffe3636b000 	C:\WINDOWS\SYSTEM32\dbgcore.DLL
0x00007ffe45060000 - 0x00007ffe4510c000 	C:\WINDOWS\System32\bcryptPrimitives.dll
0x00007ffdf6130000 - 0x00007ffdf613f000 	C:\Users\alvar\.jdks\ms-17.0.19\bin\instrument.dll
0x00007ffdf6240000 - 0x00007ffdf6266000 	C:\Users\alvar\.jdks\ms-17.0.19\bin\java.dll
0x00007ffdf1880000 - 0x00007ffdf1956000 	C:\Users\alvar\.jdks\ms-17.0.19\bin\jsvml.dll
0x00007ffe45e10000 - 0x00007ffe465a2000 	C:\WINDOWS\System32\SHELL32.dll
0x00007ffe429e0000 - 0x00007ffe43272000 	C:\WINDOWS\SYSTEM32\windows.storage.dll
0x00007ffe47300000 - 0x00007ffe473f7000 	C:\WINDOWS\System32\SHCORE.dll
0x00007ffe45a10000 - 0x00007ffe45a77000 	C:\WINDOWS\System32\shlwapi.dll
0x00007ffe44e20000 - 0x00007ffe44e49000 	C:\WINDOWS\SYSTEM32\profapi.dll
0x00007ffdf5e70000 - 0x00007ffdf5e88000 	C:\Users\alvar\.jdks\ms-17.0.19\bin\zip.dll
0x00007ffdf6300000 - 0x00007ffdf631b000 	C:\Users\alvar\.jdks\ms-17.0.19\bin\net.dll
0x00007ffe3a230000 - 0x00007ffe3a357000 	C:\WINDOWS\SYSTEM32\WINHTTP.dll
0x00007ffe44190000 - 0x00007ffe441fc000 	C:\WINDOWS\system32\mswsock.dll
0x00007ffdf6140000 - 0x00007ffdf6156000 	C:\Users\alvar\.jdks\ms-17.0.19\bin\nio.dll
0x00007ffdf5e30000 - 0x00007ffdf5e39000 	C:\Users\alvar\.jdks\ms-17.0.19\bin\extnet.dll
0x00007ffdf5e40000 - 0x00007ffdf5e4e000 	C:\Users\alvar\.jdks\ms-17.0.19\bin\sunmscapi.dll
0x00007ffe45340000 - 0x00007ffe454b8000 	C:\WINDOWS\System32\CRYPT32.dll
0x00007ffe446d0000 - 0x00007ffe44700000 	C:\WINDOWS\SYSTEM32\ncrypt.dll
0x00007ffe44680000 - 0x00007ffe446bf000 	C:\WINDOWS\SYSTEM32\NTASN1.dll
0x00007ffe44490000 - 0x00007ffe444ab000 	C:\WINDOWS\SYSTEM32\CRYPTSP.dll
0x00007ffe43b40000 - 0x00007ffe43b79000 	C:\WINDOWS\system32\rsaenh.dll
0x00007ffe44250000 - 0x00007ffe44282000 	C:\WINDOWS\SYSTEM32\USERENV.dll
0x00007ffe44df0000 - 0x00007ffe44e1a000 	C:\WINDOWS\SYSTEM32\bcrypt.dll
0x00007ffe444b0000 - 0x00007ffe444bc000 	C:\WINDOWS\SYSTEM32\CRYPTBASE.dll
0x00007ffe435b0000 - 0x00007ffe435e3000 	C:\WINDOWS\SYSTEM32\IPHLPAPI.DLL
0x00007ffe45d40000 - 0x00007ffe45d4a000 	C:\WINDOWS\System32\NSI.dll
0x00007ffe3a680000 - 0x00007ffe3a69d000 	C:\WINDOWS\SYSTEM32\dhcpcsvc6.DLL
0x00007ffe3a650000 - 0x00007ffe3a675000 	C:\WINDOWS\SYSTEM32\dhcpcsvc.DLL
0x00007ffe43640000 - 0x00007ffe43796000 	C:\WINDOWS\SYSTEM32\DNSAPI.dll
0x00007ffe43f90000 - 0x00007ffe43f9d000 	C:\WINDOWS\SYSTEM32\DSPARSE.dll
0x00007ffdf5e60000 - 0x00007ffdf5e6a000 	C:\Users\alvar\.jdks\ms-17.0.19\bin\management.dll
0x00007ffdf5e50000 - 0x00007ffdf5e5c000 	C:\Users\alvar\.jdks\ms-17.0.19\bin\management_ext.dll
0x00007ffe47230000 - 0x00007ffe47238000 	C:\WINDOWS\System32\PSAPI.DLL
0x00007ffe3b120000 - 0x00007ffe3b12b000 	C:\Windows\System32\rasadhlp.dll
0x00007ffe376f0000 - 0x00007ffe37776000 	C:\WINDOWS\System32\fwpuclnt.dll

dbghelp: loaded successfully - version: 4.0.5 - missing functions: none
symbol engine: initialized successfully - sym options: 0x614 - pdb path: .;C:\Users\alvar\.jdks\ms-17.0.19\bin;C:\WINDOWS\SYSTEM32;C:\Program Files\Norton\Suite;C:\WINDOWS\WinSxS\amd64_microsoft.windows.common-controls_6595b64144ccf1df_6.0.26100.8875_none_3e0d5d42e32fe9dd;C:\Users\alvar\.jdks\ms-17.0.19\bin\server

VM Arguments:
jvm_args: -XX:TieredStopAtLevel=1 -Dspring.output.ansi.enabled=always -javaagent:C:\Program Files\JetBrains\IntelliJ IDEA 2025.2.3\lib\idea_rt.jar=59769 -Dfile.encoding=UTF-8 
java_command: com.Control.Inventario.InventarioApplication
java_class_path (initial): C:\Users\alvar\Documents\Practicando_Programacion\Inventario\BackEnd-Inventario\target\classes;C:\Users\alvar\.m2\repository\org\springframework\boot\spring-boot-starter-web\3.5.7\spring-boot-starter-web-3.5.7.jar;C:\Users\alvar\.m2\repository\org\springframework\boot\spring-boot-starter\3.5.7\spring-boot-starter-3.5.7.jar;C:\Users\alvar\.m2\repository\org\springframework\boot\spring-boot\3.5.7\spring-boot-3.5.7.jar;C:\Users\alvar\.m2\repository\org\springframework\boot\spring-boot-autoconfigure\3.5.7\spring-boot-autoconfigure-3.5.7.jar;C:\Users\alvar\.m2\repository\org\springframework\boot\spring-boot-starter-logging\3.5.7\spring-boot-starter-logging-3.5.7.jar;C:\Users\alvar\.m2\repository\ch\qos\logback\logback-classic\1.5.20\logback-classic-1.5.20.jar;C:\Users\alvar\.m2\repository\ch\qos\logback\logback-core\1.5.20\logback-core-1.5.20.jar;C:\Users\alvar\.m2\repository\org\apache\logging\log4j\log4j-to-slf4j\2.24.3\log4j-to-slf4j-2.24.3.jar;C:\Users\alvar\.m2\repository\org\slf4j\jul-to-slf4j\2.0.17\jul-to-slf4j-2.0.17.jar;C:\Users\alvar\.m2\repository\jakarta\annotation\jakarta.annotation-api\2.1.1\jakarta.annotation-api-2.1.1.jar;C:\Users\alvar\.m2\repository\org\yaml\snakeyaml\2.4\snakeyaml-2.4.jar;C:\Users\alvar\.m2\repository\org\springframework\boot\spring-boot-starter-json\3.5.7\spring-boot-starter-json-3.5.7.jar;C:\Users\alvar\.m2\repository\com\fasterxml\jackson\datatype\jackson-datatype-jdk8\2.19.2\jackson-datatype-jdk8-2.19.2.jar;C:\Users\alvar\.m2\repository\com\fasterxml\jackson\datatype\jackson-datatype-jsr310\2.19.2\jackson-datatype-jsr310-2.19.2.jar;C:\Users\alvar\.m2\repository\com\fasterxml\jackson\module\jackson-module-parameter-names\2.19.2\jackson-module-parameter-names-2.19.2.jar;C:\Users\alvar\.m2\repository\org\springframework\boot\spring-boot-starter-tomcat\3.5.7\spring-boot-starter-tomcat-3.5.7.jar;C:\Users\alvar\.m2\repository\org\apache\tomcat\embed\tomcat-embed-core\10.1.48\tomcat-embed-core-10.1.48.jar;C:\
Launcher Type: SUN_STANDARD

[Global flags]
     intx CICompilerCount                          = 4                                         {product} {ergonomic}
     uint ConcGCThreads                            = 2                                         {product} {ergonomic}
     uint G1ConcRefinementThreads                  = 8                                         {product} {ergonomic}
   size_t G1HeapRegionSize                         = 1048576                                   {product} {ergonomic}
    uintx GCDrainStackTargetSize                   = 64                                        {product} {ergonomic}
   size_t InitialHeapSize                          = 100663296                                 {product} {ergonomic}
   size_t MarkStackSize                            = 4194304                                   {product} {ergonomic}
   size_t MaxHeapSize                              = 1598029824                                {product} {ergonomic}
   size_t MaxNewSize                               = 958398464                                 {product} {ergonomic}
   size_t MinHeapDeltaBytes                        = 1048576                                   {product} {ergonomic}
   size_t MinHeapSize                              = 8388608                                   {product} {ergonomic}
    uintx NonProfiledCodeHeapSize                  = 0                                      {pd product} {ergonomic}
     bool ProfileInterpreter                       = false                                  {pd product} {command line}
    uintx ProfiledCodeHeapSize                     = 0                                      {pd product} {ergonomic}
   size_t SoftMaxHeapSize                          = 1598029824                             {manageable} {ergonomic}
     intx TieredStopAtLevel                        = 1                                         {product} {command line}
     bool UseCompressedClassPointers               = true                           {product lp64_product} {ergonomic}
     bool UseCompressedOops                        = true                           {product lp64_product} {ergonomic}
     bool UseG1GC                                  = true                                      {product} {ergonomic}
     bool UseLargePagesIndividualAllocation        = false                                  {pd product} {ergonomic}

Logging:
Log output configuration:
 #0: stdout all=warning uptime,level,tags
 #1: stderr all=off uptime,level,tags

Environment Variables:
JAVA_HOME=C:\Program Files\Eclipse Adoptium\jdk-17.0.18.8-hotspot\
PATH=C:\app\alvar\product\26ai\dbhomeFree\bin;C:\Program Files\Eclipse Adoptium\jdk-17.0.18.8-hotspot\bin;C:\Python314\Scripts\;C:\Python314\;C:\Program Files\Eclipse Adoptium\jdk-21.0.9.10-hotspot\bin;C:\Program Files\Eclipse Adoptium\jdk-25.0.0.36-hotspot\bin;C:\WINDOWS\system32;C:\WINDOWS;C:\WINDOWS\System32\Wbem;C:\WINDOWS\System32\WindowsPowerShell\v1.0\;C:\WINDOWS\System32\OpenSSH\;C:\ProgramData\chocolatey\bin;C:\Program Files\Microsoft VS Code\bin;C:\Program Files\Apache-maven\apache-maven-3.9.11\bin;C:\VXIPNP\WinNT\Bin;C:\Program Files\Git\cmd;C:\Program Files\nodejs\;C:\Users\alvar\AppData\Local\Programs\Python\Launcher\;C:\Users\alvar\AppData\Local\Microsoft\WindowsApps;C:\Users\alvar\AppData\Local\Programs\Microsoft VS Code\bin;C:\Users\alvar\AppData\Local\GitHubDesktop\bin;C:\Program Files\JetBrains\IntelliJ IDEA 2025.2.3\bin;C:\Program Files\maven-mvnd-1.0.3-windows-amd64\bin;C:\Users\alvar\AppData\Roaming\npm
USERNAME=alvar
OS=Windows_NT
PROCESSOR_IDENTIFIER=AMD64 Family 23 Model 24 Stepping 1, AuthenticAMD
TMP=C:\Users\alvar\AppData\Local\Temp
TEMP=C:\Users\alvar\AppData\Local\Temp



Periodic native trim disabled


---------------  S Y S T E M  ---------------

OS:
 Windows 11 , 64 bit Build 26100 (10.0.26100.8875)
OS uptime: 0 days 5:09 hours

CPU: total 8 (initial active 8) (8 cores per cpu, 2 threads per core) family 23 model 24 stepping 1 microcode 0x8108109, cx8, cmov, fxsr, ht, mmx, 3dnowpref, sse, sse2, sse3, ssse3, sse4a, sse4.1, sse4.2, popcnt, lzcnt, tsc, tscinvbit, avx, avx2, aes, clmul, bmi1, bmi2, adx, sha, fma, vzeroupper, clflush, clflushopt
Processor Information for the first 8 processors :
  Max Mhz: 2100, Current Mhz: 2100, Mhz Limit: 2100

Memory: 4k page, system-wide physical 6090M (740M free)
TotalPageFile size 24522M (AvailPageFile size 301M)
current process WorkingSet (physical memory assigned to process): 377M, peak: 379M
current process commit charge ("private bytes"): 469M, peak: 865M

vm_info: OpenJDK 64-Bit Server VM (17.0.19+10-LTS) for windows-amd64 JRE (17.0.19+10-LTS), built on Apr 18 2026 18:24:40 by "MicrosoftCorporation" with MS VC++ 17.14 (VS2022)

END.
