#
# There is insufficient memory for the Java Runtime Environment to continue.
# Native memory allocation (mmap) failed to map 256901120 bytes. Error detail: G1 virtual space
# Possible reasons:
#   The system is out of physical RAM or swap space
#   This process is running with CompressedOops enabled, and the Java Heap may be blocking the growth of the native heap
# Possible solutions:
#   Reduce memory load on the system
#   Increase physical memory or swap space
#   Check if swap backing store is full
#   Decrease Java heap size (-Xmx/-Xms)
#   Decrease number of Java threads
#   Decrease Java thread stack sizes (-Xss)
#   Set larger code cache with -XX:ReservedCodeCacheSize=
#   JVM is running with Unscaled Compressed Oops mode in which the Java heap is
#     placed in the first 4GB address space. The Java Heap base address is the
#     maximum limit for the native heap growth. Please use -XX:HeapBaseMinAddress
#     to set the Java Heap base and to place the Java Heap above 4GB virtual address.
# This output file may be truncated or incomplete.
#
#  Out of Memory Error (os_windows.cpp:3690), pid=12460, tid=29308
#
# JRE version: OpenJDK Runtime Environment Microsoft-13877129 (17.0.19+10) (build 17.0.19+10-LTS)
# Java VM: OpenJDK 64-Bit Server VM Microsoft-13877129 (17.0.19+10-LTS, mixed mode, emulated-client, sharing, tiered, compressed oops, compressed class ptrs, g1 gc, windows-amd64)
# No core dump will be written. Minidumps are not enabled by default on client versions of Windows
#

---------------  S U M M A R Y ------------

Command Line: -XX:TieredStopAtLevel=1 -Dspring.output.ansi.enabled=always -javaagent:C:\Program Files\JetBrains\IntelliJ IDEA 2025.2.3\lib\idea_rt.jar=64073 -Dfile.encoding=UTF-8 com.Control.Inventario.InventarioApplication

Host: AMD Ryzen 5 3500U with Radeon Vega Mobile Gfx  , 8 cores, 5G,  Windows 11 , 64 bit Build 26100 (10.0.26100.8875)
Time: Mon Jul 27 16:16:33 2026 Hora estándar de Argentina elapsed time: 28.711354 seconds (0d 0h 0m 28s)

---------------  T H R E A D  ---------------

Current thread (0x000002630a2bb1f0):  VMThread "VM Thread" [stack: 0x0000006f39300000,0x0000006f39400000] [id=29308]

Stack: [0x0000006f39300000,0x0000006f39400000]
Native frames: (J=compiled Java code, j=interpreted, Vv=VM code, C=native code)
V  [jvm.dll+0x68cc89]  (no source info available)
V  [jvm.dll+0x845d89]  (no source info available)
V  [jvm.dll+0x847af8]  (no source info available)
V  [jvm.dll+0x848183]  (no source info available)
V  [jvm.dll+0x24d0bf]  (no source info available)
V  [jvm.dll+0x68c089]  (no source info available)
V  [jvm.dll+0x68064a]  (no source info available)
V  [jvm.dll+0x3102f0]  (no source info available)
V  [jvm.dll+0x310192]  (no source info available)
V  [jvm.dll+0x317709]  (no source info available)
V  [jvm.dll+0x369b09]  (no source info available)
V  [jvm.dll+0x369d3d]  (no source info available)
V  [jvm.dll+0x2e6afa]  (no source info available)
V  [jvm.dll+0x2e4ef1]  (no source info available)
V  [jvm.dll+0x2e468c]  (no source info available)
V  [jvm.dll+0x32903b]  (no source info available)
V  [jvm.dll+0x84ca0d]  (no source info available)
V  [jvm.dll+0x84d723]  (no source info available)
V  [jvm.dll+0x84dc54]  (no source info available)
V  [jvm.dll+0x84e038]  (no source info available)
V  [jvm.dll+0x84e12e]  (no source info available)
V  [jvm.dll+0x7f62cc]  (no source info available)
V  [jvm.dll+0x68e227]  (no source info available)
C  [ucrtbase.dll+0x2cd30]  (no source info available)
C  [KERNEL32.DLL+0x2e957]  (no source info available)
C  [ntdll.dll+0xaad6c]  (no source info available)

VM_Operation (0x0000006f38df7280): G1CollectForAllocation, mode: safepoint, requested by thread 0x000002637928b350


---------------  P R O C E S S  ---------------

Threads class SMR info:
_java_thread_list=0x0000026350efe1d0, length=17, elements={
0x000002637928b350, 0x000002630a2c0ee0, 0x000002630a2c4250, 0x000002630a2d4fe0,
0x000002630a2d9ac0, 0x000002630a2de230, 0x000002630a2de740, 0x000002630a2e52f0,
0x000002630a2e5900, 0x000002630a2dec50, 0x000002630a2df160, 0x000002630a2dc8e0,
0x000002630a2df670, 0x000002630a2dfb80, 0x000002630a2dcdf0, 0x000002630a2ddd20,
0x0000026351c8baa0
}

Java Threads: ( => current thread )
  0x000002637928b350 JavaThread "main" [_thread_blocked, id=6892, stack(0x0000006f38d00000,0x0000006f38e00000)]
  0x000002630a2c0ee0 JavaThread "Reference Handler" daemon [_thread_blocked, id=30536, stack(0x0000006f39400000,0x0000006f39500000)]
  0x000002630a2c4250 JavaThread "Finalizer" daemon [_thread_blocked, id=23896, stack(0x0000006f39500000,0x0000006f39600000)]
  0x000002630a2d4fe0 JavaThread "Signal Dispatcher" daemon [_thread_blocked, id=24680, stack(0x0000006f39600000,0x0000006f39700000)]
  0x000002630a2d9ac0 JavaThread "Attach Listener" daemon [_thread_blocked, id=18068, stack(0x0000006f39700000,0x0000006f39800000)]
  0x000002630a2de230 JavaThread "Service Thread" daemon [_thread_blocked, id=20952, stack(0x0000006f39800000,0x0000006f39900000)]
  0x000002630a2de740 JavaThread "Monitor Deflation Thread" daemon [_thread_blocked, id=27988, stack(0x0000006f39900000,0x0000006f39a00000)]
  0x000002630a2e52f0 JavaThread "C1 CompilerThread0" daemon [_thread_blocked, id=13100, stack(0x0000006f39a00000,0x0000006f39b00000)]
  0x000002630a2e5900 JavaThread "Sweeper thread" daemon [_thread_blocked, id=20300, stack(0x0000006f39b00000,0x0000006f39c00000)]
  0x000002630a2dec50 JavaThread "Common-Cleaner" daemon [_thread_blocked, id=4184, stack(0x0000006f39c00000,0x0000006f39d00000)]
  0x000002630a2df160 JavaThread "Monitor Ctrl-Break" daemon [_thread_in_native, id=17732, stack(0x0000006f39d00000,0x0000006f39e00000)]
  0x000002630a2dc8e0 JavaThread "Notification Thread" daemon [_thread_blocked, id=11540, stack(0x0000006f39e00000,0x0000006f39f00000)]
  0x000002630a2df670 JavaThread "mysql-cj-abandoned-connection-cleanup" daemon [_thread_blocked, id=17264, stack(0x0000006f3aa00000,0x0000006f3ab00000)]
  0x000002630a2dfb80 JavaThread "HikariPool-1:housekeeper" daemon [_thread_blocked, id=26272, stack(0x0000006f3a900000,0x0000006f3aa00000)]
  0x000002630a2dcdf0 JavaThread "Catalina-utility-1" [_thread_blocked, id=27100, stack(0x0000006f3ac00000,0x0000006f3ad00000)]
  0x000002630a2ddd20 JavaThread "Catalina-utility-2" [_thread_blocked, id=20020, stack(0x0000006f3ae00000,0x0000006f3af00000)]
  0x0000026351c8baa0 JavaThread "container-0" [_thread_blocked, id=21836, stack(0x0000006f3af00000,0x0000006f3b000000)]

Other Threads:
=>0x000002630a2bb1f0 VMThread "VM Thread" [stack: 0x0000006f39300000,0x0000006f39400000] [id=29308]
  0x000002637928bfe0 WatcherThread [stack: 0x0000006f39f00000,0x0000006f3a000000] [id=11904]
  0x00000263792d8da0 GCTaskThread "GC Thread#0" [stack: 0x0000006f38e00000,0x0000006f38f00000] [id=22792]
  0x000002630ac4d580 GCTaskThread "GC Thread#1" [stack: 0x0000006f3a000000,0x0000006f3a100000] [id=6716]
  0x000002630ac88a00 GCTaskThread "GC Thread#2" [stack: 0x0000006f3a100000,0x0000006f3a200000] [id=26408]
  0x000002630ac89ce0 GCTaskThread "GC Thread#3" [stack: 0x0000006f3a200000,0x0000006f3a300000] [id=19580]
  0x000002630ac9a800 GCTaskThread "GC Thread#4" [stack: 0x0000006f3a300000,0x0000006f3a400000] [id=22436]
  0x000002630ad80400 GCTaskThread "GC Thread#5" [stack: 0x0000006f3a500000,0x0000006f3a600000] [id=11444]
  0x000002630ad7ed80 GCTaskThread "GC Thread#6" [stack: 0x0000006f3a600000,0x0000006f3a700000] [id=16068]
  0x000002630ad806d0 GCTaskThread "GC Thread#7" [stack: 0x0000006f3a700000,0x0000006f3a800000] [id=3716]
  0x00000263792e5ce0 ConcurrentGCThread "G1 Main Marker" [stack: 0x0000006f38f00000,0x0000006f39000000] [id=25080]
  0x00000263792e8990 ConcurrentGCThread "G1 Conc#0" [stack: 0x0000006f39000000,0x0000006f39100000] [id=28644]
  0x000002630ad7f050 ConcurrentGCThread "G1 Conc#1" [stack: 0x0000006f3a800000,0x0000006f3a900000] [id=2164]
  0x000002637932e2a0 ConcurrentGCThread "G1 Refine#0" [stack: 0x0000006f39100000,0x0000006f39200000] [id=29204]
  0x0000026351def040 ConcurrentGCThread "G1 Refine#1" [stack: 0x0000006f3b000000,0x0000006f3b100000] [id=25396]
  0x0000026351def340 ConcurrentGCThread "G1 Refine#2" [stack: 0x0000006f3b100000,0x0000006f3b200000] [id=10676]
  0x0000026351e5b550 ConcurrentGCThread "G1 Refine#3" [stack: 0x0000006f3b200000,0x0000006f3b300000] [id=3780]
  0x0000026351bf9070 ConcurrentGCThread "G1 Refine#4" [stack: 0x0000006f3ad00000,0x0000006f3ae00000] [id=8920]
  0x0000026351bf9c70 ConcurrentGCThread "G1 Refine#5" [stack: 0x0000006f3b300000,0x0000006f3b400000] [id=19028]
  0x000002637932eb80 ConcurrentGCThread "G1 Service" [stack: 0x0000006f39200000,0x0000006f39300000] [id=29780]

Threads with active compile tasks:

VM state: at safepoint (normal execution)

VM Mutex/Monitor currently owned by a thread:  ([mutex/lock_event])
[0x0000026376f97700] Threads_lock - owner thread: 0x000002630a2bb1f0
[0x0000026379277c70] Heap_lock - owner thread: 0x000002637928b350

Heap address: 0x00000000a0c00000, size: 1524 MB, Compressed Oops mode: 32-bit

CDS archive(s) mapped at: [0x000002630b000000-0x000002630bbb0000-0x000002630bbb0000), size 12255232, SharedBaseAddress: 0x000002630b000000, ArchiveRelocationMode: 1.
Compressed class space mapped at: 0x000002630c000000-0x000002634c000000, reserved size: 1073741824
Narrow klass base: 0x000002630b000000, Narrow klass shift: 0, Narrow klass range: 0x100000000

GC Precious Log:
 CPUs: 8 total, 8 available
 Memory: 6090M
 Large Page Support: Disabled
 NUMA Support: Disabled
 Compressed Oops: Enabled (32-bit)
 Heap Region Size: 1M
 Heap Min Capacity: 8M
 Heap Initial Capacity: 96M
 Heap Max Capacity: 1524M
 Pre-touch: Disabled
 Parallel Workers: 8
 Concurrent Workers: 2
 Concurrent Refinement Workers: 8
 Periodic GC: Disabled

Heap:
 garbage-first heap   total 309248K, used 136343K [0x00000000a0c00000, 0x0000000100000000)
  region size 1024K, 7 young (7168K), 7 survivors (7168K)
 Metaspace       used 67429K, committed 68096K, reserved 1114112K
  class space    used 10107K, committed 10432K, reserved 1048576K

Heap Regions: E=young(eden), S=young(survivor), O=old, HS=humongous(starts), HC=humongous(continues), CS=collection set, F=free, OA=open archive, CA=closed archive, TAMS=top-at-mark-start (previous, next)
|   0|0x00000000a0c00000, 0x00000000a0d00000, 0x00000000a0d00000|100%|HS|  |TAMS 0x00000000a0d00000, 0x00000000a0c00000| Complete 
|   1|0x00000000a0d00000, 0x00000000a0e00000, 0x00000000a0e00000|100%|HS|  |TAMS 0x00000000a0e00000, 0x00000000a0d00000| Complete 
|   2|0x00000000a0e00000, 0x00000000a0f00000, 0x00000000a0f00000|100%| O|  |TAMS 0x00000000a0f00000, 0x00000000a0e00000| Untracked 
|   3|0x00000000a0f00000, 0x00000000a1000000, 0x00000000a1000000|100%| O|  |TAMS 0x00000000a1000000, 0x00000000a0f00000| Untracked 
|   4|0x00000000a1000000, 0x00000000a1100000, 0x00000000a1100000|100%| O|  |TAMS 0x00000000a1100000, 0x00000000a1000000| Untracked 
|   5|0x00000000a1100000, 0x00000000a1200000, 0x00000000a1200000|100%| O|  |TAMS 0x00000000a1200000, 0x00000000a1100000| Untracked 
|   6|0x00000000a1200000, 0x00000000a1300000, 0x00000000a1300000|100%| O|  |TAMS 0x00000000a1300000, 0x00000000a1200000| Untracked 
|   7|0x00000000a1300000, 0x00000000a1400000, 0x00000000a1400000|100%| O|  |TAMS 0x00000000a1400000, 0x00000000a1300000| Untracked 
|   8|0x00000000a1400000, 0x00000000a1500000, 0x00000000a1500000|100%| O|  |TAMS 0x00000000a1500000, 0x00000000a1400000| Untracked 
|   9|0x00000000a1500000, 0x00000000a1600000, 0x00000000a1600000|100%| O|  |TAMS 0x00000000a1600000, 0x00000000a1500000| Untracked 
|  10|0x00000000a1600000, 0x00000000a1700000, 0x00000000a1700000|100%| O|  |TAMS 0x00000000a1700000, 0x00000000a1600000| Untracked 
|  11|0x00000000a1700000, 0x00000000a1800000, 0x00000000a1800000|100%| O|  |TAMS 0x00000000a1800000, 0x00000000a1700000| Untracked 
|  12|0x00000000a1800000, 0x00000000a1900000, 0x00000000a1900000|100%| O|  |TAMS 0x00000000a1900000, 0x00000000a1800000| Untracked 
|  13|0x00000000a1900000, 0x00000000a1a00000, 0x00000000a1a00000|100%| O|  |TAMS 0x00000000a1a00000, 0x00000000a1900000| Untracked 
|  14|0x00000000a1a00000, 0x00000000a1b00000, 0x00000000a1b00000|100%| O|  |TAMS 0x00000000a1b00000, 0x00000000a1a00000| Untracked 
|  15|0x00000000a1b00000, 0x00000000a1c00000, 0x00000000a1c00000|100%| O|  |TAMS 0x00000000a1c00000, 0x00000000a1b00000| Untracked 
|  16|0x00000000a1c00000, 0x00000000a1d00000, 0x00000000a1d00000|100%| O|  |TAMS 0x00000000a1d00000, 0x00000000a1c00000| Untracked 
|  17|0x00000000a1d00000, 0x00000000a1e00000, 0x00000000a1e00000|100%| O|  |TAMS 0x00000000a1e00000, 0x00000000a1d00000| Untracked 
|  18|0x00000000a1e00000, 0x00000000a1f00000, 0x00000000a1f00000|100%| O|  |TAMS 0x00000000a1f00000, 0x00000000a1e00000| Untracked 
|  19|0x00000000a1f00000, 0x00000000a2000000, 0x00000000a2000000|100%| O|  |TAMS 0x00000000a2000000, 0x00000000a1f00000| Untracked 
|  20|0x00000000a2000000, 0x00000000a2100000, 0x00000000a2100000|100%| O|  |TAMS 0x00000000a2100000, 0x00000000a2000000| Untracked 
|  21|0x00000000a2100000, 0x00000000a2200000, 0x00000000a2200000|100%| O|  |TAMS 0x00000000a2200000, 0x00000000a2100000| Untracked 
|  22|0x00000000a2200000, 0x00000000a2300000, 0x00000000a2300000|100%| O|  |TAMS 0x00000000a2300000, 0x00000000a2200000| Untracked 
|  23|0x00000000a2300000, 0x00000000a2400000, 0x00000000a2400000|100%| O|  |TAMS 0x00000000a2400000, 0x00000000a2300000| Untracked 
|  24|0x00000000a2400000, 0x00000000a2500000, 0x00000000a2500000|100%| O|  |TAMS 0x00000000a2500000, 0x00000000a2400000| Untracked 
|  25|0x00000000a2500000, 0x00000000a2600000, 0x00000000a2600000|100%| O|  |TAMS 0x00000000a2600000, 0x00000000a2500000| Untracked 
|  26|0x00000000a2600000, 0x00000000a2700000, 0x00000000a2700000|100%| O|  |TAMS 0x00000000a2700000, 0x00000000a2600000| Untracked 
|  27|0x00000000a2700000, 0x00000000a2800000, 0x00000000a2800000|100%| O|  |TAMS 0x00000000a2800000, 0x00000000a2700000| Untracked 
|  28|0x00000000a2800000, 0x00000000a2900000, 0x00000000a2900000|100%| O|  |TAMS 0x00000000a2900000, 0x00000000a2800000| Untracked 
|  29|0x00000000a2900000, 0x00000000a2a00000, 0x00000000a2a00000|100%| O|  |TAMS 0x00000000a2a00000, 0x00000000a2900000| Untracked 
|  30|0x00000000a2a00000, 0x00000000a2b00000, 0x00000000a2b00000|100%| O|  |TAMS 0x00000000a2b00000, 0x00000000a2a00000| Untracked 
|  31|0x00000000a2b00000, 0x00000000a2c00000, 0x00000000a2c00000|100%| O|  |TAMS 0x00000000a2c00000, 0x00000000a2b00000| Untracked 
|  32|0x00000000a2c00000, 0x00000000a2d00000, 0x00000000a2d00000|100%| O|  |TAMS 0x00000000a2d00000, 0x00000000a2c00000| Untracked 
|  33|0x00000000a2d00000, 0x00000000a2e00000, 0x00000000a2e00000|100%| O|  |TAMS 0x00000000a2e00000, 0x00000000a2d00000| Untracked 
|  34|0x00000000a2e00000, 0x00000000a2f00000, 0x00000000a2f00000|100%| O|  |TAMS 0x00000000a2f00000, 0x00000000a2e00000| Untracked 
|  35|0x00000000a2f00000, 0x00000000a3000000, 0x00000000a3000000|100%| O|  |TAMS 0x00000000a3000000, 0x00000000a2f00000| Untracked 
|  36|0x00000000a3000000, 0x00000000a3100000, 0x00000000a3100000|100%|HS|  |TAMS 0x00000000a3000000, 0x00000000a3000000| Complete 
|  37|0x00000000a3100000, 0x00000000a3200000, 0x00000000a3200000|100%|HS|  |TAMS 0x00000000a3100000, 0x00000000a3100000| Complete 
|  38|0x00000000a3200000, 0x00000000a3300000, 0x00000000a3300000|100%|HC|  |TAMS 0x00000000a3200000, 0x00000000a3200000| Complete 
|  39|0x00000000a3300000, 0x00000000a3400000, 0x00000000a3400000|100%| O|  |TAMS 0x00000000a3300000, 0x00000000a3300000| Untracked 
|  40|0x00000000a3400000, 0x00000000a3500000, 0x00000000a3500000|100%| O|  |TAMS 0x00000000a3400000, 0x00000000a3400000| Untracked 
|  41|0x00000000a3500000, 0x00000000a3600000, 0x00000000a3600000|100%| O|  |TAMS 0x00000000a3500000, 0x00000000a3500000| Untracked 
|  42|0x00000000a3600000, 0x00000000a3700000, 0x00000000a3700000|100%| O|  |TAMS 0x00000000a3700000, 0x00000000a3600000| Untracked 
|  43|0x00000000a3700000, 0x00000000a3800000, 0x00000000a3800000|100%| O|  |TAMS 0x00000000a3800000, 0x00000000a3700000| Untracked 
|  44|0x00000000a3800000, 0x00000000a3900000, 0x00000000a3900000|100%| O|  |TAMS 0x00000000a3800000, 0x00000000a3800000| Untracked 
|  45|0x00000000a3900000, 0x00000000a3a00000, 0x00000000a3a00000|100%| O|  |TAMS 0x00000000a3900000, 0x00000000a3900000| Untracked 
|  46|0x00000000a3a00000, 0x00000000a3b00000, 0x00000000a3b00000|100%| O|  |TAMS 0x00000000a3a00000, 0x00000000a3a00000| Untracked 
|  47|0x00000000a3b00000, 0x00000000a3c00000, 0x00000000a3c00000|100%| O|  |TAMS 0x00000000a3b00000, 0x00000000a3b00000| Untracked 
|  48|0x00000000a3c00000, 0x00000000a3d00000, 0x00000000a3d00000|100%| O|  |TAMS 0x00000000a3c00000, 0x00000000a3c00000| Untracked 
|  49|0x00000000a3d00000, 0x00000000a3e00000, 0x00000000a3e00000|100%| O|  |TAMS 0x00000000a3d00000, 0x00000000a3d00000| Untracked 
|  50|0x00000000a3e00000, 0x00000000a3f00000, 0x00000000a3f00000|100%| O|  |TAMS 0x00000000a3e00000, 0x00000000a3e00000| Untracked 
|  51|0x00000000a3f00000, 0x00000000a4000000, 0x00000000a4000000|100%| O|  |TAMS 0x00000000a3f00000, 0x00000000a3f00000| Untracked 
|  52|0x00000000a4000000, 0x00000000a4100000, 0x00000000a4100000|100%| O|  |TAMS 0x00000000a4100000, 0x00000000a4000000| Untracked 
|  53|0x00000000a4100000, 0x00000000a4200000, 0x00000000a4200000|100%| O|  |TAMS 0x00000000a4100000, 0x00000000a4100000| Untracked 
|  54|0x00000000a4200000, 0x00000000a4300000, 0x00000000a4300000|100%| O|  |TAMS 0x00000000a4200000, 0x00000000a4200000| Untracked 
|  55|0x00000000a4300000, 0x00000000a4400000, 0x00000000a4400000|100%| O|  |TAMS 0x00000000a4300000, 0x00000000a4300000| Untracked 
|  56|0x00000000a4400000, 0x00000000a4500000, 0x00000000a4500000|100%| O|  |TAMS 0x00000000a4500000, 0x00000000a4400000| Untracked 
|  57|0x00000000a4500000, 0x00000000a4600000, 0x00000000a4600000|100%| O|  |TAMS 0x00000000a4500000, 0x00000000a4500000| Untracked 
|  58|0x00000000a4600000, 0x00000000a4700000, 0x00000000a4700000|100%| O|  |TAMS 0x00000000a4600000, 0x00000000a4600000| Untracked 
|  59|0x00000000a4700000, 0x00000000a4800000, 0x00000000a4800000|100%| O|  |TAMS 0x00000000a4700000, 0x00000000a4700000| Untracked 
|  60|0x00000000a4800000, 0x00000000a4900000, 0x00000000a4900000|100%| O|  |TAMS 0x00000000a4800000, 0x00000000a4800000| Untracked 
|  61|0x00000000a4900000, 0x00000000a4a00000, 0x00000000a4a00000|100%| O|  |TAMS 0x00000000a4900000, 0x00000000a4900000| Untracked 
|  62|0x00000000a4a00000, 0x00000000a4b00000, 0x00000000a4b00000|100%| O|  |TAMS 0x00000000a4a00000, 0x00000000a4a00000| Untracked 
|  63|0x00000000a4b00000, 0x00000000a4c00000, 0x00000000a4c00000|100%| O|  |TAMS 0x00000000a4c00000, 0x00000000a4b00000| Untracked 
|  64|0x00000000a4c00000, 0x00000000a4d00000, 0x00000000a4d00000|100%| O|  |TAMS 0x00000000a4c00000, 0x00000000a4c00000| Untracked 
|  65|0x00000000a4d00000, 0x00000000a4e00000, 0x00000000a4e00000|100%| O|  |TAMS 0x00000000a4d00000, 0x00000000a4d00000| Untracked 
|  66|0x00000000a4e00000, 0x00000000a4f00000, 0x00000000a4f00000|100%| O|  |TAMS 0x00000000a4e00000, 0x00000000a4e00000| Untracked 
|  67|0x00000000a4f00000, 0x00000000a5000000, 0x00000000a5000000|100%| O|  |TAMS 0x00000000a4f00000, 0x00000000a4f00000| Untracked 
|  68|0x00000000a5000000, 0x00000000a5100000, 0x00000000a5100000|100%| O|  |TAMS 0x00000000a5000000, 0x00000000a5000000| Untracked 
|  69|0x00000000a5100000, 0x00000000a5200000, 0x00000000a5200000|100%| O|  |TAMS 0x00000000a5100000, 0x00000000a5100000| Untracked 
|  70|0x00000000a5200000, 0x00000000a5300000, 0x00000000a5300000|100%| O|  |TAMS 0x00000000a5200000, 0x00000000a5200000| Untracked 
|  71|0x00000000a5300000, 0x00000000a5400000, 0x00000000a5400000|100%| O|  |TAMS 0x00000000a5377a00, 0x00000000a5300000| Untracked 
|  72|0x00000000a5400000, 0x00000000a5500000, 0x00000000a5500000|100%| O|  |TAMS 0x00000000a5400000, 0x00000000a5400000| Untracked 
|  73|0x00000000a5500000, 0x00000000a5600000, 0x00000000a5600000|100%| O|  |TAMS 0x00000000a5500000, 0x00000000a5500000| Untracked 
|  74|0x00000000a5600000, 0x00000000a5700000, 0x00000000a5700000|100%| O|  |TAMS 0x00000000a5600000, 0x00000000a5600000| Untracked 
|  75|0x00000000a5700000, 0x00000000a5800000, 0x00000000a5800000|100%| O|  |TAMS 0x00000000a5700000, 0x00000000a5700000| Untracked 
|  76|0x00000000a5800000, 0x00000000a5900000, 0x00000000a5900000|100%| O|  |TAMS 0x00000000a5800000, 0x00000000a5800000| Untracked 
|  77|0x00000000a5900000, 0x00000000a5a00000, 0x00000000a5a00000|100%| O|  |TAMS 0x00000000a5900000, 0x00000000a5900000| Untracked 
|  78|0x00000000a5a00000, 0x00000000a5b00000, 0x00000000a5b00000|100%| O|  |TAMS 0x00000000a5a00000, 0x00000000a5a00000| Untracked 
|  79|0x00000000a5b00000, 0x00000000a5c00000, 0x00000000a5c00000|100%| O|  |TAMS 0x00000000a5b00000, 0x00000000a5b00000| Untracked 
|  80|0x00000000a5c00000, 0x00000000a5d00000, 0x00000000a5d00000|100%| O|  |TAMS 0x00000000a5c00000, 0x00000000a5c00000| Untracked 
|  81|0x00000000a5d00000, 0x00000000a5e00000, 0x00000000a5e00000|100%| O|  |TAMS 0x00000000a5d00000, 0x00000000a5d00000| Untracked 
|  82|0x00000000a5e00000, 0x00000000a5f00000, 0x00000000a5f00000|100%| O|  |TAMS 0x00000000a5e00000, 0x00000000a5e00000| Untracked 
|  83|0x00000000a5f00000, 0x00000000a6000000, 0x00000000a6000000|100%| O|  |TAMS 0x00000000a5f00000, 0x00000000a5f00000| Untracked 
|  84|0x00000000a6000000, 0x00000000a6100000, 0x00000000a6100000|100%| O|  |TAMS 0x00000000a6000000, 0x00000000a6000000| Untracked 
|  85|0x00000000a6100000, 0x00000000a6200000, 0x00000000a6200000|100%| O|  |TAMS 0x00000000a6100000, 0x00000000a6100000| Untracked 
|  86|0x00000000a6200000, 0x00000000a6300000, 0x00000000a6300000|100%| O|  |TAMS 0x00000000a6200000, 0x00000000a6200000| Untracked 
|  87|0x00000000a6300000, 0x00000000a6400000, 0x00000000a6400000|100%| O|  |TAMS 0x00000000a6300000, 0x00000000a6300000| Untracked 
|  88|0x00000000a6400000, 0x00000000a6500000, 0x00000000a6500000|100%| O|  |TAMS 0x00000000a6400000, 0x00000000a6400000| Untracked 
|  89|0x00000000a6500000, 0x00000000a6600000, 0x00000000a6600000|100%| O|  |TAMS 0x00000000a6500000, 0x00000000a6500000| Untracked 
|  90|0x00000000a6600000, 0x00000000a6700000, 0x00000000a6700000|100%| O|  |TAMS 0x00000000a6600000, 0x00000000a6600000| Untracked 
|  91|0x00000000a6700000, 0x00000000a6800000, 0x00000000a6800000|100%| O|  |TAMS 0x00000000a6700000, 0x00000000a6700000| Untracked 
|  92|0x00000000a6800000, 0x00000000a6900000, 0x00000000a6900000|100%| O|  |TAMS 0x00000000a6800000, 0x00000000a6800000| Untracked 
|  93|0x00000000a6900000, 0x00000000a6a00000, 0x00000000a6a00000|100%| O|  |TAMS 0x00000000a6900000, 0x00000000a6900000| Untracked 
|  94|0x00000000a6a00000, 0x00000000a6b00000, 0x00000000a6b00000|100%| O|  |TAMS 0x00000000a6a00000, 0x00000000a6a00000| Untracked 
|  95|0x00000000a6b00000, 0x00000000a6c00000, 0x00000000a6c00000|100%| O|  |TAMS 0x00000000a6b00000, 0x00000000a6b00000| Untracked 
|  96|0x00000000a6c00000, 0x00000000a6d00000, 0x00000000a6d00000|100%| O|  |TAMS 0x00000000a6c00000, 0x00000000a6c00000| Untracked 
|  97|0x00000000a6d00000, 0x00000000a6e00000, 0x00000000a6e00000|100%| O|  |TAMS 0x00000000a6d00000, 0x00000000a6d00000| Untracked 
|  98|0x00000000a6e00000, 0x00000000a6f00000, 0x00000000a6f00000|100%| O|  |TAMS 0x00000000a6e00000, 0x00000000a6e00000| Untracked 
|  99|0x00000000a6f00000, 0x00000000a7000000, 0x00000000a7000000|100%| O|  |TAMS 0x00000000a6f00000, 0x00000000a6f00000| Untracked 
| 100|0x00000000a7000000, 0x00000000a7100000, 0x00000000a7100000|100%|HS|  |TAMS 0x00000000a7000000, 0x00000000a7000000| Complete 
| 101|0x00000000a7100000, 0x00000000a7200000, 0x00000000a7200000|100%|HC|  |TAMS 0x00000000a7100000, 0x00000000a7100000| Complete 
| 102|0x00000000a7200000, 0x00000000a7300000, 0x00000000a7300000|100%|HC|  |TAMS 0x00000000a7200000, 0x00000000a7200000| Complete 
| 103|0x00000000a7300000, 0x00000000a7400000, 0x00000000a7400000|100%| O|  |TAMS 0x00000000a7300000, 0x00000000a7300000| Untracked 
| 104|0x00000000a7400000, 0x00000000a7500000, 0x00000000a7500000|100%| O|  |TAMS 0x00000000a7400000, 0x00000000a7400000| Untracked 
| 105|0x00000000a7500000, 0x00000000a7600000, 0x00000000a7600000|100%| O|  |TAMS 0x00000000a7500000, 0x00000000a7500000| Untracked 
| 106|0x00000000a7600000, 0x00000000a7700000, 0x00000000a7700000|100%| O|  |TAMS 0x00000000a7600000, 0x00000000a7600000| Untracked 
| 107|0x00000000a7700000, 0x00000000a7700000, 0x00000000a7800000|  0%| F|  |TAMS 0x00000000a7700000, 0x00000000a7700000| Untracked 
| 108|0x00000000a7800000, 0x00000000a7800000, 0x00000000a7900000|  0%| F|  |TAMS 0x00000000a7800000, 0x00000000a7800000| Untracked 
| 109|0x00000000a7900000, 0x00000000a7900000, 0x00000000a7a00000|  0%| F|  |TAMS 0x00000000a7900000, 0x00000000a7900000| Untracked 
| 110|0x00000000a7a00000, 0x00000000a7a00000, 0x00000000a7b00000|  0%| F|  |TAMS 0x00000000a7a00000, 0x00000000a7a00000| Untracked 
| 111|0x00000000a7b00000, 0x00000000a7b00000, 0x00000000a7c00000|  0%| F|  |TAMS 0x00000000a7b00000, 0x00000000a7b00000| Untracked 
| 112|0x00000000a7c00000, 0x00000000a7c00000, 0x00000000a7d00000|  0%| F|  |TAMS 0x00000000a7c00000, 0x00000000a7c00000| Untracked 
| 113|0x00000000a7d00000, 0x00000000a7d00000, 0x00000000a7e00000|  0%| F|  |TAMS 0x00000000a7d00000, 0x00000000a7d00000| Untracked 
| 114|0x00000000a7e00000, 0x00000000a7e00000, 0x00000000a7f00000|  0%| F|  |TAMS 0x00000000a7e00000, 0x00000000a7e00000| Untracked 
| 115|0x00000000a7f00000, 0x00000000a7f00000, 0x00000000a8000000|  0%| F|  |TAMS 0x00000000a7f00000, 0x00000000a7f00000| Untracked 
| 116|0x00000000a8000000, 0x00000000a8000000, 0x00000000a8100000|  0%| F|  |TAMS 0x00000000a8000000, 0x00000000a8000000| Untracked 
| 117|0x00000000a8100000, 0x00000000a8100000, 0x00000000a8200000|  0%| F|  |TAMS 0x00000000a8100000, 0x00000000a8100000| Untracked 
| 118|0x00000000a8200000, 0x00000000a8200000, 0x00000000a8300000|  0%| F|  |TAMS 0x00000000a8200000, 0x00000000a8200000| Untracked 
| 119|0x00000000a8300000, 0x00000000a8300000, 0x00000000a8400000|  0%| F|  |TAMS 0x00000000a8300000, 0x00000000a8300000| Untracked 
| 120|0x00000000a8400000, 0x00000000a8400000, 0x00000000a8500000|  0%| F|  |TAMS 0x00000000a8400000, 0x00000000a8400000| Untracked 
| 121|0x00000000a8500000, 0x00000000a8500000, 0x00000000a8600000|  0%| F|  |TAMS 0x00000000a8500000, 0x00000000a8500000| Untracked 
| 122|0x00000000a8600000, 0x00000000a8600000, 0x00000000a8700000|  0%| F|  |TAMS 0x00000000a8600000, 0x00000000a8600000| Untracked 
| 123|0x00000000a8700000, 0x00000000a8700000, 0x00000000a8800000|  0%| F|  |TAMS 0x00000000a8700000, 0x00000000a8700000| Untracked 
| 124|0x00000000a8800000, 0x00000000a8800000, 0x00000000a8900000|  0%| F|  |TAMS 0x00000000a8800000, 0x00000000a8800000| Untracked 
| 125|0x00000000a8900000, 0x00000000a8900000, 0x00000000a8a00000|  0%| F|  |TAMS 0x00000000a8900000, 0x00000000a8900000| Untracked 
| 126|0x00000000a8a00000, 0x00000000a8a00000, 0x00000000a8b00000|  0%| F|  |TAMS 0x00000000a8a00000, 0x00000000a8a00000| Untracked 
| 127|0x00000000a8b00000, 0x00000000a8b00000, 0x00000000a8c00000|  0%| F|  |TAMS 0x00000000a8b00000, 0x00000000a8b00000| Untracked 
| 128|0x00000000a8c00000, 0x00000000a8c00000, 0x00000000a8d00000|  0%| F|  |TAMS 0x00000000a8c00000, 0x00000000a8c00000| Untracked 
| 129|0x00000000a8d00000, 0x00000000a8e00000, 0x00000000a8e00000|100%| O|  |TAMS 0x00000000a8d00000, 0x00000000a8d00000| Untracked 
| 130|0x00000000a8e00000, 0x00000000a8f00000, 0x00000000a8f00000|100%| O|  |TAMS 0x00000000a8e00000, 0x00000000a8e00000| Untracked 
| 131|0x00000000a8f00000, 0x00000000a9000000, 0x00000000a9000000|100%| O|  |TAMS 0x00000000a8f00000, 0x00000000a8f00000| Untracked 
| 132|0x00000000a9000000, 0x00000000a9100000, 0x00000000a9100000|100%| O|  |TAMS 0x00000000a9000000, 0x00000000a9000000| Untracked 
| 133|0x00000000a9100000, 0x00000000a9200000, 0x00000000a9200000|100%| O|  |TAMS 0x00000000a9100000, 0x00000000a9100000| Untracked 
| 134|0x00000000a9200000, 0x00000000a9300000, 0x00000000a9300000|100%| O|  |TAMS 0x00000000a9200000, 0x00000000a9200000| Untracked 
| 135|0x00000000a9300000, 0x00000000a9400000, 0x00000000a9400000|100%| O|  |TAMS 0x00000000a9300000, 0x00000000a9300000| Untracked 
| 136|0x00000000a9400000, 0x00000000a9500000, 0x00000000a9500000|100%| O|  |TAMS 0x00000000a9400000, 0x00000000a9400000| Untracked 
| 137|0x00000000a9500000, 0x00000000a9600000, 0x00000000a9600000|100%| O|  |TAMS 0x00000000a9500000, 0x00000000a9500000| Untracked 
| 138|0x00000000a9600000, 0x00000000a9700000, 0x00000000a9700000|100%| O|  |TAMS 0x00000000a9600000, 0x00000000a9600000| Untracked 
| 139|0x00000000a9700000, 0x00000000a9800000, 0x00000000a9800000|100%| O|  |TAMS 0x00000000a9700000, 0x00000000a9700000| Untracked 
| 140|0x00000000a9800000, 0x00000000a9900000, 0x00000000a9900000|100%| O|  |TAMS 0x00000000a9800000, 0x00000000a9800000| Untracked 
| 141|0x00000000a9900000, 0x00000000a9a00000, 0x00000000a9a00000|100%| O|  |TAMS 0x00000000a9900000, 0x00000000a9900000| Untracked 
| 142|0x00000000a9a00000, 0x00000000a9b00000, 0x00000000a9b00000|100%| O|  |TAMS 0x00000000a9a00000, 0x00000000a9a00000| Untracked 
| 143|0x00000000a9b00000, 0x00000000a9c00000, 0x00000000a9c00000|100%| O|  |TAMS 0x00000000a9b00000, 0x00000000a9b00000| Untracked 
| 144|0x00000000a9c00000, 0x00000000a9d00000, 0x00000000a9d00000|100%| O|  |TAMS 0x00000000a9c00000, 0x00000000a9c00000| Untracked 
| 145|0x00000000a9d00000, 0x00000000a9e00000, 0x00000000a9e00000|100%| O|  |TAMS 0x00000000a9d00000, 0x00000000a9d00000| Untracked 
| 146|0x00000000a9e00000, 0x00000000a9f00000, 0x00000000a9f00000|100%| O|  |TAMS 0x00000000a9e00000, 0x00000000a9e00000| Untracked 
| 147|0x00000000a9f00000, 0x00000000aa000000, 0x00000000aa000000|100%| O|  |TAMS 0x00000000a9f00000, 0x00000000a9f00000| Untracked 
| 148|0x00000000aa000000, 0x00000000aa080000, 0x00000000aa100000| 50%| O|  |TAMS 0x00000000aa000000, 0x00000000aa000000| Untracked 
| 149|0x00000000aa100000, 0x00000000aa100000, 0x00000000aa200000|  0%| F|  |TAMS 0x00000000aa100000, 0x00000000aa100000| Untracked 
| 150|0x00000000aa200000, 0x00000000aa200000, 0x00000000aa300000|  0%| F|  |TAMS 0x00000000aa200000, 0x00000000aa200000| Untracked 
| 151|0x00000000aa300000, 0x00000000aa300000, 0x00000000aa400000|  0%| F|  |TAMS 0x00000000aa300000, 0x00000000aa300000| Untracked 
| 152|0x00000000aa400000, 0x00000000aa400000, 0x00000000aa500000|  0%| F|  |TAMS 0x00000000aa400000, 0x00000000aa400000| Untracked 
| 153|0x00000000aa500000, 0x00000000aa500000, 0x00000000aa600000|  0%| F|  |TAMS 0x00000000aa500000, 0x00000000aa500000| Untracked 
| 154|0x00000000aa600000, 0x00000000aa600000, 0x00000000aa700000|  0%| F|  |TAMS 0x00000000aa600000, 0x00000000aa600000| Untracked 
| 155|0x00000000aa700000, 0x00000000aa700000, 0x00000000aa800000|  0%| F|  |TAMS 0x00000000aa700000, 0x00000000aa700000| Untracked 
| 156|0x00000000aa800000, 0x00000000aa800000, 0x00000000aa900000|  0%| F|  |TAMS 0x00000000aa800000, 0x00000000aa800000| Untracked 
| 157|0x00000000aa900000, 0x00000000aa900000, 0x00000000aaa00000|  0%| F|  |TAMS 0x00000000aa900000, 0x00000000aa900000| Untracked 
| 158|0x00000000aaa00000, 0x00000000aaa00000, 0x00000000aab00000|  0%| F|  |TAMS 0x00000000aaa00000, 0x00000000aaa00000| Untracked 
| 159|0x00000000aab00000, 0x00000000aab00000, 0x00000000aac00000|  0%| F|  |TAMS 0x00000000aab00000, 0x00000000aab00000| Untracked 
| 160|0x00000000aac00000, 0x00000000aac00000, 0x00000000aad00000|  0%| F|  |TAMS 0x00000000aac00000, 0x00000000aac00000| Untracked 
| 161|0x00000000aad00000, 0x00000000aad00000, 0x00000000aae00000|  0%| F|  |TAMS 0x00000000aad00000, 0x00000000aad00000| Untracked 
| 162|0x00000000aae00000, 0x00000000aae00000, 0x00000000aaf00000|  0%| F|  |TAMS 0x00000000aae00000, 0x00000000aae00000| Untracked 
| 163|0x00000000aaf00000, 0x00000000aaf00000, 0x00000000ab000000|  0%| F|  |TAMS 0x00000000aaf00000, 0x00000000aaf00000| Untracked 
| 164|0x00000000ab000000, 0x00000000ab000000, 0x00000000ab100000|  0%| F|  |TAMS 0x00000000ab000000, 0x00000000ab000000| Untracked 
| 165|0x00000000ab100000, 0x00000000ab100000, 0x00000000ab200000|  0%| F|  |TAMS 0x00000000ab100000, 0x00000000ab100000| Untracked 
| 166|0x00000000ab200000, 0x00000000ab200000, 0x00000000ab300000|  0%| F|  |TAMS 0x00000000ab200000, 0x00000000ab200000| Untracked 
| 167|0x00000000ab300000, 0x00000000ab300000, 0x00000000ab400000|  0%| F|  |TAMS 0x00000000ab300000, 0x00000000ab300000| Untracked 
| 168|0x00000000ab400000, 0x00000000ab400000, 0x00000000ab500000|  0%| F|  |TAMS 0x00000000ab400000, 0x00000000ab400000| Untracked 
| 169|0x00000000ab500000, 0x00000000ab500000, 0x00000000ab600000|  0%| F|  |TAMS 0x00000000ab500000, 0x00000000ab500000| Untracked 
| 170|0x00000000ab600000, 0x00000000ab600000, 0x00000000ab700000|  0%| F|  |TAMS 0x00000000ab600000, 0x00000000ab600000| Untracked 
| 171|0x00000000ab700000, 0x00000000ab700000, 0x00000000ab800000|  0%| F|  |TAMS 0x00000000ab700000, 0x00000000ab700000| Untracked 
| 172|0x00000000ab800000, 0x00000000ab800000, 0x00000000ab900000|  0%| F|  |TAMS 0x00000000ab800000, 0x00000000ab800000| Untracked 
| 173|0x00000000ab900000, 0x00000000ab900000, 0x00000000aba00000|  0%| F|  |TAMS 0x00000000ab900000, 0x00000000ab900000| Untracked 
| 174|0x00000000aba00000, 0x00000000aba00000, 0x00000000abb00000|  0%| F|  |TAMS 0x00000000aba00000, 0x00000000aba00000| Untracked 
| 175|0x00000000abb00000, 0x00000000abb00000, 0x00000000abc00000|  0%| F|  |TAMS 0x00000000abb00000, 0x00000000abb00000| Untracked 
| 176|0x00000000abc00000, 0x00000000abc00000, 0x00000000abd00000|  0%| F|  |TAMS 0x00000000abc00000, 0x00000000abc00000| Untracked 
| 177|0x00000000abd00000, 0x00000000abd00000, 0x00000000abe00000|  0%| F|  |TAMS 0x00000000abd00000, 0x00000000abd00000| Untracked 
| 178|0x00000000abe00000, 0x00000000abe00000, 0x00000000abf00000|  0%| F|  |TAMS 0x00000000abe00000, 0x00000000abe00000| Untracked 
| 179|0x00000000abf00000, 0x00000000abf00000, 0x00000000ac000000|  0%| F|  |TAMS 0x00000000abf00000, 0x00000000abf00000| Untracked 
| 180|0x00000000ac000000, 0x00000000ac000000, 0x00000000ac100000|  0%| F|  |TAMS 0x00000000ac000000, 0x00000000ac000000| Untracked 
| 181|0x00000000ac100000, 0x00000000ac100000, 0x00000000ac200000|  0%| F|  |TAMS 0x00000000ac100000, 0x00000000ac100000| Untracked 
| 182|0x00000000ac200000, 0x00000000ac200000, 0x00000000ac300000|  0%| F|  |TAMS 0x00000000ac200000, 0x00000000ac200000| Untracked 
| 183|0x00000000ac300000, 0x00000000ac300000, 0x00000000ac400000|  0%| F|  |TAMS 0x00000000ac300000, 0x00000000ac300000| Untracked 
| 184|0x00000000ac400000, 0x00000000ac400000, 0x00000000ac500000|  0%| F|  |TAMS 0x00000000ac400000, 0x00000000ac400000| Untracked 
| 185|0x00000000ac500000, 0x00000000ac500000, 0x00000000ac600000|  0%| F|  |TAMS 0x00000000ac500000, 0x00000000ac500000| Untracked 
| 186|0x00000000ac600000, 0x00000000ac600000, 0x00000000ac700000|  0%| F|  |TAMS 0x00000000ac600000, 0x00000000ac600000| Untracked 
| 187|0x00000000ac700000, 0x00000000ac700000, 0x00000000ac800000|  0%| F|  |TAMS 0x00000000ac700000, 0x00000000ac700000| Untracked 
| 188|0x00000000ac800000, 0x00000000ac800000, 0x00000000ac900000|  0%| F|  |TAMS 0x00000000ac800000, 0x00000000ac800000| Untracked 
| 189|0x00000000ac900000, 0x00000000ac900000, 0x00000000aca00000|  0%| F|  |TAMS 0x00000000ac900000, 0x00000000ac900000| Untracked 
| 190|0x00000000aca00000, 0x00000000aca00000, 0x00000000acb00000|  0%| F|  |TAMS 0x00000000aca00000, 0x00000000aca00000| Untracked 
| 191|0x00000000acb00000, 0x00000000acb00000, 0x00000000acc00000|  0%| F|  |TAMS 0x00000000acb00000, 0x00000000acb00000| Untracked 
| 192|0x00000000acc00000, 0x00000000acc00000, 0x00000000acd00000|  0%| F|  |TAMS 0x00000000acc00000, 0x00000000acc00000| Untracked 
| 193|0x00000000acd00000, 0x00000000acd00000, 0x00000000ace00000|  0%| F|  |TAMS 0x00000000acd00000, 0x00000000acd00000| Untracked 
| 194|0x00000000ace00000, 0x00000000ace00000, 0x00000000acf00000|  0%| F|  |TAMS 0x00000000ace00000, 0x00000000ace00000| Untracked 
| 195|0x00000000acf00000, 0x00000000acf00000, 0x00000000ad000000|  0%| F|  |TAMS 0x00000000acf00000, 0x00000000acf00000| Untracked 
| 196|0x00000000ad000000, 0x00000000ad000000, 0x00000000ad100000|  0%| F|  |TAMS 0x00000000ad000000, 0x00000000ad000000| Untracked 
| 197|0x00000000ad100000, 0x00000000ad100000, 0x00000000ad200000|  0%| F|  |TAMS 0x00000000ad100000, 0x00000000ad100000| Untracked 
| 198|0x00000000ad200000, 0x00000000ad200000, 0x00000000ad300000|  0%| F|  |TAMS 0x00000000ad200000, 0x00000000ad200000| Untracked 
| 199|0x00000000ad300000, 0x00000000ad300000, 0x00000000ad400000|  0%| F|  |TAMS 0x00000000ad300000, 0x00000000ad300000| Untracked 
| 200|0x00000000ad400000, 0x00000000ad400000, 0x00000000ad500000|  0%| F|  |TAMS 0x00000000ad400000, 0x00000000ad400000| Untracked 
| 201|0x00000000ad500000, 0x00000000ad500000, 0x00000000ad600000|  0%| F|  |TAMS 0x00000000ad500000, 0x00000000ad500000| Untracked 
| 202|0x00000000ad600000, 0x00000000ad600000, 0x00000000ad700000|  0%| F|  |TAMS 0x00000000ad600000, 0x00000000ad600000| Untracked 
| 203|0x00000000ad700000, 0x00000000ad700000, 0x00000000ad800000|  0%| F|  |TAMS 0x00000000ad700000, 0x00000000ad700000| Untracked 
| 204|0x00000000ad800000, 0x00000000ad800000, 0x00000000ad900000|  0%| F|  |TAMS 0x00000000ad800000, 0x00000000ad800000| Untracked 
| 205|0x00000000ad900000, 0x00000000ad900000, 0x00000000ada00000|  0%| F|  |TAMS 0x00000000ad900000, 0x00000000ad900000| Untracked 
| 206|0x00000000ada00000, 0x00000000ada00000, 0x00000000adb00000|  0%| F|  |TAMS 0x00000000ada00000, 0x00000000ada00000| Untracked 
| 207|0x00000000adb00000, 0x00000000adb00000, 0x00000000adc00000|  0%| F|  |TAMS 0x00000000adb00000, 0x00000000adb00000| Untracked 
| 208|0x00000000adc00000, 0x00000000adc00000, 0x00000000add00000|  0%| F|  |TAMS 0x00000000adc00000, 0x00000000adc00000| Untracked 
| 209|0x00000000add00000, 0x00000000add00000, 0x00000000ade00000|  0%| F|  |TAMS 0x00000000add00000, 0x00000000add00000| Untracked 
| 210|0x00000000ade00000, 0x00000000ade00000, 0x00000000adf00000|  0%| F|  |TAMS 0x00000000ade00000, 0x00000000ade00000| Untracked 
| 211|0x00000000adf00000, 0x00000000adf00000, 0x00000000ae000000|  0%| F|  |TAMS 0x00000000adf00000, 0x00000000adf00000| Untracked 
| 212|0x00000000ae000000, 0x00000000ae000000, 0x00000000ae100000|  0%| F|  |TAMS 0x00000000ae000000, 0x00000000ae000000| Untracked 
| 213|0x00000000ae100000, 0x00000000ae100000, 0x00000000ae200000|  0%| F|  |TAMS 0x00000000ae100000, 0x00000000ae100000| Untracked 
| 214|0x00000000ae200000, 0x00000000ae2a5e80, 0x00000000ae300000| 64%| S|CS|TAMS 0x00000000ae200000, 0x00000000ae200000| Complete 
| 215|0x00000000ae300000, 0x00000000ae400000, 0x00000000ae400000|100%| S|CS|TAMS 0x00000000ae300000, 0x00000000ae300000| Complete 
| 216|0x00000000ae400000, 0x00000000ae500000, 0x00000000ae500000|100%| S|CS|TAMS 0x00000000ae400000, 0x00000000ae400000| Complete 
| 217|0x00000000ae500000, 0x00000000ae600000, 0x00000000ae600000|100%| S|CS|TAMS 0x00000000ae500000, 0x00000000ae500000| Complete 
| 218|0x00000000ae600000, 0x00000000ae700000, 0x00000000ae700000|100%| S|CS|TAMS 0x00000000ae600000, 0x00000000ae600000| Complete 
| 219|0x00000000ae700000, 0x00000000ae800000, 0x00000000ae800000|100%| S|CS|TAMS 0x00000000ae700000, 0x00000000ae700000| Complete 
| 220|0x00000000ae800000, 0x00000000ae900000, 0x00000000ae900000|100%| S|CS|TAMS 0x00000000ae800000, 0x00000000ae800000| Complete 
| 221|0x00000000ae900000, 0x00000000ae900000, 0x00000000aea00000|  0%| F|  |TAMS 0x00000000ae900000, 0x00000000ae900000| Untracked 
| 222|0x00000000aea00000, 0x00000000aea00000, 0x00000000aeb00000|  0%| F|  |TAMS 0x00000000aea00000, 0x00000000aea00000| Untracked 
| 223|0x00000000aeb00000, 0x00000000aeb00000, 0x00000000aec00000|  0%| F|  |TAMS 0x00000000aeb00000, 0x00000000aeb00000| Untracked 
| 224|0x00000000aec00000, 0x00000000aec00000, 0x00000000aed00000|  0%| F|  |TAMS 0x00000000aec00000, 0x00000000aec00000| Untracked 
| 225|0x00000000aed00000, 0x00000000aed00000, 0x00000000aee00000|  0%| F|  |TAMS 0x00000000aed00000, 0x00000000aed00000| Untracked 
| 226|0x00000000aee00000, 0x00000000aee00000, 0x00000000aef00000|  0%| F|  |TAMS 0x00000000aee00000, 0x00000000aee00000| Untracked 
| 227|0x00000000aef00000, 0x00000000aef00000, 0x00000000af000000|  0%| F|  |TAMS 0x00000000aef00000, 0x00000000aef00000| Untracked 
| 228|0x00000000af000000, 0x00000000af000000, 0x00000000af100000|  0%| F|  |TAMS 0x00000000af000000, 0x00000000af000000| Untracked 
| 229|0x00000000af100000, 0x00000000af100000, 0x00000000af200000|  0%| F|  |TAMS 0x00000000af100000, 0x00000000af100000| Untracked 
| 230|0x00000000af200000, 0x00000000af200000, 0x00000000af300000|  0%| F|  |TAMS 0x00000000af200000, 0x00000000af200000| Untracked 
| 231|0x00000000af300000, 0x00000000af300000, 0x00000000af400000|  0%| F|  |TAMS 0x00000000af300000, 0x00000000af300000| Untracked 
| 232|0x00000000af400000, 0x00000000af400000, 0x00000000af500000|  0%| F|  |TAMS 0x00000000af400000, 0x00000000af400000| Untracked 
| 233|0x00000000af500000, 0x00000000af500000, 0x00000000af600000|  0%| F|  |TAMS 0x00000000af500000, 0x00000000af500000| Untracked 
| 234|0x00000000af600000, 0x00000000af600000, 0x00000000af700000|  0%| F|  |TAMS 0x00000000af600000, 0x00000000af600000| Untracked 
| 235|0x00000000af700000, 0x00000000af700000, 0x00000000af800000|  0%| F|  |TAMS 0x00000000af700000, 0x00000000af700000| Untracked 
| 236|0x00000000af800000, 0x00000000af800000, 0x00000000af900000|  0%| F|  |TAMS 0x00000000af800000, 0x00000000af800000| Untracked 
| 237|0x00000000af900000, 0x00000000af900000, 0x00000000afa00000|  0%| F|  |TAMS 0x00000000af900000, 0x00000000af900000| Untracked 
| 238|0x00000000afa00000, 0x00000000afa00000, 0x00000000afb00000|  0%| F|  |TAMS 0x00000000afa00000, 0x00000000afa00000| Untracked 
| 239|0x00000000afb00000, 0x00000000afb00000, 0x00000000afc00000|  0%| F|  |TAMS 0x00000000afb00000, 0x00000000afb00000| Untracked 
| 240|0x00000000afc00000, 0x00000000afc00000, 0x00000000afd00000|  0%| F|  |TAMS 0x00000000afc00000, 0x00000000afc00000| Untracked 
| 241|0x00000000afd00000, 0x00000000afd00000, 0x00000000afe00000|  0%| F|  |TAMS 0x00000000afd00000, 0x00000000afd00000| Untracked 
| 242|0x00000000afe00000, 0x00000000afe00000, 0x00000000aff00000|  0%| F|  |TAMS 0x00000000afe00000, 0x00000000afe00000| Untracked 
| 243|0x00000000aff00000, 0x00000000aff00000, 0x00000000b0000000|  0%| F|  |TAMS 0x00000000aff00000, 0x00000000aff00000| Untracked 
| 244|0x00000000b0000000, 0x00000000b0000000, 0x00000000b0100000|  0%| F|  |TAMS 0x00000000b0000000, 0x00000000b0000000| Untracked 
| 245|0x00000000b0100000, 0x00000000b0100000, 0x00000000b0200000|  0%| F|  |TAMS 0x00000000b0100000, 0x00000000b0100000| Untracked 
| 246|0x00000000b0200000, 0x00000000b0200000, 0x00000000b0300000|  0%| F|  |TAMS 0x00000000b0200000, 0x00000000b0200000| Untracked 
| 247|0x00000000b0300000, 0x00000000b0300000, 0x00000000b0400000|  0%| F|  |TAMS 0x00000000b0300000, 0x00000000b0300000| Untracked 
| 248|0x00000000b0400000, 0x00000000b0400000, 0x00000000b0500000|  0%| F|  |TAMS 0x00000000b0400000, 0x00000000b0400000| Untracked 
| 249|0x00000000b0500000, 0x00000000b0500000, 0x00000000b0600000|  0%| F|  |TAMS 0x00000000b0500000, 0x00000000b0500000| Untracked 
| 250|0x00000000b0600000, 0x00000000b0600000, 0x00000000b0700000|  0%| F|  |TAMS 0x00000000b0600000, 0x00000000b0600000| Untracked 
| 251|0x00000000b0700000, 0x00000000b0700000, 0x00000000b0800000|  0%| F|  |TAMS 0x00000000b0700000, 0x00000000b0700000| Untracked 
| 252|0x00000000b0800000, 0x00000000b0800000, 0x00000000b0900000|  0%| F|  |TAMS 0x00000000b0800000, 0x00000000b0800000| Untracked 
| 253|0x00000000b0900000, 0x00000000b0900000, 0x00000000b0a00000|  0%| F|  |TAMS 0x00000000b0900000, 0x00000000b0900000| Untracked 
| 254|0x00000000b0a00000, 0x00000000b0a00000, 0x00000000b0b00000|  0%| F|  |TAMS 0x00000000b0a00000, 0x00000000b0a00000| Untracked 
| 255|0x00000000b0b00000, 0x00000000b0b00000, 0x00000000b0c00000|  0%| F|  |TAMS 0x00000000b0b00000, 0x00000000b0b00000| Untracked 
| 256|0x00000000b0c00000, 0x00000000b0c00000, 0x00000000b0d00000|  0%| F|  |TAMS 0x00000000b0c00000, 0x00000000b0c00000| Untracked 
| 257|0x00000000b0d00000, 0x00000000b0d00000, 0x00000000b0e00000|  0%| F|  |TAMS 0x00000000b0d00000, 0x00000000b0d00000| Untracked 
| 258|0x00000000b0e00000, 0x00000000b0e00000, 0x00000000b0f00000|  0%| F|  |TAMS 0x00000000b0e00000, 0x00000000b0e00000| Untracked 
| 259|0x00000000b0f00000, 0x00000000b0f00000, 0x00000000b1000000|  0%| F|  |TAMS 0x00000000b0f00000, 0x00000000b0f00000| Untracked 
| 260|0x00000000b1000000, 0x00000000b1000000, 0x00000000b1100000|  0%| F|  |TAMS 0x00000000b1000000, 0x00000000b1000000| Untracked 
| 261|0x00000000b1100000, 0x00000000b1100000, 0x00000000b1200000|  0%| F|  |TAMS 0x00000000b1100000, 0x00000000b1100000| Untracked 
| 262|0x00000000b1200000, 0x00000000b1200000, 0x00000000b1300000|  0%| F|  |TAMS 0x00000000b1200000, 0x00000000b1200000| Untracked 
| 263|0x00000000b1300000, 0x00000000b1300000, 0x00000000b1400000|  0%| F|  |TAMS 0x00000000b1300000, 0x00000000b1300000| Untracked 
| 264|0x00000000b1400000, 0x00000000b1400000, 0x00000000b1500000|  0%| F|  |TAMS 0x00000000b1400000, 0x00000000b1400000| Untracked 
| 265|0x00000000b1500000, 0x00000000b1500000, 0x00000000b1600000|  0%| F|  |TAMS 0x00000000b1500000, 0x00000000b1500000| Untracked 
| 266|0x00000000b1600000, 0x00000000b1600000, 0x00000000b1700000|  0%| F|  |TAMS 0x00000000b1600000, 0x00000000b1600000| Untracked 
| 267|0x00000000b1700000, 0x00000000b1700000, 0x00000000b1800000|  0%| F|  |TAMS 0x00000000b1700000, 0x00000000b1700000| Untracked 
| 268|0x00000000b1800000, 0x00000000b1800000, 0x00000000b1900000|  0%| F|  |TAMS 0x00000000b1800000, 0x00000000b1800000| Untracked 
| 269|0x00000000b1900000, 0x00000000b1900000, 0x00000000b1a00000|  0%| F|  |TAMS 0x00000000b1900000, 0x00000000b1900000| Untracked 
| 270|0x00000000b1a00000, 0x00000000b1a00000, 0x00000000b1b00000|  0%| F|  |TAMS 0x00000000b1a00000, 0x00000000b1a00000| Untracked 
| 271|0x00000000b1b00000, 0x00000000b1b00000, 0x00000000b1c00000|  0%| F|  |TAMS 0x00000000b1b00000, 0x00000000b1b00000| Untracked 
| 272|0x00000000b1c00000, 0x00000000b1c00000, 0x00000000b1d00000|  0%| F|  |TAMS 0x00000000b1c00000, 0x00000000b1c00000| Untracked 
| 273|0x00000000b1d00000, 0x00000000b1d00000, 0x00000000b1e00000|  0%| F|  |TAMS 0x00000000b1d00000, 0x00000000b1d00000| Untracked 
| 274|0x00000000b1e00000, 0x00000000b1e00000, 0x00000000b1f00000|  0%| F|  |TAMS 0x00000000b1e00000, 0x00000000b1e00000| Untracked 
| 275|0x00000000b1f00000, 0x00000000b1f00000, 0x00000000b2000000|  0%| F|  |TAMS 0x00000000b1f00000, 0x00000000b1f00000| Untracked 
| 276|0x00000000b2000000, 0x00000000b2000000, 0x00000000b2100000|  0%| F|  |TAMS 0x00000000b2000000, 0x00000000b2000000| Untracked 
| 277|0x00000000b2100000, 0x00000000b2100000, 0x00000000b2200000|  0%| F|  |TAMS 0x00000000b2100000, 0x00000000b2100000| Untracked 
| 278|0x00000000b2200000, 0x00000000b2200000, 0x00000000b2300000|  0%| F|  |TAMS 0x00000000b2200000, 0x00000000b2200000| Untracked 
| 279|0x00000000b2300000, 0x00000000b2300000, 0x00000000b2400000|  0%| F|  |TAMS 0x00000000b2300000, 0x00000000b2300000| Untracked 
| 280|0x00000000b2400000, 0x00000000b2400000, 0x00000000b2500000|  0%| F|  |TAMS 0x00000000b2400000, 0x00000000b2400000| Untracked 
| 281|0x00000000b2500000, 0x00000000b2500000, 0x00000000b2600000|  0%| F|  |TAMS 0x00000000b2500000, 0x00000000b2500000| Untracked 
| 282|0x00000000b2600000, 0x00000000b2600000, 0x00000000b2700000|  0%| F|  |TAMS 0x00000000b2600000, 0x00000000b2600000| Untracked 
| 283|0x00000000b2700000, 0x00000000b2700000, 0x00000000b2800000|  0%| F|  |TAMS 0x00000000b2700000, 0x00000000b2700000| Untracked 
| 284|0x00000000b2800000, 0x00000000b2800000, 0x00000000b2900000|  0%| F|  |TAMS 0x00000000b2800000, 0x00000000b2800000| Untracked 
| 285|0x00000000b2900000, 0x00000000b2900000, 0x00000000b2a00000|  0%| F|  |TAMS 0x00000000b2900000, 0x00000000b2900000| Untracked 
| 286|0x00000000b2a00000, 0x00000000b2a00000, 0x00000000b2b00000|  0%| F|  |TAMS 0x00000000b2a00000, 0x00000000b2a00000| Untracked 
| 287|0x00000000b2b00000, 0x00000000b2b00000, 0x00000000b2c00000|  0%| F|  |TAMS 0x00000000b2b00000, 0x00000000b2b00000| Untracked 
| 288|0x00000000b2c00000, 0x00000000b2c00000, 0x00000000b2d00000|  0%| F|  |TAMS 0x00000000b2c00000, 0x00000000b2c00000| Untracked 
| 289|0x00000000b2d00000, 0x00000000b2d00000, 0x00000000b2e00000|  0%| F|  |TAMS 0x00000000b2d00000, 0x00000000b2d00000| Untracked 
| 290|0x00000000b2e00000, 0x00000000b2e00000, 0x00000000b2f00000|  0%| F|  |TAMS 0x00000000b2e00000, 0x00000000b2e00000| Untracked 
| 291|0x00000000b2f00000, 0x00000000b2f00000, 0x00000000b3000000|  0%| F|  |TAMS 0x00000000b2f00000, 0x00000000b2f00000| Untracked 
| 292|0x00000000b3000000, 0x00000000b3000000, 0x00000000b3100000|  0%| F|  |TAMS 0x00000000b3000000, 0x00000000b3000000| Untracked 
| 293|0x00000000b3100000, 0x00000000b3100000, 0x00000000b3200000|  0%| F|  |TAMS 0x00000000b3100000, 0x00000000b3100000| Untracked 
| 294|0x00000000b3200000, 0x00000000b3200000, 0x00000000b3300000|  0%| F|  |TAMS 0x00000000b3200000, 0x00000000b3200000| Untracked 
| 295|0x00000000b3300000, 0x00000000b3300000, 0x00000000b3400000|  0%| F|  |TAMS 0x00000000b3300000, 0x00000000b3300000| Untracked 
| 296|0x00000000b3400000, 0x00000000b3400000, 0x00000000b3500000|  0%| F|  |TAMS 0x00000000b3400000, 0x00000000b3400000| Untracked 
| 297|0x00000000b3500000, 0x00000000b3500000, 0x00000000b3600000|  0%| F|  |TAMS 0x00000000b3500000, 0x00000000b3500000| Untracked 
| 298|0x00000000b3600000, 0x00000000b3600000, 0x00000000b3700000|  0%| F|  |TAMS 0x00000000b3600000, 0x00000000b3600000| Untracked 
| 299|0x00000000b3700000, 0x00000000b3700000, 0x00000000b3800000|  0%| F|  |TAMS 0x00000000b3700000, 0x00000000b3700000| Untracked 
| 300|0x00000000b3800000, 0x00000000b3800000, 0x00000000b3900000|  0%| F|  |TAMS 0x00000000b3800000, 0x00000000b3800000| Untracked 
| 301|0x00000000b3900000, 0x00000000b3900000, 0x00000000b3a00000|  0%| F|  |TAMS 0x00000000b3900000, 0x00000000b3900000| Untracked 

Card table byte_map: [0x000002637c740000,0x000002637ca40000] _byte_map_base: 0x000002637c23a000

Marking Bits (Prev, Next): (CMBitMap*) 0x00000263792d93d0, (CMBitMap*) 0x00000263792d9410
 Prev Bits: [0x000002637cd40000, 0x000002637e510000)
 Next Bits: [0x000002637e510000, 0x000002637fce0000)

Polling page: 0x0000026377470000

Metaspace:

Usage:
  Non-class:     55.98 MB used.
      Class:      9.87 MB used.
       Both:     65.85 MB used.

Virtual space:
  Non-class space:       64.00 MB reserved,      56.31 MB ( 88%) committed,  1 nodes.
      Class space:        1.00 GB reserved,      10.19 MB ( <1%) committed,  1 nodes.
             Both:        1.06 GB reserved,      66.50 MB (  6%) committed. 

Chunk freelists:
   Non-Class:  7.60 MB
       Class:  5.73 MB
        Both:  13.34 MB

MaxMetaspaceSize: unlimited
CompressedClassSpaceSize: 1.00 GB
Initial GC threshold: 21.00 MB
Current GC threshold: 109.81 MB
CDS: on
MetaspaceReclaimPolicy: balanced
 - commit_granule_bytes: 65536.
 - commit_granule_words: 8192.
 - virtual_space_node_default_size: 8388608.
 - enlarge_chunks_in_place: 1.
 - new_chunks_are_fully_committed: 0.
 - uncommit_free_chunks: 1.
 - use_allocation_guard: 0.
 - handle_deallocations: 1.


Internal statistics:

num_allocs_failed_limit: 9.
num_arena_births: 872.
num_arena_deaths: 0.
num_vsnodes_births: 2.
num_vsnodes_deaths: 0.
num_space_committed: 1064.
num_space_uncommitted: 0.
num_chunks_returned_to_freelist: 9.
num_chunks_taken_from_freelist: 3419.
num_chunk_merges: 9.
num_chunk_splits: 2513.
num_chunks_enlarged: 1997.
num_inconsistent_stats: 0.

CodeCache: size=49152Kb used=13106Kb max_used=13662Kb free=36045Kb
 bounds [0x0000026379330000, 0x000002637a090000, 0x000002637c330000]
 total_blobs=8436 nmethods=7774 adapters=588
 compilation: enabled
              stopped_count=0, restarted_count=0
 full_count=0

Compilation events (20 events):
Event: 26.553 Thread 0x000002630a2e52f0 7766       1       org.springframework.data.util.CustomCollections$SearchableTypes::hasSuperTypeFor (24 bytes)
Event: 26.554 Thread 0x000002630a2e52f0 nmethod 7766 0x0000026379dd1890 code [0x0000026379dd1a40, 0x0000026379dd1c38]
Event: 26.554 Thread 0x000002630a2e52f0 7768       1       org.springframework.data.util.CustomCollections$SearchableTypes$$Lambda$1278/0x000002630c8a5bd0::test (12 bytes)
Event: 26.554 Thread 0x000002630a2e52f0 nmethod 7768 0x0000026379dd1490 code [0x0000026379dd1640, 0x0000026379dd17a8]
Event: 26.554 Thread 0x000002630a2e52f0 7762       1       org.springframework.core.annotation.TypeMappedAnnotation::isSynthesizable (34 bytes)
Event: 26.556 Thread 0x000002630a2e52f0 nmethod 7762 0x0000026379dd0690 code [0x0000026379dd08e0, 0x0000026379dd0f58]
Event: 26.556 Thread 0x000002630a2e52f0 7769       1       sun.reflect.generics.reflectiveObjects.ParameterizedTypeImpl::equals (81 bytes)
Event: 26.558 Thread 0x000002630a2e52f0 nmethod 7769 0x0000026379dcff90 code [0x0000026379dd0180, 0x0000026379dd0548]
Event: 26.558 Thread 0x000002630a2e52f0 7771       1       jdk.internal.reflect.ClassFileAssembler::append (9 bytes)
Event: 26.559 Thread 0x000002630a2e52f0 nmethod 7771 0x0000026379dcf890 code [0x0000026379dcfa60, 0x0000026379dcfcd8]
Event: 26.559 Thread 0x000002630a2e52f0 7770       1       jdk.internal.reflect.ClassFileAssembler::<init> (8 bytes)
Event: 26.559 Thread 0x000002630a2e52f0 nmethod 7770 0x0000026379dcf310 code [0x0000026379dcf4c0, 0x0000026379dcf778]
Event: 26.559 Thread 0x000002630a2e52f0 7772       1       org.springframework.core.metrics.DefaultApplicationStartup$DefaultStartupStep::tag (2 bytes)
Event: 26.560 Thread 0x000002630a2e52f0 nmethod 7772 0x0000026379dcf010 code [0x0000026379dcf1a0, 0x0000026379dcf278]
Event: 26.561 Thread 0x000002630a2e52f0 7773   !   1       jdk.proxy2.$Proxy143::annotationType (29 bytes)
Event: 26.561 Thread 0x000002630a2e52f0 nmethod 7773 0x0000026379dceb10 code [0x0000026379dcecc0, 0x0000026379dceed8]
Event: 26.561 Thread 0x000002630a2e52f0 7774   !   1       org.springframework.orm.jpa.AbstractEntityManagerFactoryBean::invokeProxyMethod (201 bytes)
Event: 26.565 Thread 0x000002630a2e52f0 nmethod 7774 0x000002637996dc90 code [0x000002637996e000, 0x000002637996eee8]
Event: 26.565 Thread 0x000002630a2e52f0 7775   !   1       java.util.regex.Pattern$Neg::match (121 bytes)
Event: 26.566 Thread 0x000002630a2e52f0 nmethod 7775 0x0000026379dce410 code [0x0000026379dce5e0, 0x0000026379dce858]

GC Heap History (20 events):
Event: 22.659 GC heap after
{Heap after GC invocations=24 (full 0):
 garbage-first heap   total 107520K, used 61440K [0x00000000a0c00000, 0x0000000100000000)
  region size 1024K, 3 young (3072K), 3 survivors (3072K)
 Metaspace       used 66868K, committed 67456K, reserved 1114112K
  class space    used 10031K, committed 10304K, reserved 1048576K
}
Event: 22.748 GC heap before
{Heap before GC invocations=24 (full 0):
 garbage-first heap   total 107520K, used 81920K [0x00000000a0c00000, 0x0000000100000000)
  region size 1024K, 23 young (23552K), 3 survivors (3072K)
 Metaspace       used 66868K, committed 67456K, reserved 1114112K
  class space    used 10031K, committed 10304K, reserved 1048576K
}
Event: 22.760 GC heap after
{Heap after GC invocations=25 (full 0):
 garbage-first heap   total 107520K, used 69083K [0x00000000a0c00000, 0x0000000100000000)
  region size 1024K, 3 young (3072K), 3 survivors (3072K)
 Metaspace       used 66868K, committed 67456K, reserved 1114112K
  class space    used 10031K, committed 10304K, reserved 1048576K
}
Event: 22.848 GC heap before
{Heap before GC invocations=25 (full 0):
 garbage-first heap   total 107520K, used 82395K [0x00000000a0c00000, 0x0000000100000000)
  region size 1024K, 16 young (16384K), 3 survivors (3072K)
 Metaspace       used 66868K, committed 67456K, reserved 1114112K
  class space    used 10031K, committed 10304K, reserved 1048576K
}
Event: 22.856 GC heap after
{Heap after GC invocations=26 (full 0):
 garbage-first heap   total 107520K, used 72704K [0x00000000a0c00000, 0x0000000100000000)
  region size 1024K, 2 young (2048K), 2 survivors (2048K)
 Metaspace       used 66868K, committed 67456K, reserved 1114112K
  class space    used 10031K, committed 10304K, reserved 1048576K
}
Event: 22.924 GC heap before
{Heap before GC invocations=27 (full 0):
 garbage-first heap   total 122880K, used 84992K [0x00000000a0c00000, 0x0000000100000000)
  region size 1024K, 14 young (14336K), 2 survivors (2048K)
 Metaspace       used 66869K, committed 67456K, reserved 1114112K
  class space    used 10031K, committed 10304K, reserved 1048576K
}
Event: 22.928 GC heap after
{Heap after GC invocations=28 (full 0):
 garbage-first heap   total 122880K, used 73701K [0x00000000a0c00000, 0x0000000100000000)
  region size 1024K, 1 young (1024K), 1 survivors (1024K)
 Metaspace       used 66869K, committed 67456K, reserved 1114112K
  class space    used 10031K, committed 10304K, reserved 1048576K
}
Event: 23.028 GC heap before
{Heap before GC invocations=28 (full 0):
 garbage-first heap   total 122880K, used 96229K [0x00000000a0c00000, 0x0000000100000000)
  region size 1024K, 23 young (23552K), 1 survivors (1024K)
 Metaspace       used 66869K, committed 67456K, reserved 1114112K
  class space    used 10031K, committed 10304K, reserved 1048576K
}
Event: 23.031 GC heap after
{Heap after GC invocations=29 (full 0):
 garbage-first heap   total 122880K, used 76139K [0x00000000a0c00000, 0x0000000100000000)
  region size 1024K, 3 young (3072K), 3 survivors (3072K)
 Metaspace       used 66869K, committed 67456K, reserved 1114112K
  class space    used 10031K, committed 10304K, reserved 1048576K
}
Event: 23.159 GC heap before
{Heap before GC invocations=30 (full 0):
 garbage-first heap   total 130048K, used 91499K [0x00000000a0c00000, 0x0000000100000000)
  region size 1024K, 24 young (24576K), 3 survivors (3072K)
 Metaspace       used 66871K, committed 67456K, reserved 1114112K
  class space    used 10033K, committed 10304K, reserved 1048576K
}
Event: 23.166 GC heap after
{Heap after GC invocations=31 (full 0):
 garbage-first heap   total 130048K, used 74189K [0x00000000a0c00000, 0x0000000100000000)
  region size 1024K, 3 young (3072K), 3 survivors (3072K)
 Metaspace       used 66871K, committed 67456K, reserved 1114112K
  class space    used 10033K, committed 10304K, reserved 1048576K
}
Event: 23.181 GC heap before
{Heap before GC invocations=31 (full 0):
 garbage-first heap   total 130048K, used 77261K [0x00000000a0c00000, 0x0000000100000000)
  region size 1024K, 6 young (6144K), 3 survivors (3072K)
 Metaspace       used 66871K, committed 67456K, reserved 1114112K
  class space    used 10033K, committed 10304K, reserved 1048576K
}
Event: 23.188 GC heap after
{Heap after GC invocations=32 (full 0):
 garbage-first heap   total 309248K, used 62440K [0x00000000a0c00000, 0x0000000100000000)
  region size 1024K, 1 young (1024K), 1 survivors (1024K)
 Metaspace       used 66871K, committed 67456K, reserved 1114112K
  class space    used 10033K, committed 10304K, reserved 1048576K
}
Event: 23.278 GC heap before
{Heap before GC invocations=32 (full 0):
 garbage-first heap   total 309248K, used 76776K [0x00000000a0c00000, 0x0000000100000000)
  region size 1024K, 15 young (15360K), 1 survivors (1024K)
 Metaspace       used 66871K, committed 67456K, reserved 1114112K
  class space    used 10033K, committed 10304K, reserved 1048576K
}
Event: 23.287 GC heap after
{Heap after GC invocations=33 (full 0):
 garbage-first heap   total 309248K, used 57581K [0x00000000a0c00000, 0x0000000100000000)
  region size 1024K, 2 young (2048K), 2 survivors (2048K)
 Metaspace       used 66871K, committed 67456K, reserved 1114112K
  class space    used 10033K, committed 10304K, reserved 1048576K
}
Event: 24.473 GC heap before
{Heap before GC invocations=33 (full 0):
 garbage-first heap   total 309248K, used 235757K [0x00000000a0c00000, 0x0000000100000000)
  region size 1024K, 173 young (177152K), 2 survivors (2048K)
 Metaspace       used 66871K, committed 67456K, reserved 1114112K
  class space    used 10033K, committed 10304K, reserved 1048576K
}
Event: 24.547 GC heap after
{Heap after GC invocations=34 (full 0):
 garbage-first heap   total 309248K, used 124734K [0x00000000a0c00000, 0x0000000100000000)
  region size 1024K, 22 young (22528K), 22 survivors (22528K)
 Metaspace       used 66871K, committed 67456K, reserved 1114112K
  class space    used 10033K, committed 10304K, reserved 1048576K
}
Event: 25.047 GC heap before
{Heap before GC invocations=34 (full 0):
 garbage-first heap   total 309248K, used 201534K [0x00000000a0c00000, 0x0000000100000000)
  region size 1024K, 94 young (96256K), 22 survivors (22528K)
 Metaspace       used 66873K, committed 67456K, reserved 1114112K
  class space    used 10033K, committed 10304K, reserved 1048576K
}
Event: 25.076 GC heap after
{Heap after GC invocations=35 (full 0):
 garbage-first heap   total 309248K, used 133475K [0x00000000a0c00000, 0x0000000100000000)
  region size 1024K, 4 young (4096K), 4 survivors (4096K)
 Metaspace       used 66873K, committed 67456K, reserved 1114112K
  class space    used 10033K, committed 10304K, reserved 1048576K
}
Event: 26.667 GC heap before
{Heap before GC invocations=35 (full 0):
 garbage-first heap   total 309248K, used 212323K [0x00000000a0c00000, 0x0000000100000000)
  region size 1024K, 81 young (82944K), 4 survivors (4096K)
 Metaspace       used 67429K, committed 68096K, reserved 1114112K
  class space    used 10107K, committed 10432K, reserved 1048576K
}

Dll operation events (12 events):
Event: 0.049 Loaded shared library C:\Users\alvar\.jdks\ms-17.0.19\bin\java.dll
Event: 0.114 Loaded shared library C:\Users\alvar\.jdks\ms-17.0.19\bin\jsvml.dll
Event: 0.773 Loaded shared library C:\Users\alvar\.jdks\ms-17.0.19\bin\zip.dll
Event: 0.781 Loaded shared library C:\Users\alvar\.jdks\ms-17.0.19\bin\instrument.dll
Event: 0.798 Loaded shared library C:\Users\alvar\.jdks\ms-17.0.19\bin\net.dll
Event: 0.803 Loaded shared library C:\Users\alvar\.jdks\ms-17.0.19\bin\nio.dll
Event: 0.811 Loaded shared library C:\Users\alvar\.jdks\ms-17.0.19\bin\zip.dll
Event: 1.330 Loaded shared library C:\Users\alvar\.jdks\ms-17.0.19\bin\extnet.dll
Event: 1.419 Loaded shared library C:\Users\alvar\.jdks\ms-17.0.19\bin\jimage.dll
Event: 7.169 Loaded shared library C:\Users\alvar\.jdks\ms-17.0.19\bin\sunmscapi.dll
Event: 11.985 Loaded shared library C:\Users\alvar\.jdks\ms-17.0.19\bin\management.dll
Event: 11.992 Loaded shared library C:\Users\alvar\.jdks\ms-17.0.19\bin\management_ext.dll

Deoptimization events (8 events):
Event: 14.970 Thread 0x000002630a2dfb80 DEOPT PACKING pc=0x00000263796ba597 sp=0x0000006f3a9ff390
Event: 14.970 Thread 0x000002630a2dfb80 DEOPT UNPACKING pc=0x0000026379387143 sp=0x0000006f3a9fe7e8 mode 3
Event: 14.971 Thread 0x000002637928b350 DEOPT PACKING pc=0x00000263796d5a81 sp=0x0000006f38df9c70
Event: 14.971 Thread 0x000002637928b350 DEOPT UNPACKING pc=0x0000026379387143 sp=0x0000006f38df9100 mode 3
Event: 17.936 Thread 0x000002637928b350 DEOPT PACKING pc=0x0000026379cfb474 sp=0x0000006f38df8f50
Event: 17.936 Thread 0x000002637928b350 DEOPT UNPACKING pc=0x0000026379387143 sp=0x0000006f38df83e8 mode 0
Event: 19.020 Thread 0x000002637928b350 DEOPT PACKING pc=0x0000026379f00e6c sp=0x0000006f38df9810
Event: 19.020 Thread 0x000002637928b350 DEOPT UNPACKING pc=0x0000026379387143 sp=0x0000006f38df8d88 mode 0

Classes loaded (20 events):
Event: 20.746 Loading class javax/net/ssl/SSLException
Event: 20.747 Loading class javax/net/ssl/SSLException done
Event: 20.782 Loading class java/nio/channels/CompletionHandler
Event: 20.784 Loading class java/nio/channels/CompletionHandler done
Event: 20.984 Loading class java/util/EmptyStackException
Event: 20.984 Loading class java/util/EmptyStackException done
Event: 21.167 Loading class java/io/InvalidClassException
Event: 21.168 Loading class java/io/InvalidClassException done
Event: 21.190 Loading class java/util/ArrayList$ListItr
Event: 21.190 Loading class java/util/ArrayList$ListItr done
Event: 22.174 Loading class java/lang/invoke/MethodHandleImpl$CountingWrapper$1
Event: 22.174 Loading class java/lang/invoke/MethodHandleImpl$CountingWrapper$1 done
Event: 22.190 Loading class sun/reflect/ReflectionFactory
Event: 22.191 Loading class sun/reflect/ReflectionFactory done
Event: 22.191 Loading class sun/reflect/ReflectionFactory$1
Event: 22.191 Loading class sun/reflect/ReflectionFactory$1 done
Event: 22.191 Loading class java/io/OptionalDataException
Event: 22.191 Loading class java/io/OptionalDataException done
Event: 22.191 Loading class jdk/internal/reflect/SerializationConstructorAccessorImpl
Event: 22.192 Loading class jdk/internal/reflect/SerializationConstructorAccessorImpl done

Classes unloaded (0 events):
No events

Classes redefined (0 events):
No events

Internal exceptions (20 events):
Event: 20.628 Thread 0x000002637928b350 Exception <a 'java/lang/reflect/InvocationTargetException'{0x00000000a58bec58}> (0x00000000a58bec58) 
thrown [s\src\hotspot\share\runtime\reflection.cpp, line 1128]
Event: 20.632 Thread 0x000002637928b350 Exception <a 'java/lang/reflect/InvocationTargetException'{0x00000000a58cd2d8}> (0x00000000a58cd2d8) 
thrown [s\src\hotspot\share\runtime\reflection.cpp, line 1128]
Event: 20.784 Thread 0x000002637928b350 Exception <a 'java/lang/NoSuchMethodError'{0x00000000a5394de8}: 'long java.lang.invoke.DirectMethodHandle$Holder.invokeVirtual(java.lang.Object, java.lang.Object)'> (0x00000000a5394de8) 
thrown [s\src\hotspot\share\interpreter\linkResolver.cpp, line 759]
Event: 20.843 Thread 0x000002637928b350 Exception <a 'java/lang/NoSuchMethodError'{0x00000000a5154558}: 'void java.lang.invoke.DirectMethodHandle$Holder.invokeVirtual(java.lang.Object, java.lang.Object, long)'> (0x00000000a5154558) 
thrown [s\src\hotspot\share\interpreter\linkResolver.cpp, line 759]
Event: 20.899 Thread 0x000002637928b350 Exception <a 'java/lang/reflect/InvocationTargetException'{0x00000000a4fc7190}> (0x00000000a4fc7190) 
thrown [s\src\hotspot\share\runtime\reflection.cpp, line 1128]
Event: 20.937 Thread 0x000002637928b350 Exception <a 'java/lang/reflect/InvocationTargetException'{0x00000000a4df84c0}> (0x00000000a4df84c0) 
thrown [s\src\hotspot\share\runtime\reflection.cpp, line 1128]
Event: 20.945 Thread 0x000002637928b350 Exception <a 'java/lang/reflect/InvocationTargetException'{0x00000000a4c23b28}> (0x00000000a4c23b28) 
thrown [s\src\hotspot\share\runtime\reflection.cpp, line 1128]
Event: 21.977 Thread 0x000002637928b350 Exception <a 'java/lang/reflect/InvocationTargetException'{0x00000000a4b902f0}> (0x00000000a4b902f0) 
thrown [s\src\hotspot\share\runtime\reflection.cpp, line 1128]
Event: 21.979 Thread 0x000002637928b350 Exception <a 'java/lang/reflect/InvocationTargetException'{0x00000000a4b98e70}> (0x00000000a4b98e70) 
thrown [s\src\hotspot\share\runtime\reflection.cpp, line 1128]
Event: 22.059 Thread 0x000002637928b350 Exception <a 'java/lang/reflect/InvocationTargetException'{0x00000000a48f0740}> (0x00000000a48f0740) 
thrown [s\src\hotspot\share\runtime\reflection.cpp, line 1128]
Event: 22.064 Thread 0x000002637928b350 Exception <a 'java/lang/reflect/InvocationTargetException'{0x00000000a4709268}> (0x00000000a4709268) 
thrown [s\src\hotspot\share\runtime\reflection.cpp, line 1128]
Event: 22.068 Thread 0x000002637928b350 Exception <a 'java/lang/reflect/InvocationTargetException'{0x00000000a4722c68}> (0x00000000a4722c68) 
thrown [s\src\hotspot\share\runtime\reflection.cpp, line 1128]
Event: 22.071 Thread 0x000002637928b350 Exception <a 'java/lang/reflect/InvocationTargetException'{0x00000000a4731430}> (0x00000000a4731430) 
thrown [s\src\hotspot\share\runtime\reflection.cpp, line 1128]
Event: 22.073 Thread 0x000002637928b350 Exception <a 'java/lang/reflect/InvocationTargetException'{0x00000000a473df18}> (0x00000000a473df18) 
thrown [s\src\hotspot\share\runtime\reflection.cpp, line 1128]
Event: 22.124 Thread 0x000002637928b350 Exception <a 'java/lang/reflect/InvocationTargetException'{0x00000000a45f2a10}> (0x00000000a45f2a10) 
thrown [s\src\hotspot\share\runtime\reflection.cpp, line 1128]
Event: 22.166 Thread 0x000002637928b350 Exception <a 'java/lang/NoSuchMethodError'{0x00000000a43ddb78}: 'int java.lang.invoke.DirectMethodHandle$Holder.invokeStaticInit(java.lang.Object, int, java.lang.Object, java.lang.Object, java.lang.Object, java.lang.Object)'> (0x00000000a43ddb78) 
thrown [s\src\hotspot\share\interpreter\linkResolver.cpp, line 759]
Event: 25.614 Thread 0x000002637928b350 Exception <a 'java/io/FileNotFoundException'{0x00000000b29704b0}> (0x00000000b29704b0) 
thrown [s\src\hotspot\share\prims\jni.cpp, line 516]
Event: 25.616 Thread 0x000002637928b350 Exception <a 'java/io/FileNotFoundException'{0x00000000b297b838}> (0x00000000b297b838) 
thrown [s\src\hotspot\share\prims\jni.cpp, line 516]
Event: 25.618 Thread 0x000002637928b350 Exception <a 'java/io/FileNotFoundException'{0x00000000b2986de0}> (0x00000000b2986de0) 
thrown [s\src\hotspot\share\prims\jni.cpp, line 516]
Event: 25.620 Thread 0x000002637928b350 Exception <a 'java/io/FileNotFoundException'{0x00000000b29922c0}> (0x00000000b29922c0) 
thrown [s\src\hotspot\share\prims\jni.cpp, line 516]

VM Operations (20 events):
Event: 22.928 Executing VM operation: G1CollectForAllocation done
Event: 23.028 Executing VM operation: G1CollectForAllocation
Event: 23.031 Executing VM operation: G1CollectForAllocation done
Event: 23.078 Executing VM operation: G1PauseRemark
Event: 23.082 Executing VM operation: G1PauseRemark done
Event: 23.107 Executing VM operation: G1PauseCleanup
Event: 23.107 Executing VM operation: G1PauseCleanup done
Event: 23.159 Executing VM operation: G1CollectForAllocation
Event: 23.166 Executing VM operation: G1CollectForAllocation done
Event: 23.181 Executing VM operation: G1CollectForAllocation
Event: 23.188 Executing VM operation: G1CollectForAllocation done
Event: 23.278 Executing VM operation: G1CollectForAllocation
Event: 23.287 Executing VM operation: G1CollectForAllocation done
Event: 24.473 Executing VM operation: G1CollectForAllocation
Event: 24.547 Executing VM operation: G1CollectForAllocation done
Event: 25.047 Executing VM operation: G1CollectForAllocation
Event: 25.076 Executing VM operation: G1CollectForAllocation done
Event: 26.080 Executing VM operation: Cleanup
Event: 26.081 Executing VM operation: Cleanup done
Event: 26.667 Executing VM operation: G1CollectForAllocation

Memory protections (0 events):
No events

Nmethod flushes (0 events):
No events

Events (20 events):
Event: 0.723 Thread 0x000002637928b350 Thread added: 0x000002630a2dec50
Event: 1.260 Thread 0x000002637928b350 Thread added: 0x000002630a2df160
Event: 1.261 Thread 0x000002637928b350 Thread added: 0x000002630a2dc8e0
Event: 4.106 Thread 0x000002637928b350 Thread added: 0x000002630a2dfb80
Event: 7.181 Thread 0x000002630a2dfb80 Thread exited: 0x000002630a2dfb80
Event: 7.294 Thread 0x000002637928b350 Thread added: 0x000002630a2dcdf0
Event: 7.366 Thread 0x000002630a2dcdf0 Thread exited: 0x000002630a2dcdf0
Event: 8.756 Thread 0x000002630a2e52f0 Thread added: 0x00000263505085a0
Event: 10.650 Thread 0x000002630a2e52f0 Thread added: 0x0000026350507060
Event: 12.274 Thread 0x000002637928b350 Thread added: 0x000002630a2df670
Event: 14.787 Thread 0x0000026350507060 Thread exited: 0x0000026350507060
Event: 14.968 Thread 0x000002637928b350 Thread added: 0x000002630a2dfb80
Event: 15.092 Thread 0x000002630a2dfb80 Thread added: 0x000002630a2dcdf0
Event: 18.339 Thread 0x00000263505085a0 Thread added: 0x0000026350507b00
Event: 20.534 Thread 0x000002630a2dcdf0 Thread exited: 0x000002630a2dcdf0
Event: 20.809 Thread 0x000002637928b350 Thread added: 0x000002630a2dcdf0
Event: 20.816 Thread 0x000002630a2dcdf0 Thread added: 0x000002630a2ddd20
Event: 20.820 Thread 0x000002637928b350 Thread added: 0x0000026351c8baa0
Event: 22.915 Thread 0x0000026350507b00 Thread exited: 0x0000026350507b00
Event: 24.708 Thread 0x00000263505085a0 Thread exited: 0x00000263505085a0


Dynamic libraries:
0x00007ff7d38d0000 - 0x00007ff7d38de000 	C:\Users\alvar\.jdks\ms-17.0.19\bin\java.exe
0x00007ffe34400000 - 0x00007ffe34666000 	C:\WINDOWS\SYSTEM32\ntdll.dll
0x00007ffe04650000 - 0x00007ffe04671000 	C:\Program Files\Norton\Suite\aswhook.dll
0x00007ffe32e40000 - 0x00007ffe32f09000 	C:\WINDOWS\System32\KERNEL32.DLL
0x00007ffe31cf0000 - 0x00007ffe320ee000 	C:\WINDOWS\System32\KERNELBASE.dll
0x00007ffe317a0000 - 0x00007ffe318ec000 	C:\WINDOWS\System32\ucrtbase.dll
0x00007ffdeb490000 - 0x00007ffdeb4ae000 	C:\Users\alvar\.jdks\ms-17.0.19\bin\VCRUNTIME140.dll
0x00007ffe1cd40000 - 0x00007ffe1cd58000 	C:\Users\alvar\.jdks\ms-17.0.19\bin\jli.dll
0x00007ffe32920000 - 0x00007ffe32ae7000 	C:\WINDOWS\System32\USER32.dll
0x00007ffe32100000 - 0x00007ffe32127000 	C:\WINDOWS\System32\win32u.dll
0x00007ffe32bf0000 - 0x00007ffe32c1b000 	C:\WINDOWS\System32\GDI32.dll
0x00007ffe1f220000 - 0x00007ffe1f4b2000 	C:\WINDOWS\WinSxS\amd64_microsoft.windows.common-controls_6595b64144ccf1df_6.0.26100.8875_none_3e0d5d42e32fe9dd\COMCTL32.dll
0x00007ffe31bc0000 - 0x00007ffe31cea000 	C:\WINDOWS\System32\gdi32full.dll
0x00007ffe31900000 - 0x00007ffe319a3000 	C:\WINDOWS\System32\msvcp_win.dll
0x00007ffe324b0000 - 0x00007ffe32559000 	C:\WINDOWS\System32\msvcrt.dll
0x00007ffe32bb0000 - 0x00007ffe32be2000 	C:\WINDOWS\System32\IMM32.DLL
0x00007ffe1a530000 - 0x00007ffe1a53c000 	C:\Users\alvar\.jdks\ms-17.0.19\bin\vcruntime140_1.dll
0x00007ffd9f780000 - 0x00007ffd9f809000 	C:\Users\alvar\.jdks\ms-17.0.19\bin\msvcp140.dll
0x00007ffd54730000 - 0x00007ffd553ab000 	C:\Users\alvar\.jdks\ms-17.0.19\bin\server\jvm.dll
0x00007ffe32af0000 - 0x00007ffe32ba7000 	C:\WINDOWS\System32\ADVAPI32.dll
0x00007ffe33930000 - 0x00007ffe339da000 	C:\WINDOWS\System32\sechost.dll
0x00007ffe32c20000 - 0x00007ffe32d38000 	C:\WINDOWS\System32\RPCRT4.dll
0x00007ffe342d0000 - 0x00007ffe34350000 	C:\WINDOWS\System32\WS2_32.dll
0x00007ffe31480000 - 0x00007ffe314de000 	C:\WINDOWS\SYSTEM32\POWRPROF.dll
0x00007ffe28760000 - 0x00007ffe2876b000 	C:\WINDOWS\SYSTEM32\VERSION.dll
0x00007ffe28770000 - 0x00007ffe287a6000 	C:\WINDOWS\SYSTEM32\WINMM.dll
0x00007ffe31450000 - 0x00007ffe31464000 	C:\WINDOWS\SYSTEM32\UMPDC.dll
0x00007ffe30300000 - 0x00007ffe3031b000 	C:\WINDOWS\SYSTEM32\kernel.appcore.dll
0x00007ffe17520000 - 0x00007ffe1752a000 	C:\Users\alvar\.jdks\ms-17.0.19\bin\jimage.dll
0x00007ffe2eaf0000 - 0x00007ffe2ed32000 	C:\WINDOWS\SYSTEM32\DBGHELP.DLL
0x00007ffe32580000 - 0x00007ffe32903000 	C:\WINDOWS\System32\combase.dll
0x00007ffe32310000 - 0x00007ffe323e9000 	C:\WINDOWS\System32\OLEAUT32.dll
0x00007ffe21090000 - 0x00007ffe210cb000 	C:\WINDOWS\SYSTEM32\dbgcore.DLL
0x00007ffe31a40000 - 0x00007ffe31aec000 	C:\WINDOWS\System32\bcryptPrimitives.dll
0x00007ffe147f0000 - 0x00007ffe147ff000 	C:\Users\alvar\.jdks\ms-17.0.19\bin\instrument.dll
0x00007ffddfc60000 - 0x00007ffddfc86000 	C:\Users\alvar\.jdks\ms-17.0.19\bin\java.dll
0x00007ffd9a8d0000 - 0x00007ffd9a9a6000 	C:\Users\alvar\.jdks\ms-17.0.19\bin\jsvml.dll
0x00007ffe32f20000 - 0x00007ffe336b2000 	C:\WINDOWS\System32\SHELL32.dll
0x00007ffe2f100000 - 0x00007ffe2f992000 	C:\WINDOWS\SYSTEM32\windows.storage.dll
0x00007ffe32d40000 - 0x00007ffe32e37000 	C:\WINDOWS\System32\SHCORE.dll
0x00007ffe32410000 - 0x00007ffe32477000 	C:\WINDOWS\System32\shlwapi.dll
0x00007ffe31540000 - 0x00007ffe31569000 	C:\WINDOWS\SYSTEM32\profapi.dll
0x00007ffde9270000 - 0x00007ffde9288000 	C:\Users\alvar\.jdks\ms-17.0.19\bin\zip.dll
0x00007ffdeb440000 - 0x00007ffdeb45b000 	C:\Users\alvar\.jdks\ms-17.0.19\bin\net.dll
0x00007ffe28fe0000 - 0x00007ffe29107000 	C:\WINDOWS\SYSTEM32\WINHTTP.dll
0x00007ffe308b0000 - 0x00007ffe3091c000 	C:\WINDOWS\system32\mswsock.dll
0x00007ffde9e30000 - 0x00007ffde9e46000 	C:\Users\alvar\.jdks\ms-17.0.19\bin\nio.dll
0x00007ffe14410000 - 0x00007ffe14419000 	C:\Users\alvar\.jdks\ms-17.0.19\bin\extnet.dll
0x00007ffe0cb20000 - 0x00007ffe0cb2e000 	C:\Users\alvar\.jdks\ms-17.0.19\bin\sunmscapi.dll
0x00007ffe31620000 - 0x00007ffe31798000 	C:\WINDOWS\System32\CRYPT32.dll
0x00007ffe30df0000 - 0x00007ffe30e20000 	C:\WINDOWS\SYSTEM32\ncrypt.dll
0x00007ffe30da0000 - 0x00007ffe30ddf000 	C:\WINDOWS\SYSTEM32\NTASN1.dll
0x00007ffe30bb0000 - 0x00007ffe30bcb000 	C:\WINDOWS\SYSTEM32\CRYPTSP.dll
0x00007ffe30260000 - 0x00007ffe30299000 	C:\WINDOWS\system32\rsaenh.dll
0x00007ffe30970000 - 0x00007ffe309a2000 	C:\WINDOWS\SYSTEM32\USERENV.dll
0x00007ffe31510000 - 0x00007ffe3153a000 	C:\WINDOWS\SYSTEM32\bcrypt.dll
0x00007ffe30bd0000 - 0x00007ffe30bdc000 	C:\WINDOWS\SYSTEM32\CRYPTBASE.dll
0x00007ffe2fcd0000 - 0x00007ffe2fd03000 	C:\WINDOWS\SYSTEM32\IPHLPAPI.DLL
0x00007ffe33ef0000 - 0x00007ffe33efa000 	C:\WINDOWS\System32\NSI.dll
0x00007ffe29420000 - 0x00007ffe2943d000 	C:\WINDOWS\SYSTEM32\dhcpcsvc6.DLL
0x00007ffe28e40000 - 0x00007ffe28e65000 	C:\WINDOWS\SYSTEM32\dhcpcsvc.DLL
0x00007ffe2fdc0000 - 0x00007ffe2ff16000 	C:\WINDOWS\SYSTEM32\DNSAPI.dll
0x00007ffe30690000 - 0x00007ffe3069d000 	C:\WINDOWS\SYSTEM32\DSPARSE.dll
0x00007ffe13c50000 - 0x00007ffe13c5a000 	C:\Users\alvar\.jdks\ms-17.0.19\bin\management.dll
0x00007ffe0dbf0000 - 0x00007ffe0dbfc000 	C:\Users\alvar\.jdks\ms-17.0.19\bin\management_ext.dll
0x00007ffe32f10000 - 0x00007ffe32f18000 	C:\WINDOWS\System32\PSAPI.DLL
0x00007ffe29b20000 - 0x00007ffe29b2b000 	C:\Windows\System32\rasadhlp.dll
0x00007ffe25630000 - 0x00007ffe256b6000 	C:\WINDOWS\System32\fwpuclnt.dll

dbghelp: loaded successfully - version: 4.0.5 - missing functions: none
symbol engine: initialized successfully - sym options: 0x614 - pdb path: .;C:\Users\alvar\.jdks\ms-17.0.19\bin;C:\WINDOWS\SYSTEM32;C:\Program Files\Norton\Suite;C:\WINDOWS\WinSxS\amd64_microsoft.windows.common-controls_6595b64144ccf1df_6.0.26100.8875_none_3e0d5d42e32fe9dd;C:\Users\alvar\.jdks\ms-17.0.19\bin\server

VM Arguments:
jvm_args: -XX:TieredStopAtLevel=1 -Dspring.output.ansi.enabled=always -javaagent:C:\Program Files\JetBrains\IntelliJ IDEA 2025.2.3\lib\idea_rt.jar=64073 -Dfile.encoding=UTF-8 
java_command: com.Control.Inventario.InventarioApplication
java_class_path (initial): C:\Users\alvar\Documents\Practicando_Programacion\Inventario\BackEnd-Inventario\target\classes;C:\Users\alvar\.m2\repository\org\springframework\boot\spring-boot-starter-web\3.5.7\spring-boot-starter-web-3.5.7.jar;C:\Users\alvar\.m2\repository\org\springframework\boot\spring-boot-starter\3.5.7\spring-boot-starter-3.5.7.jar;C:\Users\alvar\.m2\repository\org\springframework\boot\spring-boot\3.5.7\spring-boot-3.5.7.jar;C:\Users\alvar\.m2\repository\org\springframework\boot\spring-boot-autoconfigure\3.5.7\spring-boot-autoconfigure-3.5.7.jar;C:\Users\alvar\.m2\repository\org\springframework\boot\spring-boot-starter-logging\3.5.7\spring-boot-starter-logging-3.5.7.jar;C:\Users\alvar\.m2\repository\ch\qos\logback\logback-classic\1.5.20\logback-classic-1.5.20.jar;C:\Users\alvar\.m2\repository\ch\qos\logback\logback-core\1.5.20\logback-core-1.5.20.jar;C:\Users\alvar\.m2\repository\org\apache\logging\log4j\log4j-to-slf4j\2.24.3\log4j-to-slf4j-2.24.3.jar;C:\Users\alvar\.m2\repository\org\slf4j\jul-to-slf4j\2.0.17\jul-to-slf4j-2.0.17.jar;C:\Users\alvar\.m2\repository\jakarta\annotation\jakarta.annotation-api\2.1.1\jakarta.annotation-api-2.1.1.jar;C:\Users\alvar\.m2\repository\org\yaml\snakeyaml\2.4\snakeyaml-2.4.jar;C:\Users\alvar\.m2\repository\org\springframework\boot\spring-boot-starter-json\3.5.7\spring-boot-starter-json-3.5.7.jar;C:\Users\alvar\.m2\repository\com\fasterxml\jackson\datatype\jackson-datatype-jdk8\2.19.2\jackson-datatype-jdk8-2.19.2.jar;C:\Users\alvar\.m2\repository\com\fasterxml\jackson\datatype\jackson-datatype-jsr310\2.19.2\jackson-datatype-jsr310-2.19.2.jar;C:\Users\alvar\.m2\repository\com\fasterxml\jackson\module\jackson-module-parameter-names\2.19.2\jackson-module-parameter-names-2.19.2.jar;C:\Users\alvar\.m2\repository\org\springframework\boot\spring-boot-starter-tomcat\3.5.7\spring-boot-starter-tomcat-3.5.7.jar;C:\Users\alvar\.m2\repository\org\apache\tomcat\embed\tomcat-embed-core\10.1.48\tomcat-embed-core-10.1.48.jar;C:\
Launcher Type: SUN_STANDARD

[Global flags]
     intx CICompilerCount                          = 4                                         {product} {ergonomic}
     uint ConcGCThreads                            = 2                                         {product} {ergonomic}
     uint G1ConcRefinementThreads                  = 8                                         {product} {ergonomic}
   size_t G1HeapRegionSize                         = 1048576                                   {product} {ergonomic}
    uintx GCDrainStackTargetSize                   = 64                                        {product} {ergonomic}
   size_t InitialHeapSize                          = 100663296                                 {product} {ergonomic}
   size_t MarkStackSize                            = 4194304                                   {product} {ergonomic}
   size_t MaxHeapSize                              = 1598029824                                {product} {ergonomic}
   size_t MaxNewSize                               = 958398464                                 {product} {ergonomic}
   size_t MinHeapDeltaBytes                        = 1048576                                   {product} {ergonomic}
   size_t MinHeapSize                              = 8388608                                   {product} {ergonomic}
    uintx NonProfiledCodeHeapSize                  = 0                                      {pd product} {ergonomic}
     bool ProfileInterpreter                       = false                                  {pd product} {command line}
    uintx ProfiledCodeHeapSize                     = 0                                      {pd product} {ergonomic}
   size_t SoftMaxHeapSize                          = 1598029824                             {manageable} {ergonomic}
     intx TieredStopAtLevel                        = 1                                         {product} {command line}
     bool UseCompressedClassPointers               = true                           {product lp64_product} {ergonomic}
     bool UseCompressedOops                        = true                           {product lp64_product} {ergonomic}
     bool UseG1GC                                  = true                                      {product} {ergonomic}
     bool UseLargePagesIndividualAllocation        = false                                  {pd product} {ergonomic}

Logging:
Log output configuration:
 #0: stdout all=warning uptime,level,tags
 #1: stderr all=off uptime,level,tags

Environment Variables:
JAVA_HOME=C:\Program Files\Eclipse Adoptium\jdk-17.0.18.8-hotspot\
PATH=C:\app\alvar\product\26ai\dbhomeFree\bin;C:\Program Files\Eclipse Adoptium\jdk-17.0.18.8-hotspot\bin;C:\Python314\Scripts\;C:\Python314\;C:\Program Files\Eclipse Adoptium\jdk-21.0.9.10-hotspot\bin;C:\Program Files\Eclipse Adoptium\jdk-25.0.0.36-hotspot\bin;C:\WINDOWS\system32;C:\WINDOWS;C:\WINDOWS\System32\Wbem;C:\WINDOWS\System32\WindowsPowerShell\v1.0\;C:\WINDOWS\System32\OpenSSH\;C:\ProgramData\chocolatey\bin;C:\Program Files\Microsoft VS Code\bin;C:\Program Files\Apache-maven\apache-maven-3.9.11\bin;C:\VXIPNP\WinNT\Bin;C:\Program Files\Git\cmd;C:\Program Files\nodejs\;C:\Users\alvar\AppData\Local\Programs\Python\Launcher\;C:\Users\alvar\AppData\Local\Microsoft\WindowsApps;C:\Users\alvar\AppData\Local\Programs\Microsoft VS Code\bin;C:\Users\alvar\AppData\Local\GitHubDesktop\bin;C:\Program Files\JetBrains\IntelliJ IDEA 2025.2.3\bin;C:\Program Files\maven-mvnd-1.0.3-windows-amd64\bin;C:\Users\alvar\AppData\Roaming\npm
USERNAME=alvar
OS=Windows_NT
PROCESSOR_IDENTIFIER=AMD64 Family 23 Model 24 Stepping 1, AuthenticAMD
TMP=C:\Users\alvar\AppData\Local\Temp
TEMP=C:\Users\alvar\AppData\Local\Temp



Periodic native trim disabled


---------------  S Y S T E M  ---------------

OS:
 Windows 11 , 64 bit Build 26100 (10.0.26100.8875)
OS uptime: 9 days 7:12 hours

CPU: total 8 (initial active 8) (8 cores per cpu, 2 threads per core) family 23 model 24 stepping 1 microcode 0x8108109, cx8, cmov, fxsr, ht, mmx, 3dnowpref, sse, sse2, sse3, ssse3, sse4a, sse4.1, sse4.2, popcnt, lzcnt, tsc, tscinvbit, avx, avx2, aes, clmul, bmi1, bmi2, adx, sha, fma, vzeroupper, clflush, clflushopt
Processor Information for the first 8 processors :
  Max Mhz: 2100, Current Mhz: 2100, Mhz Limit: 2100

Memory: 4k page, system-wide physical 6090M (944M free)
TotalPageFile size 24522M (AvailPageFile size 221M)
current process WorkingSet (physical memory assigned to process): 379M, peak: 402M
current process commit charge ("private bytes"): 502M, peak: 747M

vm_info: OpenJDK 64-Bit Server VM (17.0.19+10-LTS) for windows-amd64 JRE (17.0.19+10-LTS), built on Apr 18 2026 18:24:40 by "MicrosoftCorporation" with MS VC++ 17.14 (VS2022)

END.
