#
# There is insufficient memory for the Java Runtime Environment to continue.
# Native memory allocation (mmap) failed to map 411041792 bytes. Error detail: G1 virtual space
# Possible reasons:
#   The system is out of physical RAM or swap space
#   This process is running with CompressedOops enabled, and the Java Heap may be blocking the growth of the native heap
# Possible solutions:
#   Reduce memory load on the system
#   Increase physical memory or swap space
#   Check if swap backing store is full
#   Decrease Java heap size (-Xmx/-Xms)
#   Decrease number of Java threads
#   Decrease Java thread stack sizes (-Xss)
#   Set larger code cache with -XX:ReservedCodeCacheSize=
#   JVM is running with Unscaled Compressed Oops mode in which the Java heap is
#     placed in the first 4GB address space. The Java Heap base address is the
#     maximum limit for the native heap growth. Please use -XX:HeapBaseMinAddress
#     to set the Java Heap base and to place the Java Heap above 4GB virtual address.
# This output file may be truncated or incomplete.
#
#  Out of Memory Error (os_windows.cpp:3690), pid=24968, tid=21192
#
# JRE version: OpenJDK Runtime Environment Microsoft-13877129 (17.0.19+10) (build 17.0.19+10-LTS)
# Java VM: OpenJDK 64-Bit Server VM Microsoft-13877129 (17.0.19+10-LTS, mixed mode, emulated-client, sharing, tiered, compressed oops, compressed class ptrs, g1 gc, windows-amd64)
# No core dump will be written. Minidumps are not enabled by default on client versions of Windows
#

---------------  S U M M A R Y ------------

Command Line: -XX:TieredStopAtLevel=1 -Dspring.output.ansi.enabled=always -javaagent:C:\Program Files\JetBrains\IntelliJ IDEA 2025.2.3\lib\idea_rt.jar=60642 -Dfile.encoding=UTF-8 com.Control.Inventario.InventarioApplication

Host: AMD Ryzen 5 3500U with Radeon Vega Mobile Gfx  , 8 cores, 5G,  Windows 11 , 64 bit Build 26100 (10.0.26100.8737)
Time: Thu Jul  2 09:36:47 2026 Hora estándar de Argentina elapsed time: 16.914968 seconds (0d 0h 0m 16s)

---------------  T H R E A D  ---------------

Current thread (0x00000256dd7c5d60):  VMThread "VM Thread" [stack: 0x000000cf9c500000,0x000000cf9c600000] [id=21192]

Stack: [0x000000cf9c500000,0x000000cf9c600000]
Native frames: (J=compiled Java code, j=interpreted, Vv=VM code, C=native code)
V  [jvm.dll+0x68cc89]  (no source info available)
V  [jvm.dll+0x845d89]  (no source info available)
V  [jvm.dll+0x847af8]  (no source info available)
V  [jvm.dll+0x848183]  (no source info available)
V  [jvm.dll+0x24d0bf]  (no source info available)
V  [jvm.dll+0x68c089]  (no source info available)
V  [jvm.dll+0x68064a]  (no source info available)
V  [jvm.dll+0x3102f0]  (no source info available)
V  [jvm.dll+0x310192]  (no source info available)
V  [jvm.dll+0x317709]  (no source info available)
V  [jvm.dll+0x369b09]  (no source info available)
V  [jvm.dll+0x369d3d]  (no source info available)
V  [jvm.dll+0x2e6afa]  (no source info available)
V  [jvm.dll+0x2e4ef1]  (no source info available)
V  [jvm.dll+0x2e468c]  (no source info available)
V  [jvm.dll+0x32903b]  (no source info available)
V  [jvm.dll+0x84ca0d]  (no source info available)
V  [jvm.dll+0x84d723]  (no source info available)
V  [jvm.dll+0x84dc54]  (no source info available)
V  [jvm.dll+0x84e038]  (no source info available)
V  [jvm.dll+0x84e12e]  (no source info available)
V  [jvm.dll+0x7f62cc]  (no source info available)
V  [jvm.dll+0x68e227]  (no source info available)
C  [ucrtbase.dll+0x2cd30]  (no source info available)
C  [KERNEL32.DLL+0x2e957]  (no source info available)
C  [ntdll.dll+0xaad6c]  (no source info available)

VM_Operation (0x000000cf9bff9f50): G1CollectForAllocation, mode: safepoint, requested by thread 0x00000256cc8fa740


---------------  P R O C E S S  ---------------

Threads class SMR info:
_java_thread_list=0x00000256e43b2d00, length=18, elements={
0x00000256cc8fa740, 0x00000256dd7cb2b0, 0x00000256dd7cde80, 0x00000256dd7e1930,
0x00000256dd7e4300, 0x00000256dd7e4cc0, 0x00000256dd7e7690, 0x00000256dd7ee220,
0x00000256dd7f9c50, 0x00000256dd7b8020, 0x00000256dda001b0, 0x00000256ddd1dff0,
0x00000256ddd1e4d0, 0x00000256e2f8f930, 0x00000256e2f8ef10, 0x00000256e2f8ea00,
0x00000256e2f8e4f0, 0x00000256e2f90350
}

Java Threads: ( => current thread )
  0x00000256cc8fa740 JavaThread "main" [_thread_blocked, id=21592, stack(0x000000cf9bf00000,0x000000cf9c000000)]
  0x00000256dd7cb2b0 JavaThread "Reference Handler" daemon [_thread_blocked, id=7220, stack(0x000000cf9c600000,0x000000cf9c700000)]
  0x00000256dd7cde80 JavaThread "Finalizer" daemon [_thread_blocked, id=22372, stack(0x000000cf9c700000,0x000000cf9c800000)]
  0x00000256dd7e1930 JavaThread "Signal Dispatcher" daemon [_thread_blocked, id=22460, stack(0x000000cf9c800000,0x000000cf9c900000)]
  0x00000256dd7e4300 JavaThread "Attach Listener" daemon [_thread_blocked, id=20612, stack(0x000000cf9c900000,0x000000cf9ca00000)]
  0x00000256dd7e4cc0 JavaThread "Service Thread" daemon [_thread_blocked, id=16712, stack(0x000000cf9ca00000,0x000000cf9cb00000)]
  0x00000256dd7e7690 JavaThread "Monitor Deflation Thread" daemon [_thread_blocked, id=2672, stack(0x000000cf9cb00000,0x000000cf9cc00000)]
  0x00000256dd7ee220 JavaThread "C1 CompilerThread0" daemon [_thread_blocked, id=12868, stack(0x000000cf9cc00000,0x000000cf9cd00000)]
  0x00000256dd7f9c50 JavaThread "Sweeper thread" daemon [_thread_blocked, id=2624, stack(0x000000cf9cd00000,0x000000cf9ce00000)]
  0x00000256dd7b8020 JavaThread "Common-Cleaner" daemon [_thread_blocked, id=21752, stack(0x000000cf9ce00000,0x000000cf9cf00000)]
  0x00000256dda001b0 JavaThread "C1 CompilerThread1" daemon [_thread_blocked, id=19292, stack(0x000000cf9cf00000,0x000000cf9d000000)]
  0x00000256ddd1dff0 JavaThread "Monitor Ctrl-Break" daemon [_thread_in_native, id=20692, stack(0x000000cf9d100000,0x000000cf9d200000)]
  0x00000256ddd1e4d0 JavaThread "Notification Thread" daemon [_thread_blocked, id=21428, stack(0x000000cf9d200000,0x000000cf9d300000)]
  0x00000256e2f8f930 JavaThread "mysql-cj-abandoned-connection-cleanup" daemon [_thread_blocked, id=22020, stack(0x000000cf9dc00000,0x000000cf9dd00000)]
  0x00000256e2f8ef10 JavaThread "HikariPool-1:housekeeper" daemon [_thread_blocked, id=23072, stack(0x000000cf9de00000,0x000000cf9df00000)]
  0x00000256e2f8ea00 JavaThread "Catalina-utility-1" [_thread_blocked, id=6428, stack(0x000000cf9e100000,0x000000cf9e200000)]
  0x00000256e2f8e4f0 JavaThread "Catalina-utility-2" [_thread_blocked, id=19652, stack(0x000000cf9e200000,0x000000cf9e300000)]
  0x00000256e2f90350 JavaThread "container-0" [_thread_blocked, id=25384, stack(0x000000cf9e300000,0x000000cf9e400000)]

Other Threads:
=>0x00000256dd7c5d60 VMThread "VM Thread" [stack: 0x000000cf9c500000,0x000000cf9c600000] [id=21192]
  0x00000256cc8fb5c0 WatcherThread [stack: 0x000000cf9d300000,0x000000cf9d400000] [id=8284]
  0x00000256cc949380 GCTaskThread "GC Thread#0" [stack: 0x000000cf9c000000,0x000000cf9c100000] [id=18728]
  0x00000256e248e350 GCTaskThread "GC Thread#1" [stack: 0x000000cf9d400000,0x000000cf9d500000] [id=19272]
  0x00000256e253f120 GCTaskThread "GC Thread#2" [stack: 0x000000cf9d500000,0x000000cf9d600000] [id=22200]
  0x00000256e256c500 GCTaskThread "GC Thread#3" [stack: 0x000000cf9d600000,0x000000cf9d700000] [id=19984]
  0x00000256e256c7d0 GCTaskThread "GC Thread#4" [stack: 0x000000cf9d700000,0x000000cf9d800000] [id=8068]
  0x00000256e26eaa80 GCTaskThread "GC Thread#5" [stack: 0x000000cf9d900000,0x000000cf9da00000] [id=14168]
  0x00000256e26e9f40 GCTaskThread "GC Thread#6" [stack: 0x000000cf9da00000,0x000000cf9db00000] [id=9624]
  0x00000256e26e9c70 GCTaskThread "GC Thread#7" [stack: 0x000000cf9db00000,0x000000cf9dc00000] [id=22560]
  0x00000256cc956f00 ConcurrentGCThread "G1 Main Marker" [stack: 0x000000cf9c100000,0x000000cf9c200000] [id=21028]
  0x00000256cc958f70 ConcurrentGCThread "G1 Conc#0" [stack: 0x000000cf9c200000,0x000000cf9c300000] [id=22220]
  0x00000256e26ead50 ConcurrentGCThread "G1 Conc#1" [stack: 0x000000cf9d800000,0x000000cf9d900000] [id=12476]
  0x00000256cc99de20 ConcurrentGCThread "G1 Refine#0" [stack: 0x000000cf9c300000,0x000000cf9c400000] [id=7656]
  0x00000256e4231bf0 ConcurrentGCThread "G1 Refine#1" [stack: 0x000000cf9df00000,0x000000cf9e000000] [id=13288]
  0x00000256e43d7390 ConcurrentGCThread "G1 Refine#2" [stack: 0x000000cf9e400000,0x000000cf9e500000] [id=21188]
  0x00000256e418c8f0 ConcurrentGCThread "G1 Refine#3" [stack: 0x000000cf9e500000,0x000000cf9e600000] [id=9412]
  0x00000256e37689e0 ConcurrentGCThread "G1 Refine#4" [stack: 0x000000cf9e600000,0x000000cf9e700000] [id=22600]
  0x00000256e45a34b0 ConcurrentGCThread "G1 Refine#5" [stack: 0x000000cf9e700000,0x000000cf9e800000] [id=19580]
  0x00000256cc99e700 ConcurrentGCThread "G1 Service" [stack: 0x000000cf9c400000,0x000000cf9c500000] [id=20384]

Threads with active compile tasks:

VM state: at safepoint (normal execution)

VM Mutex/Monitor currently owned by a thread:  ([mutex/lock_event])
[0x00000256ca5215b0] Threads_lock - owner thread: 0x00000256dd7c5d60
[0x00000256cc8f7500] Heap_lock - owner thread: 0x00000256cc8fa740

Heap address: 0x00000000a0c00000, size: 1524 MB, Compressed Oops mode: 32-bit

CDS archive(s) mapped at: [0x0000025680000000-0x0000025680bb0000-0x0000025680bb0000), size 12255232, SharedBaseAddress: 0x0000025680000000, ArchiveRelocationMode: 1.
Compressed class space mapped at: 0x0000025681000000-0x00000256c1000000, reserved size: 1073741824
Narrow klass base: 0x0000025680000000, Narrow klass shift: 0, Narrow klass range: 0x100000000

GC Precious Log:
 CPUs: 8 total, 8 available
 Memory: 6090M
 Large Page Support: Disabled
 NUMA Support: Disabled
 Compressed Oops: Enabled (32-bit)
 Heap Region Size: 1M
 Heap Min Capacity: 8M
 Heap Initial Capacity: 96M
 Heap Max Capacity: 1524M
 Pre-touch: Disabled
 Parallel Workers: 8
 Concurrent Workers: 2
 Concurrent Refinement Workers: 8
 Periodic GC: Disabled

Heap:
 garbage-first heap   total 245760K, used 129225K [0x00000000a0c00000, 0x0000000100000000)
  region size 1024K, 2 young (2048K), 2 survivors (2048K)
 Metaspace       used 67171K, committed 67712K, reserved 1114112K
  class space    used 10064K, committed 10304K, reserved 1048576K

Heap Regions: E=young(eden), S=young(survivor), O=old, HS=humongous(starts), HC=humongous(continues), CS=collection set, F=free, OA=open archive, CA=closed archive, TAMS=top-at-mark-start (previous, next)
|   0|0x00000000a0c00000, 0x00000000a0d00000, 0x00000000a0d00000|100%|HS|  |TAMS 0x00000000a0d00000, 0x00000000a0c00000| Complete 
|   1|0x00000000a0d00000, 0x00000000a0e00000, 0x00000000a0e00000|100%|HS|  |TAMS 0x00000000a0e00000, 0x00000000a0d00000| Complete 
|   2|0x00000000a0e00000, 0x00000000a0f00000, 0x00000000a0f00000|100%| O|  |TAMS 0x00000000a0f00000, 0x00000000a0e00000| Untracked 
|   3|0x00000000a0f00000, 0x00000000a1000000, 0x00000000a1000000|100%| O|  |TAMS 0x00000000a1000000, 0x00000000a0f00000| Untracked 
|   4|0x00000000a1000000, 0x00000000a1100000, 0x00000000a1100000|100%| O|  |TAMS 0x00000000a1100000, 0x00000000a1000000| Untracked 
|   5|0x00000000a1100000, 0x00000000a1200000, 0x00000000a1200000|100%| O|  |TAMS 0x00000000a1200000, 0x00000000a1100000| Untracked 
|   6|0x00000000a1200000, 0x00000000a1300000, 0x00000000a1300000|100%| O|  |TAMS 0x00000000a1300000, 0x00000000a1200000| Untracked 
|   7|0x00000000a1300000, 0x00000000a1400000, 0x00000000a1400000|100%| O|  |TAMS 0x00000000a1400000, 0x00000000a1300000| Untracked 
|   8|0x00000000a1400000, 0x00000000a1500000, 0x00000000a1500000|100%| O|  |TAMS 0x00000000a1500000, 0x00000000a1400000| Untracked 
|   9|0x00000000a1500000, 0x00000000a1600000, 0x00000000a1600000|100%| O|  |TAMS 0x00000000a1600000, 0x00000000a1500000| Untracked 
|  10|0x00000000a1600000, 0x00000000a1700000, 0x00000000a1700000|100%| O|  |TAMS 0x00000000a1700000, 0x00000000a1600000| Untracked 
|  11|0x00000000a1700000, 0x00000000a1800000, 0x00000000a1800000|100%| O|  |TAMS 0x00000000a1800000, 0x00000000a1700000| Untracked 
|  12|0x00000000a1800000, 0x00000000a1900000, 0x00000000a1900000|100%| O|  |TAMS 0x00000000a1900000, 0x00000000a1800000| Untracked 
|  13|0x00000000a1900000, 0x00000000a1a00000, 0x00000000a1a00000|100%| O|  |TAMS 0x00000000a1a00000, 0x00000000a1900000| Untracked 
|  14|0x00000000a1a00000, 0x00000000a1affa00, 0x00000000a1b00000| 99%| O|  |TAMS 0x00000000a1affa00, 0x00000000a1a00000| Untracked 
|  15|0x00000000a1b00000, 0x00000000a1c00000, 0x00000000a1c00000|100%| O|  |TAMS 0x00000000a1c00000, 0x00000000a1b00000| Untracked 
|  16|0x00000000a1c00000, 0x00000000a1d00000, 0x00000000a1d00000|100%| O|  |TAMS 0x00000000a1d00000, 0x00000000a1c00000| Untracked 
|  17|0x00000000a1d00000, 0x00000000a1e00000, 0x00000000a1e00000|100%| O|  |TAMS 0x00000000a1e00000, 0x00000000a1d00000| Untracked 
|  18|0x00000000a1e00000, 0x00000000a1f00000, 0x00000000a1f00000|100%| O|  |TAMS 0x00000000a1f00000, 0x00000000a1e00000| Untracked 
|  19|0x00000000a1f00000, 0x00000000a2000000, 0x00000000a2000000|100%| O|  |TAMS 0x00000000a2000000, 0x00000000a1f00000| Untracked 
|  20|0x00000000a2000000, 0x00000000a2100000, 0x00000000a2100000|100%| O|  |TAMS 0x00000000a2100000, 0x00000000a2000000| Untracked 
|  21|0x00000000a2100000, 0x00000000a2200000, 0x00000000a2200000|100%| O|  |TAMS 0x00000000a2200000, 0x00000000a2100000| Untracked 
|  22|0x00000000a2200000, 0x00000000a2300000, 0x00000000a2300000|100%| O|  |TAMS 0x00000000a2300000, 0x00000000a2200000| Untracked 
|  23|0x00000000a2300000, 0x00000000a2400000, 0x00000000a2400000|100%| O|  |TAMS 0x00000000a2400000, 0x00000000a2300000| Untracked 
|  24|0x00000000a2400000, 0x00000000a2500000, 0x00000000a2500000|100%| O|  |TAMS 0x00000000a2500000, 0x00000000a2400000| Untracked 
|  25|0x00000000a2500000, 0x00000000a2600000, 0x00000000a2600000|100%| O|  |TAMS 0x00000000a2600000, 0x00000000a2500000| Untracked 
|  26|0x00000000a2600000, 0x00000000a26f4600, 0x00000000a2700000| 95%| O|  |TAMS 0x00000000a26f4600, 0x00000000a2600000| Untracked 
|  27|0x00000000a2700000, 0x00000000a2800000, 0x00000000a2800000|100%| O|  |TAMS 0x00000000a2800000, 0x00000000a2700000| Untracked 
|  28|0x00000000a2800000, 0x00000000a2900000, 0x00000000a2900000|100%| O|  |TAMS 0x00000000a2900000, 0x00000000a2800000| Untracked 
|  29|0x00000000a2900000, 0x00000000a2a00000, 0x00000000a2a00000|100%| O|  |TAMS 0x00000000a2a00000, 0x00000000a2900000| Untracked 
|  30|0x00000000a2a00000, 0x00000000a2b00000, 0x00000000a2b00000|100%| O|  |TAMS 0x00000000a2b00000, 0x00000000a2a00000| Untracked 
|  31|0x00000000a2b00000, 0x00000000a2c00000, 0x00000000a2c00000|100%| O|  |TAMS 0x00000000a2c00000, 0x00000000a2b00000| Untracked 
|  32|0x00000000a2c00000, 0x00000000a2d00000, 0x00000000a2d00000|100%| O|  |TAMS 0x00000000a2c00000, 0x00000000a2c00000| Untracked 
|  33|0x00000000a2d00000, 0x00000000a2e00000, 0x00000000a2e00000|100%| O|  |TAMS 0x00000000a2e00000, 0x00000000a2d00000| Untracked 
|  34|0x00000000a2e00000, 0x00000000a2f00000, 0x00000000a2f00000|100%| O|  |TAMS 0x00000000a2f00000, 0x00000000a2e00000| Untracked 
|  35|0x00000000a2f00000, 0x00000000a3000000, 0x00000000a3000000|100%| O|  |TAMS 0x00000000a3000000, 0x00000000a2f00000| Untracked 
|  36|0x00000000a3000000, 0x00000000a3100000, 0x00000000a3100000|100%| O|  |TAMS 0x00000000a3100000, 0x00000000a3000000| Untracked 
|  37|0x00000000a3100000, 0x00000000a3200000, 0x00000000a3200000|100%| O|  |TAMS 0x00000000a3200000, 0x00000000a3100000| Untracked 
|  38|0x00000000a3200000, 0x00000000a3300000, 0x00000000a3300000|100%| O|  |TAMS 0x00000000a3300000, 0x00000000a3200000| Untracked 
|  39|0x00000000a3300000, 0x00000000a3400000, 0x00000000a3400000|100%| O|  |TAMS 0x00000000a3400000, 0x00000000a3300000| Untracked 
|  40|0x00000000a3400000, 0x00000000a3500000, 0x00000000a3500000|100%| O|  |TAMS 0x00000000a3500000, 0x00000000a3400000| Untracked 
|  41|0x00000000a3500000, 0x00000000a3600000, 0x00000000a3600000|100%| O|  |TAMS 0x00000000a3600000, 0x00000000a3500000| Untracked 
|  42|0x00000000a3600000, 0x00000000a3700000, 0x00000000a3700000|100%| O|  |TAMS 0x00000000a3700000, 0x00000000a3600000| Untracked 
|  43|0x00000000a3700000, 0x00000000a3800000, 0x00000000a3800000|100%| O|  |TAMS 0x00000000a3800000, 0x00000000a3700000| Untracked 
|  44|0x00000000a3800000, 0x00000000a3900000, 0x00000000a3900000|100%| O|  |TAMS 0x00000000a3900000, 0x00000000a3800000| Untracked 
|  45|0x00000000a3900000, 0x00000000a3a00000, 0x00000000a3a00000|100%| O|  |TAMS 0x00000000a3a00000, 0x00000000a3900000| Untracked 
|  46|0x00000000a3a00000, 0x00000000a3b00000, 0x00000000a3b00000|100%| O|  |TAMS 0x00000000a3b00000, 0x00000000a3a00000| Untracked 
|  47|0x00000000a3b00000, 0x00000000a3c00000, 0x00000000a3c00000|100%| O|  |TAMS 0x00000000a3c00000, 0x00000000a3b00000| Untracked 
|  48|0x00000000a3c00000, 0x00000000a3d00000, 0x00000000a3d00000|100%| O|  |TAMS 0x00000000a3d00000, 0x00000000a3c00000| Untracked 
|  49|0x00000000a3d00000, 0x00000000a3d00000, 0x00000000a3e00000|  0%| F|  |TAMS 0x00000000a3d00000, 0x00000000a3d00000| Untracked 
|  50|0x00000000a3e00000, 0x00000000a3f00000, 0x00000000a3f00000|100%|HS|  |TAMS 0x00000000a3f00000, 0x00000000a3e00000| Complete 
|  51|0x00000000a3f00000, 0x00000000a4000000, 0x00000000a4000000|100%|HC|  |TAMS 0x00000000a4000000, 0x00000000a3f00000| Complete 
|  52|0x00000000a4000000, 0x00000000a4100000, 0x00000000a4100000|100%| O|  |TAMS 0x00000000a4100000, 0x00000000a4000000| Untracked 
|  53|0x00000000a4100000, 0x00000000a4200000, 0x00000000a4200000|100%| O|  |TAMS 0x00000000a4200000, 0x00000000a4100000| Untracked 
|  54|0x00000000a4200000, 0x00000000a4300000, 0x00000000a4300000|100%| O|  |TAMS 0x00000000a4300000, 0x00000000a4200000| Untracked 
|  55|0x00000000a4300000, 0x00000000a4400000, 0x00000000a4400000|100%| O|  |TAMS 0x00000000a4400000, 0x00000000a4300000| Untracked 
|  56|0x00000000a4400000, 0x00000000a4500000, 0x00000000a4500000|100%| O|  |TAMS 0x00000000a4500000, 0x00000000a4400000| Untracked 
|  57|0x00000000a4500000, 0x00000000a4600000, 0x00000000a4600000|100%| O|  |TAMS 0x00000000a4600000, 0x00000000a4500000| Untracked 
|  58|0x00000000a4600000, 0x00000000a4600000, 0x00000000a4700000|  0%| F|  |TAMS 0x00000000a4600000, 0x00000000a4600000| Untracked 
|  59|0x00000000a4700000, 0x00000000a4800000, 0x00000000a4800000|100%| O|  |TAMS 0x00000000a4800000, 0x00000000a4700000| Untracked 
|  60|0x00000000a4800000, 0x00000000a4900000, 0x00000000a4900000|100%| O|  |TAMS 0x00000000a4900000, 0x00000000a4800000| Untracked 
|  61|0x00000000a4900000, 0x00000000a4900000, 0x00000000a4a00000|  0%| F|  |TAMS 0x00000000a4900000, 0x00000000a4900000| Untracked 
|  62|0x00000000a4a00000, 0x00000000a4b00000, 0x00000000a4b00000|100%| O|  |TAMS 0x00000000a4b00000, 0x00000000a4a00000| Untracked 
|  63|0x00000000a4b00000, 0x00000000a4c00000, 0x00000000a4c00000|100%| O|  |TAMS 0x00000000a4c00000, 0x00000000a4b00000| Untracked 
|  64|0x00000000a4c00000, 0x00000000a4d00000, 0x00000000a4d00000|100%| O|  |TAMS 0x00000000a4d00000, 0x00000000a4c00000| Untracked 
|  65|0x00000000a4d00000, 0x00000000a4d00000, 0x00000000a4e00000|  0%| F|  |TAMS 0x00000000a4d00000, 0x00000000a4d00000| Untracked 
|  66|0x00000000a4e00000, 0x00000000a4e00000, 0x00000000a4f00000|  0%| F|  |TAMS 0x00000000a4e00000, 0x00000000a4e00000| Untracked 
|  67|0x00000000a4f00000, 0x00000000a4f00000, 0x00000000a5000000|  0%| F|  |TAMS 0x00000000a4f00000, 0x00000000a4f00000| Untracked 
|  68|0x00000000a5000000, 0x00000000a5000000, 0x00000000a5100000|  0%| F|  |TAMS 0x00000000a5000000, 0x00000000a5000000| Untracked 
|  69|0x00000000a5100000, 0x00000000a5200000, 0x00000000a5200000|100%| O|  |TAMS 0x00000000a5100000, 0x00000000a5100000| Untracked 
|  70|0x00000000a5200000, 0x00000000a5300000, 0x00000000a5300000|100%| O|  |TAMS 0x00000000a5300000, 0x00000000a5200000| Untracked 
|  71|0x00000000a5300000, 0x00000000a5300000, 0x00000000a5400000|  0%| F|  |TAMS 0x00000000a5300000, 0x00000000a5300000| Untracked 
|  72|0x00000000a5400000, 0x00000000a5400000, 0x00000000a5500000|  0%| F|  |TAMS 0x00000000a5400000, 0x00000000a5400000| Untracked 
|  73|0x00000000a5500000, 0x00000000a5600000, 0x00000000a5600000|100%| O|  |TAMS 0x00000000a5600000, 0x00000000a5500000| Untracked 
|  74|0x00000000a5600000, 0x00000000a5700000, 0x00000000a5700000|100%| O|  |TAMS 0x00000000a5700000, 0x00000000a5600000| Untracked 
|  75|0x00000000a5700000, 0x00000000a5800000, 0x00000000a5800000|100%| O|  |TAMS 0x00000000a5700000, 0x00000000a5700000| Untracked 
|  76|0x00000000a5800000, 0x00000000a5900000, 0x00000000a5900000|100%| O|  |TAMS 0x00000000a5800000, 0x00000000a5800000| Untracked 
|  77|0x00000000a5900000, 0x00000000a5a00000, 0x00000000a5a00000|100%| O|  |TAMS 0x00000000a5900000, 0x00000000a5900000| Untracked 
|  78|0x00000000a5a00000, 0x00000000a5b00000, 0x00000000a5b00000|100%| O|  |TAMS 0x00000000a5b00000, 0x00000000a5a00000| Untracked 
|  79|0x00000000a5b00000, 0x00000000a5c00000, 0x00000000a5c00000|100%| O|  |TAMS 0x00000000a5c00000, 0x00000000a5b00000| Untracked 
|  80|0x00000000a5c00000, 0x00000000a5d00000, 0x00000000a5d00000|100%| O|  |TAMS 0x00000000a5d00000, 0x00000000a5c00000| Untracked 
|  81|0x00000000a5d00000, 0x00000000a5e00000, 0x00000000a5e00000|100%| O|  |TAMS 0x00000000a5e00000, 0x00000000a5d00000| Untracked 
|  82|0x00000000a5e00000, 0x00000000a5f00000, 0x00000000a5f00000|100%| O|  |TAMS 0x00000000a5f00000, 0x00000000a5e00000| Untracked 
|  83|0x00000000a5f00000, 0x00000000a6000000, 0x00000000a6000000|100%| O|  |TAMS 0x00000000a6000000, 0x00000000a5f00000| Untracked 
|  84|0x00000000a6000000, 0x00000000a6100000, 0x00000000a6100000|100%| O|  |TAMS 0x00000000a6100000, 0x00000000a6000000| Untracked 
|  85|0x00000000a6100000, 0x00000000a6200000, 0x00000000a6200000|100%| O|  |TAMS 0x00000000a6200000, 0x00000000a6100000| Untracked 
|  86|0x00000000a6200000, 0x00000000a6300000, 0x00000000a6300000|100%| O|  |TAMS 0x00000000a6300000, 0x00000000a6200000| Untracked 
|  87|0x00000000a6300000, 0x00000000a6400000, 0x00000000a6400000|100%| O|  |TAMS 0x00000000a6400000, 0x00000000a6300000| Untracked 
|  88|0x00000000a6400000, 0x00000000a6500000, 0x00000000a6500000|100%| O|  |TAMS 0x00000000a6500000, 0x00000000a6400000| Untracked 
|  89|0x00000000a6500000, 0x00000000a6600000, 0x00000000a6600000|100%| O|  |TAMS 0x00000000a6600000, 0x00000000a6500000| Untracked 
|  90|0x00000000a6600000, 0x00000000a6700000, 0x00000000a6700000|100%| O|  |TAMS 0x00000000a6700000, 0x00000000a6600000| Untracked 
|  91|0x00000000a6700000, 0x00000000a6800000, 0x00000000a6800000|100%| O|  |TAMS 0x00000000a6800000, 0x00000000a6700000| Untracked 
|  92|0x00000000a6800000, 0x00000000a6900000, 0x00000000a6900000|100%| O|  |TAMS 0x00000000a6900000, 0x00000000a6800000| Untracked 
|  93|0x00000000a6900000, 0x00000000a6a00000, 0x00000000a6a00000|100%| O|  |TAMS 0x00000000a6a00000, 0x00000000a6900000| Untracked 
|  94|0x00000000a6a00000, 0x00000000a6b00000, 0x00000000a6b00000|100%| O|  |TAMS 0x00000000a6b00000, 0x00000000a6a00000| Untracked 
|  95|0x00000000a6b00000, 0x00000000a6c00000, 0x00000000a6c00000|100%| O|  |TAMS 0x00000000a6c00000, 0x00000000a6b00000| Untracked 
|  96|0x00000000a6c00000, 0x00000000a6d00000, 0x00000000a6d00000|100%| O|  |TAMS 0x00000000a6d00000, 0x00000000a6c00000| Untracked 
|  97|0x00000000a6d00000, 0x00000000a6e00000, 0x00000000a6e00000|100%| O|  |TAMS 0x00000000a6e00000, 0x00000000a6d00000| Untracked 
|  98|0x00000000a6e00000, 0x00000000a6f00000, 0x00000000a6f00000|100%| O|  |TAMS 0x00000000a6f00000, 0x00000000a6e00000| Untracked 
|  99|0x00000000a6f00000, 0x00000000a7000000, 0x00000000a7000000|100%| O|  |TAMS 0x00000000a7000000, 0x00000000a6f00000| Untracked 
| 100|0x00000000a7000000, 0x00000000a7100000, 0x00000000a7100000|100%| O|  |TAMS 0x00000000a7100000, 0x00000000a7000000| Untracked 
| 101|0x00000000a7100000, 0x00000000a7200000, 0x00000000a7200000|100%| O|  |TAMS 0x00000000a7200000, 0x00000000a7100000| Untracked 
| 102|0x00000000a7200000, 0x00000000a7200000, 0x00000000a7300000|  0%| F|  |TAMS 0x00000000a7200000, 0x00000000a7200000| Untracked 
| 103|0x00000000a7300000, 0x00000000a7300000, 0x00000000a7400000|  0%| F|  |TAMS 0x00000000a7300000, 0x00000000a7300000| Untracked 
| 104|0x00000000a7400000, 0x00000000a7500000, 0x00000000a7500000|100%| O|  |TAMS 0x00000000a7500000, 0x00000000a7400000| Untracked 
| 105|0x00000000a7500000, 0x00000000a7500000, 0x00000000a7600000|  0%| F|  |TAMS 0x00000000a7500000, 0x00000000a7500000| Untracked 
| 106|0x00000000a7600000, 0x00000000a7700000, 0x00000000a7700000|100%| O|  |TAMS 0x00000000a7700000, 0x00000000a7600000| Untracked 
| 107|0x00000000a7700000, 0x00000000a7800000, 0x00000000a7800000|100%| O|  |TAMS 0x00000000a7800000, 0x00000000a7700000| Untracked 
| 108|0x00000000a7800000, 0x00000000a7900000, 0x00000000a7900000|100%| O|  |TAMS 0x00000000a7900000, 0x00000000a7800000| Untracked 
| 109|0x00000000a7900000, 0x00000000a7a00000, 0x00000000a7a00000|100%| O|  |TAMS 0x00000000a7953e00, 0x00000000a7900000| Untracked 
| 110|0x00000000a7a00000, 0x00000000a7b00000, 0x00000000a7b00000|100%| O|  |TAMS 0x00000000a7a00000, 0x00000000a7a00000| Untracked 
| 111|0x00000000a7b00000, 0x00000000a7c00000, 0x00000000a7c00000|100%| O|  |TAMS 0x00000000a7b00000, 0x00000000a7b00000| Untracked 
| 112|0x00000000a7c00000, 0x00000000a7d00000, 0x00000000a7d00000|100%| O|  |TAMS 0x00000000a7c00000, 0x00000000a7c00000| Untracked 
| 113|0x00000000a7d00000, 0x00000000a7e00000, 0x00000000a7e00000|100%| O|  |TAMS 0x00000000a7d00000, 0x00000000a7d00000| Untracked 
| 114|0x00000000a7e00000, 0x00000000a7f00000, 0x00000000a7f00000|100%| O|  |TAMS 0x00000000a7e00000, 0x00000000a7e00000| Untracked 
| 115|0x00000000a7f00000, 0x00000000a8000000, 0x00000000a8000000|100%| O|  |TAMS 0x00000000a7f00000, 0x00000000a7f00000| Untracked 
| 116|0x00000000a8000000, 0x00000000a8100000, 0x00000000a8100000|100%| O|  |TAMS 0x00000000a8000000, 0x00000000a8000000| Untracked 
| 117|0x00000000a8100000, 0x00000000a8200000, 0x00000000a8200000|100%| O|  |TAMS 0x00000000a8100000, 0x00000000a8100000| Untracked 
| 118|0x00000000a8200000, 0x00000000a8300000, 0x00000000a8300000|100%| O|  |TAMS 0x00000000a8200000, 0x00000000a8200000| Untracked 
| 119|0x00000000a8300000, 0x00000000a8400000, 0x00000000a8400000|100%| O|  |TAMS 0x00000000a8300000, 0x00000000a8300000| Untracked 
| 120|0x00000000a8400000, 0x00000000a8500000, 0x00000000a8500000|100%| O|  |TAMS 0x00000000a8400000, 0x00000000a8400000| Untracked 
| 121|0x00000000a8500000, 0x00000000a8600000, 0x00000000a8600000|100%| O|  |TAMS 0x00000000a8500000, 0x00000000a8500000| Untracked 
| 122|0x00000000a8600000, 0x00000000a8700000, 0x00000000a8700000|100%| O|  |TAMS 0x00000000a8600000, 0x00000000a8600000| Untracked 
| 123|0x00000000a8700000, 0x00000000a8800000, 0x00000000a8800000|100%| O|  |TAMS 0x00000000a8700000, 0x00000000a8700000| Untracked 
| 124|0x00000000a8800000, 0x00000000a8900000, 0x00000000a8900000|100%| O|  |TAMS 0x00000000a8800000, 0x00000000a8800000| Untracked 
| 125|0x00000000a8900000, 0x00000000a8a00000, 0x00000000a8a00000|100%| O|  |TAMS 0x00000000a8900000, 0x00000000a8900000| Untracked 
| 126|0x00000000a8a00000, 0x00000000a8b00000, 0x00000000a8b00000|100%|HS|  |TAMS 0x00000000a8a00000, 0x00000000a8a00000| Complete 
| 127|0x00000000a8b00000, 0x00000000a8c00000, 0x00000000a8c00000|100%|HC|  |TAMS 0x00000000a8b00000, 0x00000000a8b00000| Complete 
| 128|0x00000000a8c00000, 0x00000000a8d00000, 0x00000000a8d00000|100%|HC|  |TAMS 0x00000000a8c00000, 0x00000000a8c00000| Complete 
| 129|0x00000000a8d00000, 0x00000000a8e00000, 0x00000000a8e00000|100%| O|  |TAMS 0x00000000a8d00000, 0x00000000a8d00000| Untracked 
| 130|0x00000000a8e00000, 0x00000000a8f00000, 0x00000000a8f00000|100%| O|  |TAMS 0x00000000a8e00000, 0x00000000a8e00000| Untracked 
| 131|0x00000000a8f00000, 0x00000000a9000000, 0x00000000a9000000|100%| O|  |TAMS 0x00000000a8f00000, 0x00000000a8f00000| Untracked 
| 132|0x00000000a9000000, 0x00000000a9100000, 0x00000000a9100000|100%| O|  |TAMS 0x00000000a9000000, 0x00000000a9000000| Untracked 
| 133|0x00000000a9100000, 0x00000000a9200000, 0x00000000a9200000|100%| O|  |TAMS 0x00000000a9100000, 0x00000000a9100000| Untracked 
| 134|0x00000000a9200000, 0x00000000a9300000, 0x00000000a9300000|100%| O|  |TAMS 0x00000000a9200000, 0x00000000a9200000| Untracked 
| 135|0x00000000a9300000, 0x00000000a9400000, 0x00000000a9400000|100%| O|  |TAMS 0x00000000a9300000, 0x00000000a9300000| Untracked 
| 136|0x00000000a9400000, 0x00000000a943e600, 0x00000000a9500000| 24%| O|  |TAMS 0x00000000a9400000, 0x00000000a9400000| Untracked 
| 137|0x00000000a9500000, 0x00000000a9500000, 0x00000000a9600000|  0%| F|  |TAMS 0x00000000a9500000, 0x00000000a9500000| Untracked 
| 138|0x00000000a9600000, 0x00000000a9600000, 0x00000000a9700000|  0%| F|  |TAMS 0x00000000a9600000, 0x00000000a9600000| Untracked 
| 139|0x00000000a9700000, 0x00000000a9700000, 0x00000000a9800000|  0%| F|  |TAMS 0x00000000a9700000, 0x00000000a9700000| Untracked 
| 140|0x00000000a9800000, 0x00000000a9800000, 0x00000000a9900000|  0%| F|  |TAMS 0x00000000a9800000, 0x00000000a9800000| Untracked 
| 141|0x00000000a9900000, 0x00000000a9900000, 0x00000000a9a00000|  0%| F|  |TAMS 0x00000000a9900000, 0x00000000a9900000| Untracked 
| 142|0x00000000a9a00000, 0x00000000a9a00000, 0x00000000a9b00000|  0%| F|  |TAMS 0x00000000a9a00000, 0x00000000a9a00000| Untracked 
| 143|0x00000000a9b00000, 0x00000000a9b00000, 0x00000000a9c00000|  0%| F|  |TAMS 0x00000000a9b00000, 0x00000000a9b00000| Untracked 
| 144|0x00000000a9c00000, 0x00000000a9c00000, 0x00000000a9d00000|  0%| F|  |TAMS 0x00000000a9c00000, 0x00000000a9c00000| Untracked 
| 145|0x00000000a9d00000, 0x00000000a9d00000, 0x00000000a9e00000|  0%| F|  |TAMS 0x00000000a9d00000, 0x00000000a9d00000| Untracked 
| 146|0x00000000a9e00000, 0x00000000a9e00000, 0x00000000a9f00000|  0%| F|  |TAMS 0x00000000a9e00000, 0x00000000a9e00000| Untracked 
| 147|0x00000000a9f00000, 0x00000000a9f00000, 0x00000000aa000000|  0%| F|  |TAMS 0x00000000a9f00000, 0x00000000a9f00000| Untracked 
| 148|0x00000000aa000000, 0x00000000aa000000, 0x00000000aa100000|  0%| F|  |TAMS 0x00000000aa000000, 0x00000000aa000000| Untracked 
| 149|0x00000000aa100000, 0x00000000aa100000, 0x00000000aa200000|  0%| F|  |TAMS 0x00000000aa100000, 0x00000000aa100000| Untracked 
| 150|0x00000000aa200000, 0x00000000aa200000, 0x00000000aa300000|  0%| F|  |TAMS 0x00000000aa200000, 0x00000000aa200000| Untracked 
| 151|0x00000000aa300000, 0x00000000aa300000, 0x00000000aa400000|  0%| F|  |TAMS 0x00000000aa300000, 0x00000000aa300000| Untracked 
| 152|0x00000000aa400000, 0x00000000aa400000, 0x00000000aa500000|  0%| F|  |TAMS 0x00000000aa400000, 0x00000000aa400000| Untracked 
| 153|0x00000000aa500000, 0x00000000aa500000, 0x00000000aa600000|  0%| F|  |TAMS 0x00000000aa500000, 0x00000000aa500000| Untracked 
| 154|0x00000000aa600000, 0x00000000aa600000, 0x00000000aa700000|  0%| F|  |TAMS 0x00000000aa600000, 0x00000000aa600000| Untracked 
| 155|0x00000000aa700000, 0x00000000aa700000, 0x00000000aa800000|  0%| F|  |TAMS 0x00000000aa700000, 0x00000000aa700000| Untracked 
| 156|0x00000000aa800000, 0x00000000aa800000, 0x00000000aa900000|  0%| F|  |TAMS 0x00000000aa800000, 0x00000000aa800000| Untracked 
| 157|0x00000000aa900000, 0x00000000aa900000, 0x00000000aaa00000|  0%| F|  |TAMS 0x00000000aa900000, 0x00000000aa900000| Untracked 
| 158|0x00000000aaa00000, 0x00000000aaa00000, 0x00000000aab00000|  0%| F|  |TAMS 0x00000000aaa00000, 0x00000000aaa00000| Untracked 
| 159|0x00000000aab00000, 0x00000000aab00000, 0x00000000aac00000|  0%| F|  |TAMS 0x00000000aab00000, 0x00000000aab00000| Untracked 
| 160|0x00000000aac00000, 0x00000000aac00000, 0x00000000aad00000|  0%| F|  |TAMS 0x00000000aac00000, 0x00000000aac00000| Untracked 
| 161|0x00000000aad00000, 0x00000000aad00000, 0x00000000aae00000|  0%| F|  |TAMS 0x00000000aad00000, 0x00000000aad00000| Untracked 
| 162|0x00000000aae00000, 0x00000000aae00000, 0x00000000aaf00000|  0%| F|  |TAMS 0x00000000aae00000, 0x00000000aae00000| Untracked 
| 163|0x00000000aaf00000, 0x00000000aaf00000, 0x00000000ab000000|  0%| F|  |TAMS 0x00000000aaf00000, 0x00000000aaf00000| Untracked 
| 164|0x00000000ab000000, 0x00000000ab000000, 0x00000000ab100000|  0%| F|  |TAMS 0x00000000ab000000, 0x00000000ab000000| Untracked 
| 165|0x00000000ab100000, 0x00000000ab100000, 0x00000000ab200000|  0%| F|  |TAMS 0x00000000ab100000, 0x00000000ab100000| Untracked 
| 166|0x00000000ab200000, 0x00000000ab200000, 0x00000000ab300000|  0%| F|  |TAMS 0x00000000ab200000, 0x00000000ab200000| Untracked 
| 167|0x00000000ab300000, 0x00000000ab300000, 0x00000000ab400000|  0%| F|  |TAMS 0x00000000ab300000, 0x00000000ab300000| Untracked 
| 168|0x00000000ab400000, 0x00000000ab400000, 0x00000000ab500000|  0%| F|  |TAMS 0x00000000ab400000, 0x00000000ab400000| Untracked 
| 169|0x00000000ab500000, 0x00000000ab500000, 0x00000000ab600000|  0%| F|  |TAMS 0x00000000ab500000, 0x00000000ab500000| Untracked 
| 170|0x00000000ab600000, 0x00000000ab600000, 0x00000000ab700000|  0%| F|  |TAMS 0x00000000ab600000, 0x00000000ab600000| Untracked 
| 171|0x00000000ab700000, 0x00000000ab700000, 0x00000000ab800000|  0%| F|  |TAMS 0x00000000ab700000, 0x00000000ab700000| Untracked 
| 172|0x00000000ab800000, 0x00000000ab800000, 0x00000000ab900000|  0%| F|  |TAMS 0x00000000ab800000, 0x00000000ab800000| Untracked 
| 173|0x00000000ab900000, 0x00000000ab900000, 0x00000000aba00000|  0%| F|  |TAMS 0x00000000ab900000, 0x00000000ab900000| Untracked 
| 174|0x00000000aba00000, 0x00000000aba00000, 0x00000000abb00000|  0%| F|  |TAMS 0x00000000aba00000, 0x00000000aba00000| Untracked 
| 175|0x00000000abb00000, 0x00000000abb00000, 0x00000000abc00000|  0%| F|  |TAMS 0x00000000abb00000, 0x00000000abb00000| Untracked 
| 176|0x00000000abc00000, 0x00000000abc00000, 0x00000000abd00000|  0%| F|  |TAMS 0x00000000abc00000, 0x00000000abc00000| Untracked 
| 177|0x00000000abd00000, 0x00000000abd00000, 0x00000000abe00000|  0%| F|  |TAMS 0x00000000abd00000, 0x00000000abd00000| Untracked 
| 178|0x00000000abe00000, 0x00000000abe00000, 0x00000000abf00000|  0%| F|  |TAMS 0x00000000abe00000, 0x00000000abe00000| Untracked 
| 179|0x00000000abf00000, 0x00000000abf00000, 0x00000000ac000000|  0%| F|  |TAMS 0x00000000abf00000, 0x00000000abf00000| Untracked 
| 180|0x00000000ac000000, 0x00000000ac000000, 0x00000000ac100000|  0%| F|  |TAMS 0x00000000ac000000, 0x00000000ac000000| Untracked 
| 181|0x00000000ac100000, 0x00000000ac100000, 0x00000000ac200000|  0%| F|  |TAMS 0x00000000ac100000, 0x00000000ac100000| Untracked 
| 182|0x00000000ac200000, 0x00000000ac200000, 0x00000000ac300000|  0%| F|  |TAMS 0x00000000ac200000, 0x00000000ac200000| Untracked 
| 183|0x00000000ac300000, 0x00000000ac300000, 0x00000000ac400000|  0%| F|  |TAMS 0x00000000ac300000, 0x00000000ac300000| Untracked 
| 184|0x00000000ac400000, 0x00000000ac400000, 0x00000000ac500000|  0%| F|  |TAMS 0x00000000ac400000, 0x00000000ac400000| Untracked 
| 185|0x00000000ac500000, 0x00000000ac500000, 0x00000000ac600000|  0%| F|  |TAMS 0x00000000ac500000, 0x00000000ac500000| Untracked 
| 186|0x00000000ac600000, 0x00000000ac600000, 0x00000000ac700000|  0%| F|  |TAMS 0x00000000ac600000, 0x00000000ac600000| Untracked 
| 187|0x00000000ac700000, 0x00000000ac700000, 0x00000000ac800000|  0%| F|  |TAMS 0x00000000ac700000, 0x00000000ac700000| Untracked 
| 188|0x00000000ac800000, 0x00000000ac800000, 0x00000000ac900000|  0%| F|  |TAMS 0x00000000ac800000, 0x00000000ac800000| Untracked 
| 189|0x00000000ac900000, 0x00000000ac900000, 0x00000000aca00000|  0%| F|  |TAMS 0x00000000ac900000, 0x00000000ac900000| Untracked 
| 190|0x00000000aca00000, 0x00000000aca00000, 0x00000000acb00000|  0%| F|  |TAMS 0x00000000aca00000, 0x00000000aca00000| Untracked 
| 191|0x00000000acb00000, 0x00000000acb00000, 0x00000000acc00000|  0%| F|  |TAMS 0x00000000acb00000, 0x00000000acb00000| Untracked 
| 192|0x00000000acc00000, 0x00000000acc00000, 0x00000000acd00000|  0%| F|  |TAMS 0x00000000acc00000, 0x00000000acc00000| Untracked 
| 193|0x00000000acd00000, 0x00000000acd00000, 0x00000000ace00000|  0%| F|  |TAMS 0x00000000acd00000, 0x00000000acd00000| Untracked 
| 194|0x00000000ace00000, 0x00000000ace00000, 0x00000000acf00000|  0%| F|  |TAMS 0x00000000ace00000, 0x00000000ace00000| Untracked 
| 195|0x00000000acf00000, 0x00000000acf00000, 0x00000000ad000000|  0%| F|  |TAMS 0x00000000acf00000, 0x00000000acf00000| Untracked 
| 196|0x00000000ad000000, 0x00000000ad000000, 0x00000000ad100000|  0%| F|  |TAMS 0x00000000ad000000, 0x00000000ad000000| Untracked 
| 197|0x00000000ad100000, 0x00000000ad100000, 0x00000000ad200000|  0%| F|  |TAMS 0x00000000ad100000, 0x00000000ad100000| Untracked 
| 198|0x00000000ad200000, 0x00000000ad200000, 0x00000000ad300000|  0%| F|  |TAMS 0x00000000ad200000, 0x00000000ad200000| Untracked 
| 199|0x00000000ad300000, 0x00000000ad300000, 0x00000000ad400000|  0%| F|  |TAMS 0x00000000ad300000, 0x00000000ad300000| Untracked 
| 200|0x00000000ad400000, 0x00000000ad400000, 0x00000000ad500000|  0%| F|  |TAMS 0x00000000ad400000, 0x00000000ad400000| Untracked 
| 201|0x00000000ad500000, 0x00000000ad500000, 0x00000000ad600000|  0%| F|  |TAMS 0x00000000ad500000, 0x00000000ad500000| Untracked 
| 202|0x00000000ad600000, 0x00000000ad600000, 0x00000000ad700000|  0%| F|  |TAMS 0x00000000ad600000, 0x00000000ad600000| Untracked 
| 203|0x00000000ad700000, 0x00000000ad700000, 0x00000000ad800000|  0%| F|  |TAMS 0x00000000ad700000, 0x00000000ad700000| Untracked 
| 204|0x00000000ad800000, 0x00000000ad800000, 0x00000000ad900000|  0%| F|  |TAMS 0x00000000ad800000, 0x00000000ad800000| Untracked 
| 205|0x00000000ad900000, 0x00000000ad900000, 0x00000000ada00000|  0%| F|  |TAMS 0x00000000ad900000, 0x00000000ad900000| Untracked 
| 206|0x00000000ada00000, 0x00000000ada00000, 0x00000000adb00000|  0%| F|  |TAMS 0x00000000ada00000, 0x00000000ada00000| Untracked 
| 207|0x00000000adb00000, 0x00000000adb00000, 0x00000000adc00000|  0%| F|  |TAMS 0x00000000adb00000, 0x00000000adb00000| Untracked 
| 208|0x00000000adc00000, 0x00000000adc00000, 0x00000000add00000|  0%| F|  |TAMS 0x00000000adc00000, 0x00000000adc00000| Untracked 
| 209|0x00000000add00000, 0x00000000add00000, 0x00000000ade00000|  0%| F|  |TAMS 0x00000000add00000, 0x00000000add00000| Untracked 
| 210|0x00000000ade00000, 0x00000000ade00000, 0x00000000adf00000|  0%| F|  |TAMS 0x00000000ade00000, 0x00000000ade00000| Untracked 
| 211|0x00000000adf00000, 0x00000000adf00000, 0x00000000ae000000|  0%| F|  |TAMS 0x00000000adf00000, 0x00000000adf00000| Untracked 
| 212|0x00000000ae000000, 0x00000000ae000000, 0x00000000ae100000|  0%| F|  |TAMS 0x00000000ae000000, 0x00000000ae000000| Untracked 
| 213|0x00000000ae100000, 0x00000000ae100000, 0x00000000ae200000|  0%| F|  |TAMS 0x00000000ae100000, 0x00000000ae100000| Untracked 
| 214|0x00000000ae200000, 0x00000000ae200000, 0x00000000ae300000|  0%| F|  |TAMS 0x00000000ae200000, 0x00000000ae200000| Untracked 
| 215|0x00000000ae300000, 0x00000000ae300000, 0x00000000ae400000|  0%| F|  |TAMS 0x00000000ae300000, 0x00000000ae300000| Untracked 
| 216|0x00000000ae400000, 0x00000000ae400000, 0x00000000ae500000|  0%| F|  |TAMS 0x00000000ae400000, 0x00000000ae400000| Untracked 
| 217|0x00000000ae500000, 0x00000000ae500000, 0x00000000ae600000|  0%| F|  |TAMS 0x00000000ae500000, 0x00000000ae500000| Untracked 
| 218|0x00000000ae600000, 0x00000000ae600000, 0x00000000ae700000|  0%| F|  |TAMS 0x00000000ae600000, 0x00000000ae600000| Untracked 
| 219|0x00000000ae700000, 0x00000000ae700000, 0x00000000ae800000|  0%| F|  |TAMS 0x00000000ae700000, 0x00000000ae700000| Untracked 
| 220|0x00000000ae800000, 0x00000000ae800000, 0x00000000ae900000|  0%| F|  |TAMS 0x00000000ae800000, 0x00000000ae800000| Untracked 
| 221|0x00000000ae900000, 0x00000000ae900000, 0x00000000aea00000|  0%| F|  |TAMS 0x00000000ae900000, 0x00000000ae900000| Untracked 
| 222|0x00000000aea00000, 0x00000000aea00000, 0x00000000aeb00000|  0%| F|  |TAMS 0x00000000aea00000, 0x00000000aea00000| Untracked 
| 223|0x00000000aeb00000, 0x00000000aeb00000, 0x00000000aec00000|  0%| F|  |TAMS 0x00000000aeb00000, 0x00000000aeb00000| Untracked 
| 224|0x00000000aec00000, 0x00000000aec00000, 0x00000000aed00000|  0%| F|  |TAMS 0x00000000aec00000, 0x00000000aec00000| Untracked 
| 225|0x00000000aed00000, 0x00000000aed00000, 0x00000000aee00000|  0%| F|  |TAMS 0x00000000aed00000, 0x00000000aed00000| Untracked 
| 226|0x00000000aee00000, 0x00000000aee00000, 0x00000000aef00000|  0%| F|  |TAMS 0x00000000aee00000, 0x00000000aee00000| Untracked 
| 227|0x00000000aef00000, 0x00000000aef00000, 0x00000000af000000|  0%| F|  |TAMS 0x00000000aef00000, 0x00000000aef00000| Untracked 
| 228|0x00000000af000000, 0x00000000af000000, 0x00000000af100000|  0%| F|  |TAMS 0x00000000af000000, 0x00000000af000000| Untracked 
| 229|0x00000000af100000, 0x00000000af100000, 0x00000000af200000|  0%| F|  |TAMS 0x00000000af100000, 0x00000000af100000| Untracked 
| 230|0x00000000af200000, 0x00000000af300000, 0x00000000af300000|100%| S|CS|TAMS 0x00000000af200000, 0x00000000af200000| Complete 
| 231|0x00000000af300000, 0x00000000af400000, 0x00000000af400000|100%| S|CS|TAMS 0x00000000af300000, 0x00000000af300000| Complete 
| 232|0x00000000af400000, 0x00000000af400000, 0x00000000af500000|  0%| F|  |TAMS 0x00000000af400000, 0x00000000af400000| Untracked 
| 233|0x00000000af500000, 0x00000000af500000, 0x00000000af600000|  0%| F|  |TAMS 0x00000000af500000, 0x00000000af500000| Untracked 
| 234|0x00000000af600000, 0x00000000af600000, 0x00000000af700000|  0%| F|  |TAMS 0x00000000af600000, 0x00000000af600000| Untracked 
| 235|0x00000000af700000, 0x00000000af700000, 0x00000000af800000|  0%| F|  |TAMS 0x00000000af700000, 0x00000000af700000| Untracked 
| 236|0x00000000af800000, 0x00000000af800000, 0x00000000af900000|  0%| F|  |TAMS 0x00000000af800000, 0x00000000af800000| Untracked 
| 237|0x00000000af900000, 0x00000000af900000, 0x00000000afa00000|  0%| F|  |TAMS 0x00000000af900000, 0x00000000af900000| Untracked 
| 238|0x00000000afa00000, 0x00000000afa00000, 0x00000000afb00000|  0%| F|  |TAMS 0x00000000afa00000, 0x00000000afa00000| Untracked 
| 239|0x00000000afb00000, 0x00000000afb00000, 0x00000000afc00000|  0%| F|  |TAMS 0x00000000afb00000, 0x00000000afb00000| Untracked 

Card table byte_map: [0x00000256d7890000,0x00000256d7b90000] _byte_map_base: 0x00000256d738a000

Marking Bits (Prev, Next): (CMBitMap*) 0x00000256cc9499b0, (CMBitMap*) 0x00000256cc9499f0
 Prev Bits: [0x00000256d7e90000, 0x00000256d9660000)
 Next Bits: [0x00000256d9660000, 0x00000256dae30000)

Polling page: 0x00000256ca9b0000

Metaspace:

Usage:
  Non-class:     55.77 MB used.
      Class:      9.83 MB used.
       Both:     65.60 MB used.

Virtual space:
  Non-class space:       64.00 MB reserved,      56.06 MB ( 88%) committed,  1 nodes.
      Class space:        1.00 GB reserved,      10.06 MB ( <1%) committed,  1 nodes.
             Both:        1.06 GB reserved,      66.12 MB (  6%) committed. 

Chunk freelists:
   Non-Class:  7.13 MB
       Class:  5.81 MB
        Both:  12.94 MB

MaxMetaspaceSize: unlimited
CompressedClassSpaceSize: 1.00 GB
Initial GC threshold: 21.00 MB
Current GC threshold: 110.25 MB
CDS: on
MetaspaceReclaimPolicy: balanced
 - commit_granule_bytes: 65536.
 - commit_granule_words: 8192.
 - virtual_space_node_default_size: 8388608.
 - enlarge_chunks_in_place: 1.
 - new_chunks_are_fully_committed: 0.
 - uncommit_free_chunks: 1.
 - use_allocation_guard: 0.
 - handle_deallocations: 1.


Internal statistics:

num_allocs_failed_limit: 9.
num_arena_births: 854.
num_arena_deaths: 0.
num_vsnodes_births: 2.
num_vsnodes_deaths: 0.
num_space_committed: 1058.
num_space_uncommitted: 0.
num_chunks_returned_to_freelist: 9.
num_chunks_taken_from_freelist: 3395.
num_chunk_merges: 9.
num_chunk_splits: 2486.
num_chunks_enlarged: 1973.
num_inconsistent_stats: 0.

CodeCache: size=49152Kb used=13182Kb max_used=14303Kb free=35969Kb
 bounds [0x00000256d4480000, 0x00000256d5280000, 0x00000256d7480000]
 total_blobs=8121 nmethods=7456 adapters=589
 compilation: enabled
              stopped_count=0, restarted_count=0
 full_count=0

Compilation events (20 events):
Event: 13.869 Thread 0x00000256e376d350 7447       1       org.antlr.v4.runtime.BufferedTokenStream::fetch (89 bytes)
Event: 13.869 Thread 0x00000256dda006d0 7448   !   1       org.antlr.v4.runtime.Lexer::nextToken (249 bytes)
Event: 13.869 Thread 0x00000256dda001b0 7450       1       org.antlr.v4.runtime.CommonTokenFactory::create (85 bytes)
Event: 13.869 Thread 0x00000256dd7ee220 7449       1       org.antlr.v4.runtime.CommonTokenFactory::create (18 bytes)
Event: 13.869 Thread 0x00000256dd7ee220 nmethod 7449 0x00000256d5274c10 code [0x00000256d5274da0, 0x00000256d5274ea8]
Event: 13.869 Thread 0x00000256dd7ee220 7451       1       org.antlr.v4.runtime.CommonToken::<init> (86 bytes)
Event: 13.869 Thread 0x00000256e376d350 nmethod 7447 0x00000256d5274f90 code [0x00000256d5275180, 0x00000256d5275528]
Event: 13.870 Thread 0x00000256dda006d0 nmethod 7448 0x00000256d5275710 code [0x00000256d5275960, 0x00000256d5276058]
Event: 13.870 Thread 0x00000256dda001b0 nmethod 7450 0x00000256d5276710 code [0x00000256d52768e0, 0x00000256d5276c88]
Event: 13.870 Thread 0x00000256dd7ee220 nmethod 7451 0x00000256d5276e90 code [0x00000256d5277040, 0x00000256d5277358]
Event: 13.878 Thread 0x00000256dda006d0 7453       1       org.antlr.v4.runtime.Lexer::getCharIndex (10 bytes)
Event: 13.878 Thread 0x00000256dda001b0 7452       1       org.antlr.v4.runtime.Lexer::emit (51 bytes)
Event: 13.878 Thread 0x00000256dda006d0 nmethod 7453 0x00000256d5277590 code [0x00000256d5277720, 0x00000256d5277838]
Event: 13.878 Thread 0x00000256dda001b0 nmethod 7452 0x00000256d5277910 code [0x00000256d5277ac0, 0x00000256d5277ce8]
Event: 14.745 Thread 0x00000256dda001b0 7454       1       org.antlr.v4.runtime.misc.FlexibleHashMap::<init> (60 bytes)
Event: 14.746 Thread 0x00000256dda001b0 nmethod 7454 0x00000256d4e9b910 code [0x00000256d4e9bae0, 0x00000256d4e9bd88]
Event: 14.806 Thread 0x00000256dd7ee220 7455       1       org.antlr.v4.runtime.atn.PredictionMode::allConfigsInRuleStopStates (41 bytes)
Event: 14.807 Thread 0x00000256dd7ee220 nmethod 7455 0x00000256d4e9b310 code [0x00000256d4e9b4c0, 0x00000256d4e9b768]
Event: 14.825 Thread 0x00000256dd7ee220 7456       1       org.antlr.v4.runtime.atn.PredictionMode::hasSLLConflictTerminatingPrediction (109 bytes)
Event: 14.826 Thread 0x00000256dd7ee220 nmethod 7456 0x00000256d4e9a910 code [0x00000256d4e9ab20, 0x00000256d4e9afd8]

GC Heap History (20 events):
Event: 13.530 GC heap after
{Heap after GC invocations=17 (full 0):
 garbage-first heap   total 112640K, used 57558K [0x00000000a0c00000, 0x0000000100000000)
  region size 1024K, 7 young (7168K), 7 survivors (7168K)
 Metaspace       used 67166K, committed 67712K, reserved 1114112K
  class space    used 10063K, committed 10304K, reserved 1048576K
}
Event: 13.601 GC heap before
{Heap before GC invocations=17 (full 0):
 garbage-first heap   total 112640K, used 84182K [0x00000000a0c00000, 0x0000000100000000)
  region size 1024K, 33 young (33792K), 7 survivors (7168K)
 Metaspace       used 67166K, committed 67712K, reserved 1114112K
  class space    used 10063K, committed 10304K, reserved 1048576K
}
Event: 13.613 GC heap after
{Heap after GC invocations=18 (full 0):
 garbage-first heap   total 112640K, used 68410K [0x00000000a0c00000, 0x0000000100000000)
  region size 1024K, 5 young (5120K), 5 survivors (5120K)
 Metaspace       used 67166K, committed 67712K, reserved 1114112K
  class space    used 10063K, committed 10304K, reserved 1048576K
}
Event: 13.695 GC heap before
{Heap before GC invocations=18 (full 0):
 garbage-first heap   total 138240K, used 86842K [0x00000000a0c00000, 0x0000000100000000)
  region size 1024K, 23 young (23552K), 5 survivors (5120K)
 Metaspace       used 67167K, committed 67712K, reserved 1114112K
  class space    used 10063K, committed 10304K, reserved 1048576K
}
Event: 13.705 GC heap after
{Heap after GC invocations=19 (full 0):
 garbage-first heap   total 138240K, used 74704K [0x00000000a0c00000, 0x0000000100000000)
  region size 1024K, 3 young (3072K), 3 survivors (3072K)
 Metaspace       used 67167K, committed 67712K, reserved 1114112K
  class space    used 10063K, committed 10304K, reserved 1048576K
}
Event: 13.789 GC heap before
{Heap before GC invocations=20 (full 0):
 garbage-first heap   total 138240K, used 102352K [0x00000000a0c00000, 0x0000000100000000)
  region size 1024K, 30 young (30720K), 3 survivors (3072K)
 Metaspace       used 67167K, committed 67712K, reserved 1114112K
  class space    used 10063K, committed 10304K, reserved 1048576K
}
Event: 13.797 GC heap after
{Heap after GC invocations=21 (full 0):
 garbage-first heap   total 138240K, used 78962K [0x00000000a0c00000, 0x0000000100000000)
  region size 1024K, 4 young (4096K), 4 survivors (4096K)
 Metaspace       used 67167K, committed 67712K, reserved 1114112K
  class space    used 10063K, committed 10304K, reserved 1048576K
}
Event: 13.886 GC heap before
{Heap before GC invocations=21 (full 0):
 garbage-first heap   total 138240K, used 104562K [0x00000000a0c00000, 0x0000000100000000)
  region size 1024K, 29 young (29696K), 4 survivors (4096K)
 Metaspace       used 67169K, committed 67712K, reserved 1114112K
  class space    used 10064K, committed 10304K, reserved 1048576K
}
Event: 13.896 GC heap after
{Heap after GC invocations=22 (full 0):
 garbage-first heap   total 245760K, used 84250K [0x00000000a0c00000, 0x0000000100000000)
  region size 1024K, 4 young (4096K), 4 survivors (4096K)
 Metaspace       used 67169K, committed 67712K, reserved 1114112K
  class space    used 10064K, committed 10304K, reserved 1048576K
}
Event: 14.183 GC heap before
{Heap before GC invocations=23 (full 0):
 garbage-first heap   total 245760K, used 160026K [0x00000000a0c00000, 0x0000000100000000)
  region size 1024K, 86 young (88064K), 4 survivors (4096K)
 Metaspace       used 67169K, committed 67712K, reserved 1114112K
  class space    used 10064K, committed 10304K, reserved 1048576K
}
Event: 14.210 GC heap after
{Heap after GC invocations=24 (full 0):
 garbage-first heap   total 245760K, used 108021K [0x00000000a0c00000, 0x0000000100000000)
  region size 1024K, 11 young (11264K), 11 survivors (11264K)
 Metaspace       used 67169K, committed 67712K, reserved 1114112K
  class space    used 10064K, committed 10304K, reserved 1048576K
}
Event: 14.215 GC heap before
{Heap before GC invocations=24 (full 0):
 garbage-first heap   total 245760K, used 109044K [0x00000000a0c00000, 0x0000000100000000)
  region size 1024K, 12 young (12288K), 11 survivors (11264K)
 Metaspace       used 67169K, committed 67712K, reserved 1114112K
  class space    used 10064K, committed 10304K, reserved 1048576K
}
Event: 14.224 GC heap after
{Heap after GC invocations=25 (full 0):
 garbage-first heap   total 245760K, used 96371K [0x00000000a0c00000, 0x0000000100000000)
  region size 1024K, 2 young (2048K), 2 survivors (2048K)
 Metaspace       used 67169K, committed 67712K, reserved 1114112K
  class space    used 10064K, committed 10304K, reserved 1048576K
}
Event: 14.485 GC heap before
{Heap before GC invocations=25 (full 0):
 garbage-first heap   total 245760K, used 168051K [0x00000000a0c00000, 0x0000000100000000)
  region size 1024K, 70 young (71680K), 2 survivors (2048K)
 Metaspace       used 67169K, committed 67712K, reserved 1114112K
  class space    used 10064K, committed 10304K, reserved 1048576K
}
Event: 14.504 GC heap after
{Heap after GC invocations=26 (full 0):
 garbage-first heap   total 245760K, used 121119K [0x00000000a0c00000, 0x0000000100000000)
  region size 1024K, 9 young (9216K), 9 survivors (9216K)
 Metaspace       used 67169K, committed 67712K, reserved 1114112K
  class space    used 10064K, committed 10304K, reserved 1048576K
}
Event: 14.613 GC heap before
{Heap before GC invocations=26 (full 0):
 garbage-first heap   total 245760K, used 157983K [0x00000000a0c00000, 0x0000000100000000)
  region size 1024K, 46 young (47104K), 9 survivors (9216K)
 Metaspace       used 67169K, committed 67712K, reserved 1114112K
  class space    used 10064K, committed 10304K, reserved 1048576K
}
Event: 14.632 GC heap after
{Heap after GC invocations=27 (full 0):
 garbage-first heap   total 245760K, used 137168K [0x00000000a0c00000, 0x0000000100000000)
  region size 1024K, 8 young (8192K), 8 survivors (8192K)
 Metaspace       used 67169K, committed 67712K, reserved 1114112K
  class space    used 10064K, committed 10304K, reserved 1048576K
}
Event: 14.839 GC heap before
{Heap before GC invocations=28 (full 0):
 garbage-first heap   total 245760K, used 179152K [0x00000000a0c00000, 0x0000000100000000)
  region size 1024K, 51 young (52224K), 8 survivors (8192K)
 Metaspace       used 67171K, committed 67712K, reserved 1114112K
  class space    used 10064K, committed 10304K, reserved 1048576K
}
Event: 14.851 GC heap after
{Heap after GC invocations=29 (full 0):
 garbage-first heap   total 245760K, used 140604K [0x00000000a0c00000, 0x0000000100000000)
  region size 1024K, 4 young (4096K), 4 survivors (4096K)
 Metaspace       used 67171K, committed 67712K, reserved 1114112K
  class space    used 10064K, committed 10304K, reserved 1048576K
}
Event: 14.881 GC heap before
{Heap before GC invocations=29 (full 0):
 garbage-first heap   total 245760K, used 148796K [0x00000000a0c00000, 0x0000000100000000)
  region size 1024K, 12 young (12288K), 4 survivors (4096K)
 Metaspace       used 67171K, committed 67712K, reserved 1114112K
  class space    used 10064K, committed 10304K, reserved 1048576K
}

Dll operation events (12 events):
Event: 0.022 Loaded shared library C:\Users\alvar\.jdks\ms-17.0.19\bin\java.dll
Event: 0.052 Loaded shared library C:\Users\alvar\.jdks\ms-17.0.19\bin\jsvml.dll
Event: 0.375 Loaded shared library C:\Users\alvar\.jdks\ms-17.0.19\bin\zip.dll
Event: 0.382 Loaded shared library C:\Users\alvar\.jdks\ms-17.0.19\bin\instrument.dll
Event: 0.394 Loaded shared library C:\Users\alvar\.jdks\ms-17.0.19\bin\net.dll
Event: 0.399 Loaded shared library C:\Users\alvar\.jdks\ms-17.0.19\bin\nio.dll
Event: 0.404 Loaded shared library C:\Users\alvar\.jdks\ms-17.0.19\bin\zip.dll
Event: 0.759 Loaded shared library C:\Users\alvar\.jdks\ms-17.0.19\bin\extnet.dll
Event: 0.871 Loaded shared library C:\Users\alvar\.jdks\ms-17.0.19\bin\jimage.dll
Event: 3.611 Loaded shared library C:\Users\alvar\.jdks\ms-17.0.19\bin\sunmscapi.dll
Event: 6.187 Loaded shared library C:\Users\alvar\.jdks\ms-17.0.19\bin\management.dll
Event: 6.192 Loaded shared library C:\Users\alvar\.jdks\ms-17.0.19\bin\management_ext.dll

Deoptimization events (8 events):
Event: 7.695 Thread 0x00000256e2f8ef10 DEOPT PACKING pc=0x00000256d4933117 sp=0x000000cf9deff320
Event: 7.695 Thread 0x00000256e2f8ef10 DEOPT UNPACKING pc=0x00000256d44d7143 sp=0x000000cf9defe778 mode 3
Event: 7.695 Thread 0x00000256cc8fa740 DEOPT PACKING pc=0x00000256d494f881 sp=0x000000cf9bff99a0
Event: 7.695 Thread 0x00000256cc8fa740 DEOPT UNPACKING pc=0x00000256d44d7143 sp=0x000000cf9bff8e30 mode 3
Event: 9.275 Thread 0x00000256cc8fa740 DEOPT PACKING pc=0x00000256d4f80674 sp=0x000000cf9bff8c80
Event: 9.275 Thread 0x00000256cc8fa740 DEOPT UNPACKING pc=0x00000256d44d7143 sp=0x000000cf9bff8118 mode 0
Event: 10.232 Thread 0x00000256cc8fa740 DEOPT PACKING pc=0x00000256d50f65ec sp=0x000000cf9bff9560
Event: 10.232 Thread 0x00000256cc8fa740 DEOPT UNPACKING pc=0x00000256d44d7143 sp=0x000000cf9bff8ad8 mode 0

Classes loaded (20 events):
Event: 11.778 Loading class javax/net/ssl/SSLException
Event: 11.779 Loading class javax/net/ssl/SSLException done
Event: 11.808 Loading class java/nio/channels/CompletionHandler
Event: 11.808 Loading class java/nio/channels/CompletionHandler done
Event: 12.038 Loading class java/util/EmptyStackException
Event: 12.038 Loading class java/util/EmptyStackException done
Event: 12.328 Loading class java/io/InvalidClassException
Event: 12.328 Loading class java/io/InvalidClassException done
Event: 12.359 Loading class java/util/ArrayList$ListItr
Event: 12.359 Loading class java/util/ArrayList$ListItr done
Event: 13.229 Loading class java/lang/invoke/MethodHandleImpl$CountingWrapper$1
Event: 13.230 Loading class java/lang/invoke/MethodHandleImpl$CountingWrapper$1 done
Event: 13.244 Loading class sun/reflect/ReflectionFactory
Event: 13.244 Loading class sun/reflect/ReflectionFactory done
Event: 13.244 Loading class sun/reflect/ReflectionFactory$1
Event: 13.244 Loading class sun/reflect/ReflectionFactory$1 done
Event: 13.244 Loading class java/io/OptionalDataException
Event: 13.245 Loading class java/io/OptionalDataException done
Event: 13.245 Loading class jdk/internal/reflect/SerializationConstructorAccessorImpl
Event: 13.245 Loading class jdk/internal/reflect/SerializationConstructorAccessorImpl done

Classes unloaded (0 events):
No events

Classes redefined (0 events):
No events

Internal exceptions (20 events):
Event: 11.573 Thread 0x00000256cc8fa740 Exception <a 'java/lang/IncompatibleClassChangeError'{0x00000000a7773498}: Found class java.lang.Object, but interface was expected> (0x00000000a7773498) 
thrown [s\src\hotspot\share\interpreter\linkResolver.cpp, line 826]
Event: 11.652 Thread 0x00000256cc8fa740 Exception <a 'java/lang/NoSuchMethodError'{0x00000000a7560908}: 'java.lang.Object java.lang.invoke.DirectMethodHandle$Holder.invokeStatic(java.lang.Object, int, java.lang.Object)'> (0x00000000a7560908) 
thrown [s\src\hotspot\share\interpreter\linkResolver.cpp, line 759]
Event: 11.668 Thread 0x00000256cc8fa740 Exception <a 'java/lang/reflect/InvocationTargetException'{0x00000000a75b7f18}> (0x00000000a75b7f18) 
thrown [s\src\hotspot\share\runtime\reflection.cpp, line 1128]
Event: 11.671 Thread 0x00000256cc8fa740 Exception <a 'java/lang/reflect/InvocationTargetException'{0x00000000a75c32d0}> (0x00000000a75c32d0) 
thrown [s\src\hotspot\share\runtime\reflection.cpp, line 1128]
Event: 11.681 Thread 0x00000256cc8fa740 Exception <a 'java/lang/reflect/InvocationTargetException'{0x00000000a75deb40}> (0x00000000a75deb40) 
thrown [s\src\hotspot\share\runtime\reflection.cpp, line 1128]
Event: 11.684 Thread 0x00000256cc8fa740 Exception <a 'java/lang/reflect/InvocationTargetException'{0x00000000a75ed210}> (0x00000000a75ed210) 
thrown [s\src\hotspot\share\runtime\reflection.cpp, line 1128]
Event: 11.809 Thread 0x00000256cc8fa740 Exception <a 'java/lang/NoSuchMethodError'{0x00000000a70ac340}: 'long java.lang.invoke.DirectMethodHandle$Holder.invokeVirtual(java.lang.Object, java.lang.Object)'> (0x00000000a70ac340) 
thrown [s\src\hotspot\share\interpreter\linkResolver.cpp, line 759]
Event: 11.875 Thread 0x00000256cc8fa740 Exception <a 'java/lang/NoSuchMethodError'{0x00000000a6e8f500}: 'void java.lang.invoke.DirectMethodHandle$Holder.invokeVirtual(java.lang.Object, java.lang.Object, long)'> (0x00000000a6e8f500) 
thrown [s\src\hotspot\share\interpreter\linkResolver.cpp, line 759]
Event: 11.933 Thread 0x00000256cc8fa740 Exception <a 'java/lang/reflect/InvocationTargetException'{0x00000000a6b05f90}> (0x00000000a6b05f90) 
thrown [s\src\hotspot\share\runtime\reflection.cpp, line 1128]
Event: 11.974 Thread 0x00000256cc8fa740 Exception <a 'java/lang/reflect/InvocationTargetException'{0x00000000a6959630}> (0x00000000a6959630) 
thrown [s\src\hotspot\share\runtime\reflection.cpp, line 1128]
Event: 11.977 Thread 0x00000256cc8fa740 Exception <a 'java/lang/reflect/InvocationTargetException'{0x00000000a6962838}> (0x00000000a6962838) 
thrown [s\src\hotspot\share\runtime\reflection.cpp, line 1128]
Event: 11.985 Thread 0x00000256cc8fa740 Exception <a 'java/lang/reflect/InvocationTargetException'{0x00000000a698dea0}> (0x00000000a698dea0) 
thrown [s\src\hotspot\share\runtime\reflection.cpp, line 1128]
Event: 13.093 Thread 0x00000256cc8fa740 Exception <a 'java/lang/reflect/InvocationTargetException'{0x00000000a65ebeb0}> (0x00000000a65ebeb0) 
thrown [s\src\hotspot\share\runtime\reflection.cpp, line 1128]
Event: 13.142 Thread 0x00000256cc8fa740 Exception <a 'java/lang/reflect/InvocationTargetException'{0x00000000a613a460}> (0x00000000a613a460) 
thrown [s\src\hotspot\share\runtime\reflection.cpp, line 1128]
Event: 13.145 Thread 0x00000256cc8fa740 Exception <a 'java/lang/reflect/InvocationTargetException'{0x00000000a6153028}> (0x00000000a6153028) 
thrown [s\src\hotspot\share\runtime\reflection.cpp, line 1128]
Event: 13.150 Thread 0x00000256cc8fa740 Exception <a 'java/lang/reflect/InvocationTargetException'{0x00000000a616c9e0}> (0x00000000a616c9e0) 
thrown [s\src\hotspot\share\runtime\reflection.cpp, line 1128]
Event: 13.152 Thread 0x00000256cc8fa740 Exception <a 'java/lang/reflect/InvocationTargetException'{0x00000000a617b1a8}> (0x00000000a617b1a8) 
thrown [s\src\hotspot\share\runtime\reflection.cpp, line 1128]
Event: 13.154 Thread 0x00000256cc8fa740 Exception <a 'java/lang/reflect/InvocationTargetException'{0x00000000a6187cf0}> (0x00000000a6187cf0) 
thrown [s\src\hotspot\share\runtime\reflection.cpp, line 1128]
Event: 13.189 Thread 0x00000256cc8fa740 Exception <a 'java/lang/reflect/InvocationTargetException'{0x00000000a5e4c148}> (0x00000000a5e4c148) 
thrown [s\src\hotspot\share\runtime\reflection.cpp, line 1128]
Event: 13.221 Thread 0x00000256cc8fa740 Exception <a 'java/lang/NoSuchMethodError'{0x00000000a5c38878}: 'int java.lang.invoke.DirectMethodHandle$Holder.invokeStaticInit(java.lang.Object, int, java.lang.Object, java.lang.Object, java.lang.Object, java.lang.Object)'> (0x00000000a5c38878) 
thrown [s\src\hotspot\share\interpreter\linkResolver.cpp, line 759]

VM Operations (20 events):
Event: 13.896 Executing VM operation: G1CollectForAllocation done
Event: 13.938 Executing VM operation: G1PauseRemark
Event: 13.941 Executing VM operation: G1PauseRemark done
Event: 13.959 Executing VM operation: G1PauseCleanup
Event: 13.959 Executing VM operation: G1PauseCleanup done
Event: 14.183 Executing VM operation: G1CollectForAllocation
Event: 14.210 Executing VM operation: G1CollectForAllocation done
Event: 14.215 Executing VM operation: G1CollectForAllocation
Event: 14.224 Executing VM operation: G1CollectForAllocation done
Event: 14.485 Executing VM operation: G1CollectForAllocation
Event: 14.504 Executing VM operation: G1CollectForAllocation done
Event: 14.613 Executing VM operation: G1TryInitiateConcMark
Event: 14.632 Executing VM operation: G1TryInitiateConcMark done
Event: 14.724 Executing VM operation: G1PauseRemark
Event: 14.728 Executing VM operation: G1PauseRemark done
Event: 14.781 Executing VM operation: G1PauseCleanup
Event: 14.782 Executing VM operation: G1PauseCleanup done
Event: 14.839 Executing VM operation: G1CollectForAllocation
Event: 14.851 Executing VM operation: G1CollectForAllocation done
Event: 14.881 Executing VM operation: G1CollectForAllocation

Memory protections (0 events):
No events

Nmethod flushes (0 events):
No events

Events (20 events):
Event: 0.068 Thread 0x00000256cc8fa740 Thread added: 0x00000256dd7f9c50
Event: 0.341 Thread 0x00000256cc8fa740 Thread added: 0x00000256dd7b8020
Event: 0.358 Thread 0x00000256dd7ee220 Thread added: 0x00000256dda001b0
Event: 0.361 Thread 0x00000256dda001b0 Thread added: 0x00000256dda006d0
Event: 0.722 Thread 0x00000256cc8fa740 Thread added: 0x00000256ddd1dff0
Event: 0.722 Thread 0x00000256cc8fa740 Thread added: 0x00000256ddd1e4d0
Event: 2.327 Thread 0x00000256cc8fa740 Thread added: 0x00000256e26a6010
Event: 3.620 Thread 0x00000256e26a6010 Thread exited: 0x00000256e26a6010
Event: 3.652 Thread 0x00000256cc8fa740 Thread added: 0x00000256e2b4faf0
Event: 3.699 Thread 0x00000256e2b4faf0 Thread exited: 0x00000256e2b4faf0
Event: 6.402 Thread 0x00000256cc8fa740 Thread added: 0x00000256e2f8f930
Event: 7.693 Thread 0x00000256cc8fa740 Thread added: 0x00000256e2f8ef10
Event: 7.823 Thread 0x00000256e2f8ef10 Thread added: 0x00000256e2f8d0b0
Event: 8.291 Thread 0x00000256dda001b0 Thread added: 0x00000256e376d350
Event: 11.838 Thread 0x00000256cc8fa740 Thread added: 0x00000256e2f8ea00
Event: 11.843 Thread 0x00000256e2f8ea00 Thread added: 0x00000256e2f8e4f0
Event: 11.850 Thread 0x00000256cc8fa740 Thread added: 0x00000256e2f90350
Event: 13.250 Thread 0x00000256e2f8d0b0 Thread exited: 0x00000256e2f8d0b0
Event: 14.745 Thread 0x00000256e376d350 Thread exited: 0x00000256e376d350
Event: 14.806 Thread 0x00000256dda006d0 Thread exited: 0x00000256dda006d0


Dynamic libraries:
0x00007ff6a4d30000 - 0x00007ff6a4d3e000 	C:\Users\alvar\.jdks\ms-17.0.19\bin\java.exe
0x00007ff9ec7e0000 - 0x00007ff9eca46000 	C:\WINDOWS\SYSTEM32\ntdll.dll
0x00007ff9bdfa0000 - 0x00007ff9bdfc1000 	C:\Program Files\Norton\Suite\aswhook.dll
0x00007ff9eb530000 - 0x00007ff9eb5f9000 	C:\WINDOWS\System32\KERNEL32.DLL
0x00007ff9ea040000 - 0x00007ff9ea440000 	C:\WINDOWS\System32\KERNELBASE.dll
0x00007ff9e9af0000 - 0x00007ff9e9c3c000 	C:\WINDOWS\System32\ucrtbase.dll
0x00007ff9bf9d0000 - 0x00007ff9bf9ee000 	C:\Users\alvar\.jdks\ms-17.0.19\bin\VCRUNTIME140.dll
0x00007ff9ccef0000 - 0x00007ff9ccf08000 	C:\Users\alvar\.jdks\ms-17.0.19\bin\jli.dll
0x00007ff9eb360000 - 0x00007ff9eb527000 	C:\WINDOWS\System32\USER32.dll
0x00007ff9e9ac0000 - 0x00007ff9e9ae7000 	C:\WINDOWS\System32\win32u.dll
0x00007ff9c47c0000 - 0x00007ff9c4a52000 	C:\WINDOWS\WinSxS\amd64_microsoft.windows.common-controls_6595b64144ccf1df_6.0.26100.8737_none_3e092eaee333b772\COMCTL32.dll
0x00007ff9eb150000 - 0x00007ff9eb1f9000 	C:\WINDOWS\System32\msvcrt.dll
0x00007ff9ea660000 - 0x00007ff9ea68b000 	C:\WINDOWS\System32\GDI32.dll
0x00007ff9e9c50000 - 0x00007ff9e9d79000 	C:\WINDOWS\System32\gdi32full.dll
0x00007ff9e9d80000 - 0x00007ff9e9e23000 	C:\WINDOWS\System32\msvcp_win.dll
0x00007ff9eb600000 - 0x00007ff9eb632000 	C:\WINDOWS\System32\IMM32.DLL
0x00007ff9ccee0000 - 0x00007ff9cceec000 	C:\Users\alvar\.jdks\ms-17.0.19\bin\vcruntime140_1.dll
0x00007ff9b66c0000 - 0x00007ff9b6749000 	C:\Users\alvar\.jdks\ms-17.0.19\bin\msvcp140.dll
0x00007ff8ee430000 - 0x00007ff8ef0ab000 	C:\Users\alvar\.jdks\ms-17.0.19\bin\server\jvm.dll
0x00007ff9ec480000 - 0x00007ff9ec537000 	C:\WINDOWS\System32\ADVAPI32.dll
0x00007ff9eb6d0000 - 0x00007ff9eb77a000 	C:\WINDOWS\System32\sechost.dll
0x00007ff9ea510000 - 0x00007ff9ea628000 	C:\WINDOWS\System32\RPCRT4.dll
0x00007ff9ea690000 - 0x00007ff9ea710000 	C:\WINDOWS\System32\WS2_32.dll
0x00007ff9e9860000 - 0x00007ff9e98be000 	C:\WINDOWS\SYSTEM32\POWRPROF.dll
0x00007ff9e1210000 - 0x00007ff9e121b000 	C:\WINDOWS\SYSTEM32\VERSION.dll
0x00007ff9e11d0000 - 0x00007ff9e1206000 	C:\WINDOWS\SYSTEM32\WINMM.dll
0x00007ff9e9840000 - 0x00007ff9e9854000 	C:\WINDOWS\SYSTEM32\UMPDC.dll
0x00007ff9e86e0000 - 0x00007ff9e86fb000 	C:\WINDOWS\SYSTEM32\kernel.appcore.dll
0x00007ff9cc6d0000 - 0x00007ff9cc6da000 	C:\Users\alvar\.jdks\ms-17.0.19\bin\jimage.dll
0x00007ff9e6ed0000 - 0x00007ff9e7112000 	C:\WINDOWS\SYSTEM32\DBGHELP.DLL
0x00007ff9ebd10000 - 0x00007ff9ec093000 	C:\WINDOWS\System32\combase.dll
0x00007ff9ec350000 - 0x00007ff9ec429000 	C:\WINDOWS\System32\OLEAUT32.dll
0x00007ff9dc840000 - 0x00007ff9dc87b000 	C:\WINDOWS\SYSTEM32\dbgcore.DLL
0x00007ff9ea450000 - 0x00007ff9ea4fc000 	C:\WINDOWS\System32\bcryptPrimitives.dll
0x00007ff9c8cf0000 - 0x00007ff9c8cff000 	C:\Users\alvar\.jdks\ms-17.0.19\bin\instrument.dll
0x00007ff9b8030000 - 0x00007ff9b8056000 	C:\Users\alvar\.jdks\ms-17.0.19\bin\java.dll
0x00007ff95bde0000 - 0x00007ff95beb6000 	C:\Users\alvar\.jdks\ms-17.0.19\bin\jsvml.dll
0x00007ff9ea720000 - 0x00007ff9eaeb2000 	C:\WINDOWS\System32\SHELL32.dll
0x00007ff9e74e0000 - 0x00007ff9e7d72000 	C:\WINDOWS\SYSTEM32\windows.storage.dll
0x00007ff9eb200000 - 0x00007ff9eb2f7000 	C:\WINDOWS\System32\SHCORE.dll
0x00007ff9eb0e0000 - 0x00007ff9eb147000 	C:\WINDOWS\System32\shlwapi.dll
0x00007ff9e98f0000 - 0x00007ff9e9919000 	C:\WINDOWS\SYSTEM32\profapi.dll
0x00007ff9b66a0000 - 0x00007ff9b66b8000 	C:\Users\alvar\.jdks\ms-17.0.19\bin\zip.dll
0x00007ff9bdb60000 - 0x00007ff9bdb7b000 	C:\Users\alvar\.jdks\ms-17.0.19\bin\net.dll
0x00007ff9de180000 - 0x00007ff9de2a9000 	C:\WINDOWS\SYSTEM32\WINHTTP.dll
0x00007ff9e8c90000 - 0x00007ff9e8cfc000 	C:\WINDOWS\system32\mswsock.dll
0x00007ff9b7f40000 - 0x00007ff9b7f56000 	C:\Users\alvar\.jdks\ms-17.0.19\bin\nio.dll
0x00007ff9c7960000 - 0x00007ff9c7969000 	C:\Users\alvar\.jdks\ms-17.0.19\bin\extnet.dll
0x00007ff9c8a40000 - 0x00007ff9c8a4e000 	C:\Users\alvar\.jdks\ms-17.0.19\bin\sunmscapi.dll
0x00007ff9e9ec0000 - 0x00007ff9ea038000 	C:\WINDOWS\System32\CRYPT32.dll
0x00007ff9e91d0000 - 0x00007ff9e9200000 	C:\WINDOWS\SYSTEM32\ncrypt.dll
0x00007ff9e9180000 - 0x00007ff9e91bf000 	C:\WINDOWS\SYSTEM32\NTASN1.dll
0x00007ff9e8fb0000 - 0x00007ff9e8fcb000 	C:\WINDOWS\SYSTEM32\CRYPTSP.dll
0x00007ff9e8640000 - 0x00007ff9e8679000 	C:\WINDOWS\system32\rsaenh.dll
0x00007ff9e8d50000 - 0x00007ff9e8d82000 	C:\WINDOWS\SYSTEM32\USERENV.dll
0x00007ff9e9920000 - 0x00007ff9e994a000 	C:\WINDOWS\SYSTEM32\bcrypt.dll
0x00007ff9e8f90000 - 0x00007ff9e8f9c000 	C:\WINDOWS\SYSTEM32\CRYPTBASE.dll
0x00007ff9e8100000 - 0x00007ff9e8133000 	C:\WINDOWS\SYSTEM32\IPHLPAPI.DLL
0x00007ff9ec0c0000 - 0x00007ff9ec0ca000 	C:\WINDOWS\System32\NSI.dll
0x00007ff9ddfa0000 - 0x00007ff9ddfbd000 	C:\WINDOWS\SYSTEM32\dhcpcsvc6.DLL
0x00007ff9ddf70000 - 0x00007ff9ddf95000 	C:\WINDOWS\SYSTEM32\dhcpcsvc.DLL
0x00007ff9e81a0000 - 0x00007ff9e82f5000 	C:\WINDOWS\SYSTEM32\DNSAPI.dll
0x00007ff9e8a70000 - 0x00007ff9e8a7d000 	C:\WINDOWS\SYSTEM32\DSPARSE.dll
0x00007ff9c58c0000 - 0x00007ff9c58ca000 	C:\Users\alvar\.jdks\ms-17.0.19\bin\management.dll
0x00007ff9c1010000 - 0x00007ff9c101c000 	C:\Users\alvar\.jdks\ms-17.0.19\bin\management_ext.dll
0x00007ff9eaed0000 - 0x00007ff9eaed8000 	C:\WINDOWS\System32\PSAPI.DLL
0x00007ff9e1650000 - 0x00007ff9e165b000 	C:\Windows\System32\rasadhlp.dll
0x00007ff9dd490000 - 0x00007ff9dd516000 	C:\WINDOWS\System32\fwpuclnt.dll

dbghelp: loaded successfully - version: 4.0.5 - missing functions: none
symbol engine: initialized successfully - sym options: 0x614 - pdb path: .;C:\Users\alvar\.jdks\ms-17.0.19\bin;C:\WINDOWS\SYSTEM32;C:\Program Files\Norton\Suite;C:\WINDOWS\WinSxS\amd64_microsoft.windows.common-controls_6595b64144ccf1df_6.0.26100.8737_none_3e092eaee333b772;C:\Users\alvar\.jdks\ms-17.0.19\bin\server

VM Arguments:
jvm_args: -XX:TieredStopAtLevel=1 -Dspring.output.ansi.enabled=always -javaagent:C:\Program Files\JetBrains\IntelliJ IDEA 2025.2.3\lib\idea_rt.jar=60642 -Dfile.encoding=UTF-8 
java_command: com.Control.Inventario.InventarioApplication
java_class_path (initial): C:\Users\alvar\Documents\Practicando_Programacion\Inventario\BackEnd-Inventario\target\classes;C:\Users\alvar\.m2\repository\org\springframework\boot\spring-boot-starter-web\3.5.7\spring-boot-starter-web-3.5.7.jar;C:\Users\alvar\.m2\repository\org\springframework\boot\spring-boot-starter\3.5.7\spring-boot-starter-3.5.7.jar;C:\Users\alvar\.m2\repository\org\springframework\boot\spring-boot\3.5.7\spring-boot-3.5.7.jar;C:\Users\alvar\.m2\repository\org\springframework\boot\spring-boot-autoconfigure\3.5.7\spring-boot-autoconfigure-3.5.7.jar;C:\Users\alvar\.m2\repository\org\springframework\boot\spring-boot-starter-logging\3.5.7\spring-boot-starter-logging-3.5.7.jar;C:\Users\alvar\.m2\repository\ch\qos\logback\logback-classic\1.5.20\logback-classic-1.5.20.jar;C:\Users\alvar\.m2\repository\ch\qos\logback\logback-core\1.5.20\logback-core-1.5.20.jar;C:\Users\alvar\.m2\repository\org\apache\logging\log4j\log4j-to-slf4j\2.24.3\log4j-to-slf4j-2.24.3.jar;C:\Users\alvar\.m2\repository\org\slf4j\jul-to-slf4j\2.0.17\jul-to-slf4j-2.0.17.jar;C:\Users\alvar\.m2\repository\jakarta\annotation\jakarta.annotation-api\2.1.1\jakarta.annotation-api-2.1.1.jar;C:\Users\alvar\.m2\repository\org\yaml\snakeyaml\2.4\snakeyaml-2.4.jar;C:\Users\alvar\.m2\repository\org\springframework\boot\spring-boot-starter-json\3.5.7\spring-boot-starter-json-3.5.7.jar;C:\Users\alvar\.m2\repository\com\fasterxml\jackson\datatype\jackson-datatype-jdk8\2.19.2\jackson-datatype-jdk8-2.19.2.jar;C:\Users\alvar\.m2\repository\com\fasterxml\jackson\datatype\jackson-datatype-jsr310\2.19.2\jackson-datatype-jsr310-2.19.2.jar;C:\Users\alvar\.m2\repository\com\fasterxml\jackson\module\jackson-module-parameter-names\2.19.2\jackson-module-parameter-names-2.19.2.jar;C:\Users\alvar\.m2\repository\org\springframework\boot\spring-boot-starter-tomcat\3.5.7\spring-boot-starter-tomcat-3.5.7.jar;C:\Users\alvar\.m2\repository\org\apache\tomcat\embed\tomcat-embed-core\10.1.48\tomcat-embed-core-10.1.48.jar;C:\
Launcher Type: SUN_STANDARD

[Global flags]
     intx CICompilerCount                          = 4                                         {product} {ergonomic}
     uint ConcGCThreads                            = 2                                         {product} {ergonomic}
     uint G1ConcRefinementThreads                  = 8                                         {product} {ergonomic}
   size_t G1HeapRegionSize                         = 1048576                                   {product} {ergonomic}
    uintx GCDrainStackTargetSize                   = 64                                        {product} {ergonomic}
   size_t InitialHeapSize                          = 100663296                                 {product} {ergonomic}
   size_t MarkStackSize                            = 4194304                                   {product} {ergonomic}
   size_t MaxHeapSize                              = 1598029824                                {product} {ergonomic}
   size_t MaxNewSize                               = 958398464                                 {product} {ergonomic}
   size_t MinHeapDeltaBytes                        = 1048576                                   {product} {ergonomic}
   size_t MinHeapSize                              = 8388608                                   {product} {ergonomic}
    uintx NonProfiledCodeHeapSize                  = 0                                      {pd product} {ergonomic}
     bool ProfileInterpreter                       = false                                  {pd product} {command line}
    uintx ProfiledCodeHeapSize                     = 0                                      {pd product} {ergonomic}
   size_t SoftMaxHeapSize                          = 1598029824                             {manageable} {ergonomic}
     intx TieredStopAtLevel                        = 1                                         {product} {command line}
     bool UseCompressedClassPointers               = true                           {product lp64_product} {ergonomic}
     bool UseCompressedOops                        = true                           {product lp64_product} {ergonomic}
     bool UseG1GC                                  = true                                      {product} {ergonomic}
     bool UseLargePagesIndividualAllocation        = false                                  {pd product} {ergonomic}

Logging:
Log output configuration:
 #0: stdout all=warning uptime,level,tags
 #1: stderr all=off uptime,level,tags

Environment Variables:
JAVA_HOME=C:\Program Files\Eclipse Adoptium\jdk-17.0.18.8-hotspot\
PATH=C:\app\alvar\product\26ai\dbhomeFree\bin;C:\Program Files\Eclipse Adoptium\jdk-17.0.18.8-hotspot\bin;C:\Python314\Scripts\;C:\Python314\;C:\Program Files\Eclipse Adoptium\jdk-21.0.9.10-hotspot\bin;C:\Program Files\Eclipse Adoptium\jdk-25.0.0.36-hotspot\bin;C:\WINDOWS\system32;C:\WINDOWS;C:\WINDOWS\System32\Wbem;C:\WINDOWS\System32\WindowsPowerShell\v1.0\;C:\WINDOWS\System32\OpenSSH\;C:\ProgramData\chocolatey\bin;C:\Program Files\Microsoft VS Code\bin;C:\Program Files\Apache-maven\apache-maven-3.9.11\bin;C:\VXIPNP\WinNT\Bin;C:\Program Files\Git\cmd;C:\Program Files\nodejs\;C:\Users\alvar\AppData\Local\Programs\Python\Launcher\;C:\Users\alvar\AppData\Local\Microsoft\WindowsApps;C:\Users\alvar\AppData\Local\Programs\Microsoft VS Code\bin;C:\Users\alvar\AppData\Local\GitHubDesktop\bin;C:\Program Files\JetBrains\IntelliJ IDEA 2025.2.3\bin;C:\Program Files\maven-mvnd-1.0.3-windows-amd64\bin;C:\Users\alvar\AppData\Roaming\npm
USERNAME=alvar
OS=Windows_NT
PROCESSOR_IDENTIFIER=AMD64 Family 23 Model 24 Stepping 1, AuthenticAMD
TMP=C:\Users\alvar\AppData\Local\Temp
TEMP=C:\Users\alvar\AppData\Local\Temp



Periodic native trim disabled


---------------  S Y S T E M  ---------------

OS:
 Windows 11 , 64 bit Build 26100 (10.0.26100.8737)
OS uptime: 0 days 13:39 hours

CPU: total 8 (initial active 8) (8 cores per cpu, 2 threads per core) family 23 model 24 stepping 1 microcode 0x8108109, cx8, cmov, fxsr, ht, mmx, 3dnowpref, sse, sse2, sse3, ssse3, sse4a, sse4.1, sse4.2, popcnt, lzcnt, tsc, tscinvbit, avx, avx2, aes, clmul, bmi1, bmi2, adx, sha, fma, vzeroupper, clflush, clflushopt
Processor Information for the first 8 processors :
  Max Mhz: 2100, Current Mhz: 2100, Mhz Limit: 2100

Memory: 4k page, system-wide physical 6090M (427M free)
TotalPageFile size 24522M (AvailPageFile size 386M)
current process WorkingSet (physical memory assigned to process): 388M, peak: 390M
current process commit charge ("private bytes"): 436M, peak: 830M

vm_info: OpenJDK 64-Bit Server VM (17.0.19+10-LTS) for windows-amd64 JRE (17.0.19+10-LTS), built on Apr 18 2026 18:24:40 by "MicrosoftCorporation" with MS VC++ 17.14 (VS2022)

END.
