#
# There is insufficient memory for the Java Runtime Environment to continue.
# Native memory allocation (mmap) failed to map 257949696 bytes. Error detail: G1 virtual space
# Possible reasons:
#   The system is out of physical RAM or swap space
#   This process is running with CompressedOops enabled, and the Java Heap may be blocking the growth of the native heap
# Possible solutions:
#   Reduce memory load on the system
#   Increase physical memory or swap space
#   Check if swap backing store is full
#   Decrease Java heap size (-Xmx/-Xms)
#   Decrease number of Java threads
#   Decrease Java thread stack sizes (-Xss)
#   Set larger code cache with -XX:ReservedCodeCacheSize=
#   JVM is running with Unscaled Compressed Oops mode in which the Java heap is
#     placed in the first 4GB address space. The Java Heap base address is the
#     maximum limit for the native heap growth. Please use -XX:HeapBaseMinAddress
#     to set the Java Heap base and to place the Java Heap above 4GB virtual address.
# This output file may be truncated or incomplete.
#
#  Out of Memory Error (os_windows.cpp:3690), pid=20208, tid=3676
#
# JRE version: OpenJDK Runtime Environment Microsoft-13877129 (17.0.19+10) (build 17.0.19+10-LTS)
# Java VM: OpenJDK 64-Bit Server VM Microsoft-13877129 (17.0.19+10-LTS, mixed mode, emulated-client, sharing, tiered, compressed oops, compressed class ptrs, g1 gc, windows-amd64)
# No core dump will be written. Minidumps are not enabled by default on client versions of Windows
#

---------------  S U M M A R Y ------------

Command Line: -XX:TieredStopAtLevel=1 -Dspring.output.ansi.enabled=always -javaagent:C:\Program Files\JetBrains\IntelliJ IDEA 2025.2.3\lib\idea_rt.jar=50384 -Dfile.encoding=UTF-8 com.Control.Inventario.InventarioApplication

Host: AMD Ryzen 5 3500U with Radeon Vega Mobile Gfx  , 8 cores, 5G,  Windows 11 , 64 bit Build 26100 (10.0.26100.8875)
Time: Wed Jul 29 10:25:23 2026 Hora estándar de Argentina elapsed time: 16.282776 seconds (0d 0h 0m 16s)

---------------  T H R E A D  ---------------

Current thread (0x000001f4cb837700):  VMThread "VM Thread" [stack: 0x0000006d68900000,0x0000006d68a00000] [id=3676]

Stack: [0x0000006d68900000,0x0000006d68a00000]
Native frames: (J=compiled Java code, j=interpreted, Vv=VM code, C=native code)
V  [jvm.dll+0x68cc89]  (no source info available)
V  [jvm.dll+0x845d89]  (no source info available)
V  [jvm.dll+0x847af8]  (no source info available)
V  [jvm.dll+0x848183]  (no source info available)
V  [jvm.dll+0x24d0bf]  (no source info available)
V  [jvm.dll+0x68c089]  (no source info available)
V  [jvm.dll+0x68064a]  (no source info available)
V  [jvm.dll+0x3102f0]  (no source info available)
V  [jvm.dll+0x310192]  (no source info available)
V  [jvm.dll+0x317709]  (no source info available)
V  [jvm.dll+0x369b09]  (no source info available)
V  [jvm.dll+0x369d3d]  (no source info available)
V  [jvm.dll+0x2e6afa]  (no source info available)
V  [jvm.dll+0x2e4ef1]  (no source info available)
V  [jvm.dll+0x2e468c]  (no source info available)
V  [jvm.dll+0x32903b]  (no source info available)
V  [jvm.dll+0x84ca0d]  (no source info available)
V  [jvm.dll+0x84d723]  (no source info available)
V  [jvm.dll+0x84dc54]  (no source info available)
V  [jvm.dll+0x84e038]  (no source info available)
V  [jvm.dll+0x84e12e]  (no source info available)
V  [jvm.dll+0x7f62cc]  (no source info available)
V  [jvm.dll+0x68e227]  (no source info available)
C  [ucrtbase.dll+0x2cd30]  (no source info available)
C  [KERNEL32.DLL+0x2e957]  (no source info available)
C  [ntdll.dll+0xaad6c]  (no source info available)

VM_Operation (0x0000006d683f7d60): G1CollectForAllocation, mode: safepoint, requested by thread 0x000001f4ba88afa0


---------------  P R O C E S S  ---------------

Threads class SMR info:
_java_thread_list=0x000001f512446870, length=18, elements={
0x000001f4ba88afa0, 0x000001f4cb845490, 0x000001f4cb846050, 0x000001f4cb85b160,
0x000001f4cb85db30, 0x000001f4cb85e4f0, 0x000001f4cb860ec0, 0x000001f4cb861930,
0x000001f4cb86fc50, 0x000001f4cb829f10, 0x000001f4cb82a5c0, 0x000001f5110cc8d0,
0x000001f5110dcdc0, 0x000001f511f2b860, 0x000001f511f2a420, 0x000001f511f29f10,
0x000001f511f28ad0, 0x000001f511f28fe0
}

Java Threads: ( => current thread )
  0x000001f4ba88afa0 JavaThread "main" [_thread_blocked, id=12400, stack(0x0000006d68300000,0x0000006d68400000)]
  0x000001f4cb845490 JavaThread "Reference Handler" daemon [_thread_blocked, id=16164, stack(0x0000006d68a00000,0x0000006d68b00000)]
  0x000001f4cb846050 JavaThread "Finalizer" daemon [_thread_blocked, id=19156, stack(0x0000006d68b00000,0x0000006d68c00000)]
  0x000001f4cb85b160 JavaThread "Signal Dispatcher" daemon [_thread_blocked, id=19748, stack(0x0000006d68c00000,0x0000006d68d00000)]
  0x000001f4cb85db30 JavaThread "Attach Listener" daemon [_thread_blocked, id=12644, stack(0x0000006d68d00000,0x0000006d68e00000)]
  0x000001f4cb85e4f0 JavaThread "Service Thread" daemon [_thread_blocked, id=20664, stack(0x0000006d68e00000,0x0000006d68f00000)]
  0x000001f4cb860ec0 JavaThread "Monitor Deflation Thread" daemon [_thread_blocked, id=11220, stack(0x0000006d68f00000,0x0000006d69000000)]
  0x000001f4cb861930 JavaThread "C1 CompilerThread0" daemon [_thread_blocked, id=22644, stack(0x0000006d69000000,0x0000006d69100000)]
  0x000001f4cb86fc50 JavaThread "Sweeper thread" daemon [_thread_blocked, id=8560, stack(0x0000006d69100000,0x0000006d69200000)]
  0x000001f4cb829f10 JavaThread "Common-Cleaner" daemon [_thread_blocked, id=22948, stack(0x0000006d69200000,0x0000006d69300000)]
  0x000001f4cb82a5c0 JavaThread "C1 CompilerThread1" daemon [_thread_blocked, id=5872, stack(0x0000006d69300000,0x0000006d69400000)]
  0x000001f5110cc8d0 JavaThread "Monitor Ctrl-Break" daemon [_thread_in_native, id=6540, stack(0x0000006d69400000,0x0000006d69500000)]
  0x000001f5110dcdc0 JavaThread "Notification Thread" daemon [_thread_blocked, id=4104, stack(0x0000006d69500000,0x0000006d69600000)]
  0x000001f511f2b860 JavaThread "mysql-cj-abandoned-connection-cleanup" daemon [_thread_blocked, id=10528, stack(0x0000006d6a100000,0x0000006d6a200000)]
  0x000001f511f2a420 JavaThread "HikariPool-1:housekeeper" daemon [_thread_blocked, id=2592, stack(0x0000006d6a300000,0x0000006d6a400000)]
  0x000001f511f29f10 JavaThread "Catalina-utility-1" [_thread_blocked, id=16524, stack(0x0000006d6a500000,0x0000006d6a600000)]
  0x000001f511f28ad0 JavaThread "Catalina-utility-2" [_thread_blocked, id=17792, stack(0x0000006d6a600000,0x0000006d6a700000)]
  0x000001f511f28fe0 JavaThread "container-0" [_thread_blocked, id=23876, stack(0x0000006d6a700000,0x0000006d6a800000)]

Other Threads:
=>0x000001f4cb837700 VMThread "VM Thread" [stack: 0x0000006d68900000,0x0000006d68a00000] [id=3676]
  0x000001f4ba88be20 WatcherThread [stack: 0x0000006d69600000,0x0000006d69700000] [id=3808]
  0x000001f4ba8d7bd0 GCTaskThread "GC Thread#0" [stack: 0x0000006d68400000,0x0000006d68500000] [id=5448]
  0x000001f511450d30 GCTaskThread "GC Thread#1" [stack: 0x0000006d69700000,0x0000006d69800000] [id=23740]
  0x000001f511527040 GCTaskThread "GC Thread#2" [stack: 0x0000006d69800000,0x0000006d69900000] [id=5592]
  0x000001f511527310 GCTaskThread "GC Thread#3" [stack: 0x0000006d69900000,0x0000006d69a00000] [id=13180]
  0x000001f511530230 GCTaskThread "GC Thread#4" [stack: 0x0000006d69a00000,0x0000006d69b00000] [id=11648]
  0x000001f511763970 GCTaskThread "GC Thread#5" [stack: 0x0000006d69c00000,0x0000006d69d00000] [id=14768]
  0x000001f511763f10 GCTaskThread "GC Thread#6" [stack: 0x0000006d69d00000,0x0000006d69e00000] [id=18116]
  0x000001f5117641e0 GCTaskThread "GC Thread#7" [stack: 0x0000006d69e00000,0x0000006d69f00000] [id=11956]
  0x000001f4ba8e5750 ConcurrentGCThread "G1 Main Marker" [stack: 0x0000006d68500000,0x0000006d68600000] [id=22836]
  0x000001f4ba8e8920 ConcurrentGCThread "G1 Conc#0" [stack: 0x0000006d68600000,0x0000006d68700000] [id=21788]
  0x000001f511762890 ConcurrentGCThread "G1 Conc#1" [stack: 0x0000006d69b00000,0x0000006d69c00000] [id=14736]
  0x000001f4ba92d9e0 ConcurrentGCThread "G1 Refine#0" [stack: 0x0000006d68700000,0x0000006d68800000] [id=22992]
  0x000001f5130b3c00 ConcurrentGCThread "G1 Refine#1" [stack: 0x0000006d6a800000,0x0000006d6a900000] [id=20800]
  0x000001f51333ec50 ConcurrentGCThread "G1 Refine#2" [stack: 0x0000006d6a900000,0x0000006d6aa00000] [id=21036]
  0x000001f513316ca0 ConcurrentGCThread "G1 Refine#3" [stack: 0x0000006d6aa00000,0x0000006d6ab00000] [id=11184]
  0x000001f51335d3c0 ConcurrentGCThread "G1 Refine#4" [stack: 0x0000006d6ab00000,0x0000006d6ac00000] [id=12040]
  0x000001f51335eba0 ConcurrentGCThread "G1 Refine#5" [stack: 0x0000006d6ac00000,0x0000006d6ad00000] [id=21192]
  0x000001f4ba92e2c0 ConcurrentGCThread "G1 Service" [stack: 0x0000006d68800000,0x0000006d68900000] [id=16128]

Threads with active compile tasks:

VM state: at safepoint (normal execution)

VM Mutex/Monitor currently owned by a thread:  ([mutex/lock_event])
[0x000001f4ba884b00] Threads_lock - owner thread: 0x000001f4cb837700
[0x000001f4ba885640] Heap_lock - owner thread: 0x000001f4ba88afa0

Heap address: 0x00000000a0c00000, size: 1524 MB, Compressed Oops mode: 32-bit

CDS archive(s) mapped at: [0x000001f4cc000000-0x000001f4ccbb0000-0x000001f4ccbb0000), size 12255232, SharedBaseAddress: 0x000001f4cc000000, ArchiveRelocationMode: 1.
Compressed class space mapped at: 0x000001f4cd000000-0x000001f50d000000, reserved size: 1073741824
Narrow klass base: 0x000001f4cc000000, Narrow klass shift: 0, Narrow klass range: 0x100000000

GC Precious Log:
 CPUs: 8 total, 8 available
 Memory: 6090M
 Large Page Support: Disabled
 NUMA Support: Disabled
 Compressed Oops: Enabled (32-bit)
 Heap Region Size: 1M
 Heap Min Capacity: 8M
 Heap Initial Capacity: 96M
 Heap Max Capacity: 1524M
 Pre-touch: Disabled
 Parallel Workers: 8
 Concurrent Workers: 2
 Concurrent Refinement Workers: 8
 Periodic GC: Disabled

Heap:
 garbage-first heap   total 302080K, used 137085K [0x00000000a0c00000, 0x0000000100000000)
  region size 1024K, 4 young (4096K), 4 survivors (4096K)
 Metaspace       used 67462K, committed 68096K, reserved 1114112K
  class space    used 10112K, committed 10432K, reserved 1048576K

Heap Regions: E=young(eden), S=young(survivor), O=old, HS=humongous(starts), HC=humongous(continues), CS=collection set, F=free, OA=open archive, CA=closed archive, TAMS=top-at-mark-start (previous, next)
|   0|0x00000000a0c00000, 0x00000000a0d00000, 0x00000000a0d00000|100%|HS|  |TAMS 0x00000000a0d00000, 0x00000000a0c00000| Complete 
|   1|0x00000000a0d00000, 0x00000000a0e00000, 0x00000000a0e00000|100%|HS|  |TAMS 0x00000000a0e00000, 0x00000000a0d00000| Complete 
|   2|0x00000000a0e00000, 0x00000000a0f00000, 0x00000000a0f00000|100%| O|  |TAMS 0x00000000a0f00000, 0x00000000a0e00000| Untracked 
|   3|0x00000000a0f00000, 0x00000000a1000000, 0x00000000a1000000|100%| O|  |TAMS 0x00000000a1000000, 0x00000000a0f00000| Untracked 
|   4|0x00000000a1000000, 0x00000000a1100000, 0x00000000a1100000|100%| O|  |TAMS 0x00000000a1100000, 0x00000000a1000000| Untracked 
|   5|0x00000000a1100000, 0x00000000a1200000, 0x00000000a1200000|100%| O|  |TAMS 0x00000000a1200000, 0x00000000a1100000| Untracked 
|   6|0x00000000a1200000, 0x00000000a1300000, 0x00000000a1300000|100%| O|  |TAMS 0x00000000a1300000, 0x00000000a1200000| Untracked 
|   7|0x00000000a1300000, 0x00000000a1400000, 0x00000000a1400000|100%| O|  |TAMS 0x00000000a1400000, 0x00000000a1300000| Untracked 
|   8|0x00000000a1400000, 0x00000000a1500000, 0x00000000a1500000|100%| O|  |TAMS 0x00000000a1500000, 0x00000000a1400000| Untracked 
|   9|0x00000000a1500000, 0x00000000a1600000, 0x00000000a1600000|100%| O|  |TAMS 0x00000000a1600000, 0x00000000a1500000| Untracked 
|  10|0x00000000a1600000, 0x00000000a1700000, 0x00000000a1700000|100%| O|  |TAMS 0x00000000a1700000, 0x00000000a1600000| Untracked 
|  11|0x00000000a1700000, 0x00000000a1800000, 0x00000000a1800000|100%| O|  |TAMS 0x00000000a1800000, 0x00000000a1700000| Untracked 
|  12|0x00000000a1800000, 0x00000000a1900000, 0x00000000a1900000|100%| O|  |TAMS 0x00000000a1900000, 0x00000000a1800000| Untracked 
|  13|0x00000000a1900000, 0x00000000a1a00000, 0x00000000a1a00000|100%| O|  |TAMS 0x00000000a1a00000, 0x00000000a1900000| Untracked 
|  14|0x00000000a1a00000, 0x00000000a1b00000, 0x00000000a1b00000|100%| O|  |TAMS 0x00000000a1b00000, 0x00000000a1a00000| Untracked 
|  15|0x00000000a1b00000, 0x00000000a1c00000, 0x00000000a1c00000|100%| O|  |TAMS 0x00000000a1c00000, 0x00000000a1b00000| Untracked 
|  16|0x00000000a1c00000, 0x00000000a1d00000, 0x00000000a1d00000|100%| O|  |TAMS 0x00000000a1d00000, 0x00000000a1c00000| Untracked 
|  17|0x00000000a1d00000, 0x00000000a1e00000, 0x00000000a1e00000|100%| O|  |TAMS 0x00000000a1e00000, 0x00000000a1d00000| Untracked 
|  18|0x00000000a1e00000, 0x00000000a1f00000, 0x00000000a1f00000|100%| O|  |TAMS 0x00000000a1f00000, 0x00000000a1e00000| Untracked 
|  19|0x00000000a1f00000, 0x00000000a2000000, 0x00000000a2000000|100%| O|  |TAMS 0x00000000a2000000, 0x00000000a1f00000| Untracked 
|  20|0x00000000a2000000, 0x00000000a2100000, 0x00000000a2100000|100%| O|  |TAMS 0x00000000a2100000, 0x00000000a2000000| Untracked 
|  21|0x00000000a2100000, 0x00000000a2200000, 0x00000000a2200000|100%| O|  |TAMS 0x00000000a2200000, 0x00000000a2100000| Untracked 
|  22|0x00000000a2200000, 0x00000000a224b800, 0x00000000a2300000| 29%| O|  |TAMS 0x00000000a224b800, 0x00000000a2200000| Untracked 
|  23|0x00000000a2300000, 0x00000000a2400000, 0x00000000a2400000|100%| O|  |TAMS 0x00000000a2400000, 0x00000000a2300000| Untracked 
|  24|0x00000000a2400000, 0x00000000a2500000, 0x00000000a2500000|100%| O|  |TAMS 0x00000000a2500000, 0x00000000a2400000| Untracked 
|  25|0x00000000a2500000, 0x00000000a2600000, 0x00000000a2600000|100%| O|  |TAMS 0x00000000a2600000, 0x00000000a2500000| Untracked 
|  26|0x00000000a2600000, 0x00000000a2700000, 0x00000000a2700000|100%| O|  |TAMS 0x00000000a2700000, 0x00000000a2600000| Untracked 
|  27|0x00000000a2700000, 0x00000000a2800000, 0x00000000a2800000|100%| O|  |TAMS 0x00000000a2800000, 0x00000000a2700000| Untracked 
|  28|0x00000000a2800000, 0x00000000a2900000, 0x00000000a2900000|100%| O|  |TAMS 0x00000000a2900000, 0x00000000a2800000| Untracked 
|  29|0x00000000a2900000, 0x00000000a2a00000, 0x00000000a2a00000|100%| O|  |TAMS 0x00000000a2a00000, 0x00000000a2900000| Untracked 
|  30|0x00000000a2a00000, 0x00000000a2b00000, 0x00000000a2b00000|100%| O|  |TAMS 0x00000000a2b00000, 0x00000000a2a00000| Untracked 
|  31|0x00000000a2b00000, 0x00000000a2c00000, 0x00000000a2c00000|100%| O|  |TAMS 0x00000000a2c00000, 0x00000000a2b00000| Untracked 
|  32|0x00000000a2c00000, 0x00000000a2d00000, 0x00000000a2d00000|100%| O|  |TAMS 0x00000000a2d00000, 0x00000000a2c00000| Untracked 
|  33|0x00000000a2d00000, 0x00000000a2e00000, 0x00000000a2e00000|100%| O|  |TAMS 0x00000000a2e00000, 0x00000000a2d00000| Untracked 
|  34|0x00000000a2e00000, 0x00000000a2f00000, 0x00000000a2f00000|100%| O|  |TAMS 0x00000000a2f00000, 0x00000000a2e00000| Untracked 
|  35|0x00000000a2f00000, 0x00000000a3000000, 0x00000000a3000000|100%| O|  |TAMS 0x00000000a3000000, 0x00000000a2f00000| Untracked 
|  36|0x00000000a3000000, 0x00000000a3100000, 0x00000000a3100000|100%| O|  |TAMS 0x00000000a3100000, 0x00000000a3000000| Untracked 
|  37|0x00000000a3100000, 0x00000000a3200000, 0x00000000a3200000|100%| O|  |TAMS 0x00000000a3200000, 0x00000000a3100000| Untracked 
|  38|0x00000000a3200000, 0x00000000a3300000, 0x00000000a3300000|100%| O|  |TAMS 0x00000000a3300000, 0x00000000a3200000| Untracked 
|  39|0x00000000a3300000, 0x00000000a3300000, 0x00000000a3400000|  0%| F|  |TAMS 0x00000000a3300000, 0x00000000a3300000| Untracked 
|  40|0x00000000a3400000, 0x00000000a3500000, 0x00000000a3500000|100%| O|  |TAMS 0x00000000a3400000, 0x00000000a3400000| Untracked 
|  41|0x00000000a3500000, 0x00000000a3600000, 0x00000000a3600000|100%| O|  |TAMS 0x00000000a3500000, 0x00000000a3500000| Untracked 
|  42|0x00000000a3600000, 0x00000000a3700000, 0x00000000a3700000|100%| O|  |TAMS 0x00000000a3600000, 0x00000000a3600000| Untracked 
|  43|0x00000000a3700000, 0x00000000a3800000, 0x00000000a3800000|100%| O|  |TAMS 0x00000000a3700000, 0x00000000a3700000| Untracked 
|  44|0x00000000a3800000, 0x00000000a3900000, 0x00000000a3900000|100%| O|  |TAMS 0x00000000a3900000, 0x00000000a3800000| Untracked 
|  45|0x00000000a3900000, 0x00000000a3900000, 0x00000000a3a00000|  0%| F|  |TAMS 0x00000000a3900000, 0x00000000a3900000| Untracked 
|  46|0x00000000a3a00000, 0x00000000a3a00000, 0x00000000a3b00000|  0%| F|  |TAMS 0x00000000a3a00000, 0x00000000a3a00000| Untracked 
|  47|0x00000000a3b00000, 0x00000000a3b00000, 0x00000000a3c00000|  0%| F|  |TAMS 0x00000000a3b00000, 0x00000000a3b00000| Untracked 
|  48|0x00000000a3c00000, 0x00000000a3c00000, 0x00000000a3d00000|  0%| F|  |TAMS 0x00000000a3c00000, 0x00000000a3c00000| Untracked 
|  49|0x00000000a3d00000, 0x00000000a3e00000, 0x00000000a3e00000|100%| O|  |TAMS 0x00000000a3e00000, 0x00000000a3d00000| Untracked 
|  50|0x00000000a3e00000, 0x00000000a3f00000, 0x00000000a3f00000|100%| O|  |TAMS 0x00000000a3f00000, 0x00000000a3e00000| Untracked 
|  51|0x00000000a3f00000, 0x00000000a4000000, 0x00000000a4000000|100%| O|  |TAMS 0x00000000a4000000, 0x00000000a3f00000| Untracked 
|  52|0x00000000a4000000, 0x00000000a4000000, 0x00000000a4100000|  0%| F|  |TAMS 0x00000000a4000000, 0x00000000a4000000| Untracked 
|  53|0x00000000a4100000, 0x00000000a4100000, 0x00000000a4200000|  0%| F|  |TAMS 0x00000000a4100000, 0x00000000a4100000| Untracked 
|  54|0x00000000a4200000, 0x00000000a4200000, 0x00000000a4300000|  0%| F|  |TAMS 0x00000000a4200000, 0x00000000a4200000| Untracked 
|  55|0x00000000a4300000, 0x00000000a4300000, 0x00000000a4400000|  0%| F|  |TAMS 0x00000000a4300000, 0x00000000a4300000| Untracked 
|  56|0x00000000a4400000, 0x00000000a4400000, 0x00000000a4500000|  0%| F|  |TAMS 0x00000000a4400000, 0x00000000a4400000| Untracked 
|  57|0x00000000a4500000, 0x00000000a4500000, 0x00000000a4600000|  0%| F|  |TAMS 0x00000000a4500000, 0x00000000a4500000| Untracked 
|  58|0x00000000a4600000, 0x00000000a4600000, 0x00000000a4700000|  0%| F|  |TAMS 0x00000000a4600000, 0x00000000a4600000| Untracked 
|  59|0x00000000a4700000, 0x00000000a4700000, 0x00000000a4800000|  0%| F|  |TAMS 0x00000000a4700000, 0x00000000a4700000| Untracked 
|  60|0x00000000a4800000, 0x00000000a4800000, 0x00000000a4900000|  0%| F|  |TAMS 0x00000000a4800000, 0x00000000a4800000| Untracked 
|  61|0x00000000a4900000, 0x00000000a4900000, 0x00000000a4a00000|  0%| F|  |TAMS 0x00000000a4900000, 0x00000000a4900000| Untracked 
|  62|0x00000000a4a00000, 0x00000000a4b00000, 0x00000000a4b00000|100%| O|  |TAMS 0x00000000a4b00000, 0x00000000a4a00000| Untracked 
|  63|0x00000000a4b00000, 0x00000000a4c00000, 0x00000000a4c00000|100%| O|  |TAMS 0x00000000a4c00000, 0x00000000a4b00000| Untracked 
|  64|0x00000000a4c00000, 0x00000000a4c00000, 0x00000000a4d00000|  0%| F|  |TAMS 0x00000000a4c00000, 0x00000000a4c00000| Untracked 
|  65|0x00000000a4d00000, 0x00000000a4d2e000, 0x00000000a4e00000| 17%| O|  |TAMS 0x00000000a4d00000, 0x00000000a4d00000| Untracked 
|  66|0x00000000a4e00000, 0x00000000a4e00000, 0x00000000a4f00000|  0%| F|  |TAMS 0x00000000a4e00000, 0x00000000a4e00000| Untracked 
|  67|0x00000000a4f00000, 0x00000000a4f00000, 0x00000000a5000000|  0%| F|  |TAMS 0x00000000a4f00000, 0x00000000a4f00000| Untracked 
|  68|0x00000000a5000000, 0x00000000a5000000, 0x00000000a5100000|  0%| F|  |TAMS 0x00000000a5000000, 0x00000000a5000000| Untracked 
|  69|0x00000000a5100000, 0x00000000a5200000, 0x00000000a5200000|100%| O|  |TAMS 0x00000000a5200000, 0x00000000a5100000| Untracked 
|  70|0x00000000a5200000, 0x00000000a5300000, 0x00000000a5300000|100%| O|  |TAMS 0x00000000a5300000, 0x00000000a5200000| Untracked 
|  71|0x00000000a5300000, 0x00000000a5400000, 0x00000000a5400000|100%| O|  |TAMS 0x00000000a5400000, 0x00000000a5300000| Untracked 
|  72|0x00000000a5400000, 0x00000000a5500000, 0x00000000a5500000|100%| O|  |TAMS 0x00000000a5500000, 0x00000000a5400000| Untracked 
|  73|0x00000000a5500000, 0x00000000a5600000, 0x00000000a5600000|100%| O|  |TAMS 0x00000000a5600000, 0x00000000a5500000| Untracked 
|  74|0x00000000a5600000, 0x00000000a5700000, 0x00000000a5700000|100%| O|  |TAMS 0x00000000a5700000, 0x00000000a5600000| Untracked 
|  75|0x00000000a5700000, 0x00000000a5800000, 0x00000000a5800000|100%| O|  |TAMS 0x00000000a5800000, 0x00000000a5700000| Untracked 
|  76|0x00000000a5800000, 0x00000000a5900000, 0x00000000a5900000|100%| O|  |TAMS 0x00000000a5900000, 0x00000000a5800000| Untracked 
|  77|0x00000000a5900000, 0x00000000a5a00000, 0x00000000a5a00000|100%| O|  |TAMS 0x00000000a5a00000, 0x00000000a5900000| Untracked 
|  78|0x00000000a5a00000, 0x00000000a5b00000, 0x00000000a5b00000|100%| O|  |TAMS 0x00000000a5b00000, 0x00000000a5a00000| Untracked 
|  79|0x00000000a5b00000, 0x00000000a5c00000, 0x00000000a5c00000|100%| O|  |TAMS 0x00000000a5c00000, 0x00000000a5b00000| Untracked 
|  80|0x00000000a5c00000, 0x00000000a5d00000, 0x00000000a5d00000|100%| O|  |TAMS 0x00000000a5d00000, 0x00000000a5c00000| Untracked 
|  81|0x00000000a5d00000, 0x00000000a5e00000, 0x00000000a5e00000|100%| O|  |TAMS 0x00000000a5e00000, 0x00000000a5d00000| Untracked 
|  82|0x00000000a5e00000, 0x00000000a5f00000, 0x00000000a5f00000|100%| O|  |TAMS 0x00000000a5f00000, 0x00000000a5e00000| Untracked 
|  83|0x00000000a5f00000, 0x00000000a5f00000, 0x00000000a6000000|  0%| F|  |TAMS 0x00000000a5f00000, 0x00000000a5f00000| Untracked 
|  84|0x00000000a6000000, 0x00000000a6000000, 0x00000000a6100000|  0%| F|  |TAMS 0x00000000a6000000, 0x00000000a6000000| Untracked 
|  85|0x00000000a6100000, 0x00000000a6100000, 0x00000000a6200000|  0%| F|  |TAMS 0x00000000a6100000, 0x00000000a6100000| Untracked 
|  86|0x00000000a6200000, 0x00000000a6300000, 0x00000000a6300000|100%| O|  |TAMS 0x00000000a6300000, 0x00000000a6200000| Untracked 
|  87|0x00000000a6300000, 0x00000000a6400000, 0x00000000a6400000|100%| O|  |TAMS 0x00000000a6400000, 0x00000000a6300000| Untracked 
|  88|0x00000000a6400000, 0x00000000a6500000, 0x00000000a6500000|100%| O|  |TAMS 0x00000000a6500000, 0x00000000a6400000| Untracked 
|  89|0x00000000a6500000, 0x00000000a6600000, 0x00000000a6600000|100%| O|  |TAMS 0x00000000a6600000, 0x00000000a6500000| Untracked 
|  90|0x00000000a6600000, 0x00000000a6700000, 0x00000000a6700000|100%| O|  |TAMS 0x00000000a6700000, 0x00000000a6600000| Untracked 
|  91|0x00000000a6700000, 0x00000000a6800000, 0x00000000a6800000|100%| O|  |TAMS 0x00000000a6800000, 0x00000000a6700000| Untracked 
|  92|0x00000000a6800000, 0x00000000a6900000, 0x00000000a6900000|100%| O|  |TAMS 0x00000000a6900000, 0x00000000a6800000| Untracked 
|  93|0x00000000a6900000, 0x00000000a6a00000, 0x00000000a6a00000|100%| O|  |TAMS 0x00000000a6a00000, 0x00000000a6900000| Untracked 
|  94|0x00000000a6a00000, 0x00000000a6b00000, 0x00000000a6b00000|100%| O|  |TAMS 0x00000000a6b00000, 0x00000000a6a00000| Untracked 
|  95|0x00000000a6b00000, 0x00000000a6c00000, 0x00000000a6c00000|100%| O|  |TAMS 0x00000000a6c00000, 0x00000000a6b00000| Untracked 
|  96|0x00000000a6c00000, 0x00000000a6d00000, 0x00000000a6d00000|100%| O|  |TAMS 0x00000000a6d00000, 0x00000000a6c00000| Untracked 
|  97|0x00000000a6d00000, 0x00000000a6e00000, 0x00000000a6e00000|100%| O|  |TAMS 0x00000000a6e00000, 0x00000000a6d00000| Untracked 
|  98|0x00000000a6e00000, 0x00000000a6f00000, 0x00000000a6f00000|100%| O|  |TAMS 0x00000000a6f00000, 0x00000000a6e00000| Untracked 
|  99|0x00000000a6f00000, 0x00000000a7000000, 0x00000000a7000000|100%| O|  |TAMS 0x00000000a7000000, 0x00000000a6f00000| Untracked 
| 100|0x00000000a7000000, 0x00000000a7100000, 0x00000000a7100000|100%| O|  |TAMS 0x00000000a7100000, 0x00000000a7000000| Untracked 
| 101|0x00000000a7100000, 0x00000000a7200000, 0x00000000a7200000|100%| O|  |TAMS 0x00000000a7200000, 0x00000000a7100000| Untracked 
| 102|0x00000000a7200000, 0x00000000a7300000, 0x00000000a7300000|100%| O|  |TAMS 0x00000000a7300000, 0x00000000a7200000| Untracked 
| 103|0x00000000a7300000, 0x00000000a7400000, 0x00000000a7400000|100%| O|  |TAMS 0x00000000a7400000, 0x00000000a7300000| Untracked 
| 104|0x00000000a7400000, 0x00000000a7500000, 0x00000000a7500000|100%| O|  |TAMS 0x00000000a7500000, 0x00000000a7400000| Untracked 
| 105|0x00000000a7500000, 0x00000000a7600000, 0x00000000a7600000|100%| O|  |TAMS 0x00000000a7600000, 0x00000000a7500000| Untracked 
| 106|0x00000000a7600000, 0x00000000a7700000, 0x00000000a7700000|100%| O|  |TAMS 0x00000000a7700000, 0x00000000a7600000| Untracked 
| 107|0x00000000a7700000, 0x00000000a7800000, 0x00000000a7800000|100%| O|  |TAMS 0x00000000a7800000, 0x00000000a7700000| Untracked 
| 108|0x00000000a7800000, 0x00000000a7900000, 0x00000000a7900000|100%| O|  |TAMS 0x00000000a7900000, 0x00000000a7800000| Untracked 
| 109|0x00000000a7900000, 0x00000000a7a00000, 0x00000000a7a00000|100%| O|  |TAMS 0x00000000a7a00000, 0x00000000a7900000| Untracked 
| 110|0x00000000a7a00000, 0x00000000a7b00000, 0x00000000a7b00000|100%| O|  |TAMS 0x00000000a7b00000, 0x00000000a7a00000| Untracked 
| 111|0x00000000a7b00000, 0x00000000a7c00000, 0x00000000a7c00000|100%| O|  |TAMS 0x00000000a7c00000, 0x00000000a7b00000| Untracked 
| 112|0x00000000a7c00000, 0x00000000a7d00000, 0x00000000a7d00000|100%| O|  |TAMS 0x00000000a7d00000, 0x00000000a7c00000| Untracked 
| 113|0x00000000a7d00000, 0x00000000a7d00000, 0x00000000a7e00000|  0%| F|  |TAMS 0x00000000a7d00000, 0x00000000a7d00000| Untracked 
| 114|0x00000000a7e00000, 0x00000000a7e00000, 0x00000000a7f00000|  0%| F|  |TAMS 0x00000000a7e00000, 0x00000000a7e00000| Untracked 
| 115|0x00000000a7f00000, 0x00000000a7f00000, 0x00000000a8000000|  0%| F|  |TAMS 0x00000000a7f00000, 0x00000000a7f00000| Untracked 
| 116|0x00000000a8000000, 0x00000000a8100000, 0x00000000a8100000|100%| O|  |TAMS 0x00000000a8100000, 0x00000000a8000000| Untracked 
| 117|0x00000000a8100000, 0x00000000a8200000, 0x00000000a8200000|100%| O|  |TAMS 0x00000000a8200000, 0x00000000a8100000| Untracked 
| 118|0x00000000a8200000, 0x00000000a8300000, 0x00000000a8300000|100%| O|  |TAMS 0x00000000a8300000, 0x00000000a8200000| Untracked 
| 119|0x00000000a8300000, 0x00000000a8400000, 0x00000000a8400000|100%| O|  |TAMS 0x00000000a8400000, 0x00000000a8300000| Untracked 
| 120|0x00000000a8400000, 0x00000000a8500000, 0x00000000a8500000|100%| O|  |TAMS 0x00000000a8500000, 0x00000000a8400000| Untracked 
| 121|0x00000000a8500000, 0x00000000a8600000, 0x00000000a8600000|100%| O|  |TAMS 0x00000000a8600000, 0x00000000a8500000| Untracked 
| 122|0x00000000a8600000, 0x00000000a8700000, 0x00000000a8700000|100%| O|  |TAMS 0x00000000a8700000, 0x00000000a8600000| Untracked 
| 123|0x00000000a8700000, 0x00000000a8800000, 0x00000000a8800000|100%| O|  |TAMS 0x00000000a8800000, 0x00000000a8700000| Untracked 
| 124|0x00000000a8800000, 0x00000000a8900000, 0x00000000a8900000|100%| O|  |TAMS 0x00000000a8900000, 0x00000000a8800000| Untracked 
| 125|0x00000000a8900000, 0x00000000a8a00000, 0x00000000a8a00000|100%| O|  |TAMS 0x00000000a8a00000, 0x00000000a8900000| Untracked 
| 126|0x00000000a8a00000, 0x00000000a8b00000, 0x00000000a8b00000|100%| O|  |TAMS 0x00000000a8b00000, 0x00000000a8a00000| Untracked 
| 127|0x00000000a8b00000, 0x00000000a8c00000, 0x00000000a8c00000|100%| O|  |TAMS 0x00000000a8c00000, 0x00000000a8b00000| Untracked 
| 128|0x00000000a8c00000, 0x00000000a8d00000, 0x00000000a8d00000|100%| O|  |TAMS 0x00000000a8d00000, 0x00000000a8c00000| Untracked 
| 129|0x00000000a8d00000, 0x00000000a8e00000, 0x00000000a8e00000|100%| O|  |TAMS 0x00000000a8e00000, 0x00000000a8d00000| Untracked 
| 130|0x00000000a8e00000, 0x00000000a8f00000, 0x00000000a8f00000|100%| O|  |TAMS 0x00000000a8f00000, 0x00000000a8e00000| Untracked 
| 131|0x00000000a8f00000, 0x00000000a9000000, 0x00000000a9000000|100%| O|  |TAMS 0x00000000a9000000, 0x00000000a8f00000| Untracked 
| 132|0x00000000a9000000, 0x00000000a9100000, 0x00000000a9100000|100%| O|  |TAMS 0x00000000a9100000, 0x00000000a9000000| Untracked 
| 133|0x00000000a9100000, 0x00000000a9200000, 0x00000000a9200000|100%| O|  |TAMS 0x00000000a9200000, 0x00000000a9100000| Untracked 
| 134|0x00000000a9200000, 0x00000000a9300000, 0x00000000a9300000|100%| O|  |TAMS 0x00000000a9300000, 0x00000000a9200000| Untracked 
| 135|0x00000000a9300000, 0x00000000a9400000, 0x00000000a9400000|100%| O|  |TAMS 0x00000000a9400000, 0x00000000a9300000| Untracked 
| 136|0x00000000a9400000, 0x00000000a9500000, 0x00000000a9500000|100%| O|  |TAMS 0x00000000a9500000, 0x00000000a9400000| Untracked 
| 137|0x00000000a9500000, 0x00000000a9600000, 0x00000000a9600000|100%| O|  |TAMS 0x00000000a9600000, 0x00000000a9500000| Untracked 
| 138|0x00000000a9600000, 0x00000000a9700000, 0x00000000a9700000|100%| O|  |TAMS 0x00000000a9700000, 0x00000000a9600000| Untracked 
| 139|0x00000000a9700000, 0x00000000a9800000, 0x00000000a9800000|100%| O|  |TAMS 0x00000000a9800000, 0x00000000a9700000| Untracked 
| 140|0x00000000a9800000, 0x00000000a9900000, 0x00000000a9900000|100%| O|  |TAMS 0x00000000a9900000, 0x00000000a9800000| Untracked 
| 141|0x00000000a9900000, 0x00000000a9a00000, 0x00000000a9a00000|100%| O|  |TAMS 0x00000000a9a00000, 0x00000000a9900000| Untracked 
| 142|0x00000000a9a00000, 0x00000000a9b00000, 0x00000000a9b00000|100%| O|  |TAMS 0x00000000a9b00000, 0x00000000a9a00000| Untracked 
| 143|0x00000000a9b00000, 0x00000000a9c00000, 0x00000000a9c00000|100%| O|  |TAMS 0x00000000a9b00000, 0x00000000a9b00000| Untracked 
| 144|0x00000000a9c00000, 0x00000000a9d00000, 0x00000000a9d00000|100%| O|  |TAMS 0x00000000a9c00000, 0x00000000a9c00000| Untracked 
| 145|0x00000000a9d00000, 0x00000000a9e00000, 0x00000000a9e00000|100%| O|  |TAMS 0x00000000a9d00000, 0x00000000a9d00000| Untracked 
| 146|0x00000000a9e00000, 0x00000000a9f00000, 0x00000000a9f00000|100%| O|  |TAMS 0x00000000a9e00000, 0x00000000a9e00000| Untracked 
| 147|0x00000000a9f00000, 0x00000000aa000000, 0x00000000aa000000|100%| O|  |TAMS 0x00000000a9f00000, 0x00000000a9f00000| Untracked 
| 148|0x00000000aa000000, 0x00000000aa100000, 0x00000000aa100000|100%| O|  |TAMS 0x00000000aa000000, 0x00000000aa000000| Untracked 
| 149|0x00000000aa100000, 0x00000000aa200000, 0x00000000aa200000|100%| O|  |TAMS 0x00000000aa100000, 0x00000000aa100000| Untracked 
| 150|0x00000000aa200000, 0x00000000aa300000, 0x00000000aa300000|100%| O|  |TAMS 0x00000000aa200000, 0x00000000aa200000| Untracked 
| 151|0x00000000aa300000, 0x00000000aa400000, 0x00000000aa400000|100%| O|  |TAMS 0x00000000aa300000, 0x00000000aa300000| Untracked 
| 152|0x00000000aa400000, 0x00000000aa500000, 0x00000000aa500000|100%| O|  |TAMS 0x00000000aa400000, 0x00000000aa400000| Untracked 
| 153|0x00000000aa500000, 0x00000000aa600000, 0x00000000aa600000|100%| O|  |TAMS 0x00000000aa500000, 0x00000000aa500000| Untracked 
| 154|0x00000000aa600000, 0x00000000aa700000, 0x00000000aa700000|100%| O|  |TAMS 0x00000000aa600000, 0x00000000aa600000| Untracked 
| 155|0x00000000aa700000, 0x00000000aa800000, 0x00000000aa800000|100%| O|  |TAMS 0x00000000aa700000, 0x00000000aa700000| Untracked 
| 156|0x00000000aa800000, 0x00000000aa900000, 0x00000000aa900000|100%| O|  |TAMS 0x00000000aa800000, 0x00000000aa800000| Untracked 
| 157|0x00000000aa900000, 0x00000000aa900000, 0x00000000aaa00000|  0%| F|  |TAMS 0x00000000aa900000, 0x00000000aa900000| Untracked 
| 158|0x00000000aaa00000, 0x00000000aaa00000, 0x00000000aab00000|  0%| F|  |TAMS 0x00000000aaa00000, 0x00000000aaa00000| Untracked 
| 159|0x00000000aab00000, 0x00000000aab00000, 0x00000000aac00000|  0%| F|  |TAMS 0x00000000aab00000, 0x00000000aab00000| Untracked 
| 160|0x00000000aac00000, 0x00000000aac00000, 0x00000000aad00000|  0%| F|  |TAMS 0x00000000aac00000, 0x00000000aac00000| Untracked 
| 161|0x00000000aad00000, 0x00000000aad00000, 0x00000000aae00000|  0%| F|  |TAMS 0x00000000aad00000, 0x00000000aad00000| Untracked 
| 162|0x00000000aae00000, 0x00000000aae00000, 0x00000000aaf00000|  0%| F|  |TAMS 0x00000000aae00000, 0x00000000aae00000| Untracked 
| 163|0x00000000aaf00000, 0x00000000aaf00000, 0x00000000ab000000|  0%| F|  |TAMS 0x00000000aaf00000, 0x00000000aaf00000| Untracked 
| 164|0x00000000ab000000, 0x00000000ab000000, 0x00000000ab100000|  0%| F|  |TAMS 0x00000000ab000000, 0x00000000ab000000| Untracked 
| 165|0x00000000ab100000, 0x00000000ab100000, 0x00000000ab200000|  0%| F|  |TAMS 0x00000000ab100000, 0x00000000ab100000| Untracked 
| 166|0x00000000ab200000, 0x00000000ab200000, 0x00000000ab300000|  0%| F|  |TAMS 0x00000000ab200000, 0x00000000ab200000| Untracked 
| 167|0x00000000ab300000, 0x00000000ab300000, 0x00000000ab400000|  0%| F|  |TAMS 0x00000000ab300000, 0x00000000ab300000| Untracked 
| 168|0x00000000ab400000, 0x00000000ab400000, 0x00000000ab500000|  0%| F|  |TAMS 0x00000000ab400000, 0x00000000ab400000| Untracked 
| 169|0x00000000ab500000, 0x00000000ab500000, 0x00000000ab600000|  0%| F|  |TAMS 0x00000000ab500000, 0x00000000ab500000| Untracked 
| 170|0x00000000ab600000, 0x00000000ab600000, 0x00000000ab700000|  0%| F|  |TAMS 0x00000000ab600000, 0x00000000ab600000| Untracked 
| 171|0x00000000ab700000, 0x00000000ab700000, 0x00000000ab800000|  0%| F|  |TAMS 0x00000000ab700000, 0x00000000ab700000| Untracked 
| 172|0x00000000ab800000, 0x00000000ab800000, 0x00000000ab900000|  0%| F|  |TAMS 0x00000000ab800000, 0x00000000ab800000| Untracked 
| 173|0x00000000ab900000, 0x00000000ab900000, 0x00000000aba00000|  0%| F|  |TAMS 0x00000000ab900000, 0x00000000ab900000| Untracked 
| 174|0x00000000aba00000, 0x00000000aba00000, 0x00000000abb00000|  0%| F|  |TAMS 0x00000000aba00000, 0x00000000aba00000| Untracked 
| 175|0x00000000abb00000, 0x00000000abb00000, 0x00000000abc00000|  0%| F|  |TAMS 0x00000000abb00000, 0x00000000abb00000| Untracked 
| 176|0x00000000abc00000, 0x00000000abc00000, 0x00000000abd00000|  0%| F|  |TAMS 0x00000000abc00000, 0x00000000abc00000| Untracked 
| 177|0x00000000abd00000, 0x00000000abd00000, 0x00000000abe00000|  0%| F|  |TAMS 0x00000000abd00000, 0x00000000abd00000| Untracked 
| 178|0x00000000abe00000, 0x00000000abe00000, 0x00000000abf00000|  0%| F|  |TAMS 0x00000000abe00000, 0x00000000abe00000| Untracked 
| 179|0x00000000abf00000, 0x00000000abf00000, 0x00000000ac000000|  0%| F|  |TAMS 0x00000000abf00000, 0x00000000abf00000| Untracked 
| 180|0x00000000ac000000, 0x00000000ac000000, 0x00000000ac100000|  0%| F|  |TAMS 0x00000000ac000000, 0x00000000ac000000| Untracked 
| 181|0x00000000ac100000, 0x00000000ac100000, 0x00000000ac200000|  0%| F|  |TAMS 0x00000000ac100000, 0x00000000ac100000| Untracked 
| 182|0x00000000ac200000, 0x00000000ac200000, 0x00000000ac300000|  0%| F|  |TAMS 0x00000000ac200000, 0x00000000ac200000| Untracked 
| 183|0x00000000ac300000, 0x00000000ac300000, 0x00000000ac400000|  0%| F|  |TAMS 0x00000000ac300000, 0x00000000ac300000| Untracked 
| 184|0x00000000ac400000, 0x00000000ac400000, 0x00000000ac500000|  0%| F|  |TAMS 0x00000000ac400000, 0x00000000ac400000| Untracked 
| 185|0x00000000ac500000, 0x00000000ac500000, 0x00000000ac600000|  0%| F|  |TAMS 0x00000000ac500000, 0x00000000ac500000| Untracked 
| 186|0x00000000ac600000, 0x00000000ac600000, 0x00000000ac700000|  0%| F|  |TAMS 0x00000000ac600000, 0x00000000ac600000| Untracked 
| 187|0x00000000ac700000, 0x00000000ac700000, 0x00000000ac800000|  0%| F|  |TAMS 0x00000000ac700000, 0x00000000ac700000| Untracked 
| 188|0x00000000ac800000, 0x00000000ac800000, 0x00000000ac900000|  0%| F|  |TAMS 0x00000000ac800000, 0x00000000ac800000| Untracked 
| 189|0x00000000ac900000, 0x00000000ac900000, 0x00000000aca00000|  0%| F|  |TAMS 0x00000000ac900000, 0x00000000ac900000| Untracked 
| 190|0x00000000aca00000, 0x00000000aca00000, 0x00000000acb00000|  0%| F|  |TAMS 0x00000000aca00000, 0x00000000aca00000| Untracked 
| 191|0x00000000acb00000, 0x00000000acb00000, 0x00000000acc00000|  0%| F|  |TAMS 0x00000000acb00000, 0x00000000acb00000| Untracked 
| 192|0x00000000acc00000, 0x00000000acc00000, 0x00000000acd00000|  0%| F|  |TAMS 0x00000000acc00000, 0x00000000acc00000| Untracked 
| 193|0x00000000acd00000, 0x00000000acd00000, 0x00000000ace00000|  0%| F|  |TAMS 0x00000000acd00000, 0x00000000acd00000| Untracked 
| 194|0x00000000ace00000, 0x00000000ace00000, 0x00000000acf00000|  0%| F|  |TAMS 0x00000000ace00000, 0x00000000ace00000| Untracked 
| 195|0x00000000acf00000, 0x00000000acf00000, 0x00000000ad000000|  0%| F|  |TAMS 0x00000000acf00000, 0x00000000acf00000| Untracked 
| 196|0x00000000ad000000, 0x00000000ad000000, 0x00000000ad100000|  0%| F|  |TAMS 0x00000000ad000000, 0x00000000ad000000| Untracked 
| 197|0x00000000ad100000, 0x00000000ad100000, 0x00000000ad200000|  0%| F|  |TAMS 0x00000000ad100000, 0x00000000ad100000| Untracked 
| 198|0x00000000ad200000, 0x00000000ad200000, 0x00000000ad300000|  0%| F|  |TAMS 0x00000000ad200000, 0x00000000ad200000| Untracked 
| 199|0x00000000ad300000, 0x00000000ad300000, 0x00000000ad400000|  0%| F|  |TAMS 0x00000000ad300000, 0x00000000ad300000| Untracked 
| 200|0x00000000ad400000, 0x00000000ad400000, 0x00000000ad500000|  0%| F|  |TAMS 0x00000000ad400000, 0x00000000ad400000| Untracked 
| 201|0x00000000ad500000, 0x00000000ad500000, 0x00000000ad600000|  0%| F|  |TAMS 0x00000000ad500000, 0x00000000ad500000| Untracked 
| 202|0x00000000ad600000, 0x00000000ad600000, 0x00000000ad700000|  0%| F|  |TAMS 0x00000000ad600000, 0x00000000ad600000| Untracked 
| 203|0x00000000ad700000, 0x00000000ad700000, 0x00000000ad800000|  0%| F|  |TAMS 0x00000000ad700000, 0x00000000ad700000| Untracked 
| 204|0x00000000ad800000, 0x00000000ad800000, 0x00000000ad900000|  0%| F|  |TAMS 0x00000000ad800000, 0x00000000ad800000| Untracked 
| 205|0x00000000ad900000, 0x00000000ad900000, 0x00000000ada00000|  0%| F|  |TAMS 0x00000000ad900000, 0x00000000ad900000| Untracked 
| 206|0x00000000ada00000, 0x00000000ada00000, 0x00000000adb00000|  0%| F|  |TAMS 0x00000000ada00000, 0x00000000ada00000| Untracked 
| 207|0x00000000adb00000, 0x00000000adb00000, 0x00000000adc00000|  0%| F|  |TAMS 0x00000000adb00000, 0x00000000adb00000| Untracked 
| 208|0x00000000adc00000, 0x00000000adc00000, 0x00000000add00000|  0%| F|  |TAMS 0x00000000adc00000, 0x00000000adc00000| Untracked 
| 209|0x00000000add00000, 0x00000000add00000, 0x00000000ade00000|  0%| F|  |TAMS 0x00000000add00000, 0x00000000add00000| Untracked 
| 210|0x00000000ade00000, 0x00000000ade65e10, 0x00000000adf00000| 39%| S|CS|TAMS 0x00000000ade00000, 0x00000000ade00000| Complete 
| 211|0x00000000adf00000, 0x00000000ae000000, 0x00000000ae000000|100%| S|CS|TAMS 0x00000000adf00000, 0x00000000adf00000| Complete 
| 212|0x00000000ae000000, 0x00000000ae100000, 0x00000000ae100000|100%| S|CS|TAMS 0x00000000ae000000, 0x00000000ae000000| Complete 
| 213|0x00000000ae100000, 0x00000000ae200000, 0x00000000ae200000|100%| S|CS|TAMS 0x00000000ae100000, 0x00000000ae100000| Complete 
| 214|0x00000000ae200000, 0x00000000ae200000, 0x00000000ae300000|  0%| F|  |TAMS 0x00000000ae200000, 0x00000000ae200000| Untracked 
| 215|0x00000000ae300000, 0x00000000ae300000, 0x00000000ae400000|  0%| F|  |TAMS 0x00000000ae300000, 0x00000000ae300000| Untracked 
| 216|0x00000000ae400000, 0x00000000ae400000, 0x00000000ae500000|  0%| F|  |TAMS 0x00000000ae400000, 0x00000000ae400000| Untracked 
| 217|0x00000000ae500000, 0x00000000ae500000, 0x00000000ae600000|  0%| F|  |TAMS 0x00000000ae500000, 0x00000000ae500000| Untracked 
| 218|0x00000000ae600000, 0x00000000ae600000, 0x00000000ae700000|  0%| F|  |TAMS 0x00000000ae600000, 0x00000000ae600000| Untracked 
| 219|0x00000000ae700000, 0x00000000ae700000, 0x00000000ae800000|  0%| F|  |TAMS 0x00000000ae700000, 0x00000000ae700000| Untracked 
| 220|0x00000000ae800000, 0x00000000ae800000, 0x00000000ae900000|  0%| F|  |TAMS 0x00000000ae800000, 0x00000000ae800000| Untracked 
| 221|0x00000000ae900000, 0x00000000ae900000, 0x00000000aea00000|  0%| F|  |TAMS 0x00000000ae900000, 0x00000000ae900000| Untracked 
| 222|0x00000000aea00000, 0x00000000aea00000, 0x00000000aeb00000|  0%| F|  |TAMS 0x00000000aea00000, 0x00000000aea00000| Untracked 
| 223|0x00000000aeb00000, 0x00000000aeb00000, 0x00000000aec00000|  0%| F|  |TAMS 0x00000000aeb00000, 0x00000000aeb00000| Untracked 
| 224|0x00000000aec00000, 0x00000000aec00000, 0x00000000aed00000|  0%| F|  |TAMS 0x00000000aec00000, 0x00000000aec00000| Untracked 
| 225|0x00000000aed00000, 0x00000000aed00000, 0x00000000aee00000|  0%| F|  |TAMS 0x00000000aed00000, 0x00000000aed00000| Untracked 
| 226|0x00000000aee00000, 0x00000000aee00000, 0x00000000aef00000|  0%| F|  |TAMS 0x00000000aee00000, 0x00000000aee00000| Untracked 
| 227|0x00000000aef00000, 0x00000000aef00000, 0x00000000af000000|  0%| F|  |TAMS 0x00000000aef00000, 0x00000000aef00000| Untracked 
| 228|0x00000000af000000, 0x00000000af000000, 0x00000000af100000|  0%| F|  |TAMS 0x00000000af000000, 0x00000000af000000| Untracked 
| 229|0x00000000af100000, 0x00000000af100000, 0x00000000af200000|  0%| F|  |TAMS 0x00000000af100000, 0x00000000af100000| Untracked 
| 230|0x00000000af200000, 0x00000000af200000, 0x00000000af300000|  0%| F|  |TAMS 0x00000000af200000, 0x00000000af200000| Untracked 
| 231|0x00000000af300000, 0x00000000af300000, 0x00000000af400000|  0%| F|  |TAMS 0x00000000af300000, 0x00000000af300000| Untracked 
| 232|0x00000000af400000, 0x00000000af400000, 0x00000000af500000|  0%| F|  |TAMS 0x00000000af400000, 0x00000000af400000| Untracked 
| 233|0x00000000af500000, 0x00000000af500000, 0x00000000af600000|  0%| F|  |TAMS 0x00000000af500000, 0x00000000af500000| Untracked 
| 234|0x00000000af600000, 0x00000000af600000, 0x00000000af700000|  0%| F|  |TAMS 0x00000000af600000, 0x00000000af600000| Untracked 
| 235|0x00000000af700000, 0x00000000af700000, 0x00000000af800000|  0%| F|  |TAMS 0x00000000af700000, 0x00000000af700000| Untracked 
| 236|0x00000000af800000, 0x00000000af800000, 0x00000000af900000|  0%| F|  |TAMS 0x00000000af800000, 0x00000000af800000| Untracked 
| 237|0x00000000af900000, 0x00000000af900000, 0x00000000afa00000|  0%| F|  |TAMS 0x00000000af900000, 0x00000000af900000| Untracked 
| 238|0x00000000afa00000, 0x00000000afa00000, 0x00000000afb00000|  0%| F|  |TAMS 0x00000000afa00000, 0x00000000afa00000| Untracked 
| 239|0x00000000afb00000, 0x00000000afb00000, 0x00000000afc00000|  0%| F|  |TAMS 0x00000000afb00000, 0x00000000afb00000| Untracked 
| 240|0x00000000afc00000, 0x00000000afc00000, 0x00000000afd00000|  0%| F|  |TAMS 0x00000000afc00000, 0x00000000afc00000| Untracked 
| 241|0x00000000afd00000, 0x00000000afd00000, 0x00000000afe00000|  0%| F|  |TAMS 0x00000000afd00000, 0x00000000afd00000| Untracked 
| 242|0x00000000afe00000, 0x00000000afe00000, 0x00000000aff00000|  0%| F|  |TAMS 0x00000000afe00000, 0x00000000afe00000| Untracked 
| 243|0x00000000aff00000, 0x00000000aff00000, 0x00000000b0000000|  0%| F|  |TAMS 0x00000000aff00000, 0x00000000aff00000| Untracked 
| 244|0x00000000b0000000, 0x00000000b0000000, 0x00000000b0100000|  0%| F|  |TAMS 0x00000000b0000000, 0x00000000b0000000| Untracked 
| 245|0x00000000b0100000, 0x00000000b0100000, 0x00000000b0200000|  0%| F|  |TAMS 0x00000000b0100000, 0x00000000b0100000| Untracked 
| 246|0x00000000b0200000, 0x00000000b0200000, 0x00000000b0300000|  0%| F|  |TAMS 0x00000000b0200000, 0x00000000b0200000| Untracked 
| 247|0x00000000b0300000, 0x00000000b0300000, 0x00000000b0400000|  0%| F|  |TAMS 0x00000000b0300000, 0x00000000b0300000| Untracked 
| 248|0x00000000b0400000, 0x00000000b0400000, 0x00000000b0500000|  0%| F|  |TAMS 0x00000000b0400000, 0x00000000b0400000| Untracked 
| 249|0x00000000b0500000, 0x00000000b0500000, 0x00000000b0600000|  0%| F|  |TAMS 0x00000000b0500000, 0x00000000b0500000| Untracked 
| 250|0x00000000b0600000, 0x00000000b0600000, 0x00000000b0700000|  0%| F|  |TAMS 0x00000000b0600000, 0x00000000b0600000| Untracked 
| 251|0x00000000b0700000, 0x00000000b0700000, 0x00000000b0800000|  0%| F|  |TAMS 0x00000000b0700000, 0x00000000b0700000| Untracked 
| 252|0x00000000b0800000, 0x00000000b0800000, 0x00000000b0900000|  0%| F|  |TAMS 0x00000000b0800000, 0x00000000b0800000| Untracked 
| 253|0x00000000b0900000, 0x00000000b0900000, 0x00000000b0a00000|  0%| F|  |TAMS 0x00000000b0900000, 0x00000000b0900000| Untracked 
| 254|0x00000000b0a00000, 0x00000000b0a00000, 0x00000000b0b00000|  0%| F|  |TAMS 0x00000000b0a00000, 0x00000000b0a00000| Untracked 
| 255|0x00000000b0b00000, 0x00000000b0b00000, 0x00000000b0c00000|  0%| F|  |TAMS 0x00000000b0b00000, 0x00000000b0b00000| Untracked 
| 256|0x00000000b0c00000, 0x00000000b0c00000, 0x00000000b0d00000|  0%| F|  |TAMS 0x00000000b0c00000, 0x00000000b0c00000| Untracked 
| 257|0x00000000b0d00000, 0x00000000b0d00000, 0x00000000b0e00000|  0%| F|  |TAMS 0x00000000b0d00000, 0x00000000b0d00000| Untracked 
| 258|0x00000000b0e00000, 0x00000000b0e00000, 0x00000000b0f00000|  0%| F|  |TAMS 0x00000000b0e00000, 0x00000000b0e00000| Untracked 
| 259|0x00000000b0f00000, 0x00000000b0f00000, 0x00000000b1000000|  0%| F|  |TAMS 0x00000000b0f00000, 0x00000000b0f00000| Untracked 
| 260|0x00000000b1000000, 0x00000000b1000000, 0x00000000b1100000|  0%| F|  |TAMS 0x00000000b1000000, 0x00000000b1000000| Untracked 
| 261|0x00000000b1100000, 0x00000000b1100000, 0x00000000b1200000|  0%| F|  |TAMS 0x00000000b1100000, 0x00000000b1100000| Untracked 
| 262|0x00000000b1200000, 0x00000000b1200000, 0x00000000b1300000|  0%| F|  |TAMS 0x00000000b1200000, 0x00000000b1200000| Untracked 
| 263|0x00000000b1300000, 0x00000000b1300000, 0x00000000b1400000|  0%| F|  |TAMS 0x00000000b1300000, 0x00000000b1300000| Untracked 
| 264|0x00000000b1400000, 0x00000000b1400000, 0x00000000b1500000|  0%| F|  |TAMS 0x00000000b1400000, 0x00000000b1400000| Untracked 
| 265|0x00000000b1500000, 0x00000000b1500000, 0x00000000b1600000|  0%| F|  |TAMS 0x00000000b1500000, 0x00000000b1500000| Untracked 
| 266|0x00000000b1600000, 0x00000000b1600000, 0x00000000b1700000|  0%| F|  |TAMS 0x00000000b1600000, 0x00000000b1600000| Untracked 
| 267|0x00000000b1700000, 0x00000000b1700000, 0x00000000b1800000|  0%| F|  |TAMS 0x00000000b1700000, 0x00000000b1700000| Untracked 
| 268|0x00000000b1800000, 0x00000000b1800000, 0x00000000b1900000|  0%| F|  |TAMS 0x00000000b1800000, 0x00000000b1800000| Untracked 
| 269|0x00000000b1900000, 0x00000000b1900000, 0x00000000b1a00000|  0%| F|  |TAMS 0x00000000b1900000, 0x00000000b1900000| Untracked 
| 270|0x00000000b1a00000, 0x00000000b1a00000, 0x00000000b1b00000|  0%| F|  |TAMS 0x00000000b1a00000, 0x00000000b1a00000| Untracked 
| 271|0x00000000b1b00000, 0x00000000b1b00000, 0x00000000b1c00000|  0%| F|  |TAMS 0x00000000b1b00000, 0x00000000b1b00000| Untracked 
| 272|0x00000000b1c00000, 0x00000000b1c00000, 0x00000000b1d00000|  0%| F|  |TAMS 0x00000000b1c00000, 0x00000000b1c00000| Untracked 
| 273|0x00000000b1d00000, 0x00000000b1d00000, 0x00000000b1e00000|  0%| F|  |TAMS 0x00000000b1d00000, 0x00000000b1d00000| Untracked 
| 274|0x00000000b1e00000, 0x00000000b1e00000, 0x00000000b1f00000|  0%| F|  |TAMS 0x00000000b1e00000, 0x00000000b1e00000| Untracked 
| 275|0x00000000b1f00000, 0x00000000b1f00000, 0x00000000b2000000|  0%| F|  |TAMS 0x00000000b1f00000, 0x00000000b1f00000| Untracked 
| 276|0x00000000b2000000, 0x00000000b2000000, 0x00000000b2100000|  0%| F|  |TAMS 0x00000000b2000000, 0x00000000b2000000| Untracked 
| 277|0x00000000b2100000, 0x00000000b2100000, 0x00000000b2200000|  0%| F|  |TAMS 0x00000000b2100000, 0x00000000b2100000| Untracked 
| 278|0x00000000b2200000, 0x00000000b2200000, 0x00000000b2300000|  0%| F|  |TAMS 0x00000000b2200000, 0x00000000b2200000| Untracked 
| 279|0x00000000b2300000, 0x00000000b2300000, 0x00000000b2400000|  0%| F|  |TAMS 0x00000000b2300000, 0x00000000b2300000| Untracked 
| 280|0x00000000b2400000, 0x00000000b2400000, 0x00000000b2500000|  0%| F|  |TAMS 0x00000000b2400000, 0x00000000b2400000| Untracked 
| 281|0x00000000b2500000, 0x00000000b2500000, 0x00000000b2600000|  0%| F|  |TAMS 0x00000000b2500000, 0x00000000b2500000| Untracked 
| 282|0x00000000b2600000, 0x00000000b2600000, 0x00000000b2700000|  0%| F|  |TAMS 0x00000000b2600000, 0x00000000b2600000| Untracked 
| 283|0x00000000b2700000, 0x00000000b2700000, 0x00000000b2800000|  0%| F|  |TAMS 0x00000000b2700000, 0x00000000b2700000| Untracked 
| 284|0x00000000b2800000, 0x00000000b2800000, 0x00000000b2900000|  0%| F|  |TAMS 0x00000000b2800000, 0x00000000b2800000| Untracked 
| 285|0x00000000b2900000, 0x00000000b2900000, 0x00000000b2a00000|  0%| F|  |TAMS 0x00000000b2900000, 0x00000000b2900000| Untracked 
| 286|0x00000000b2a00000, 0x00000000b2a00000, 0x00000000b2b00000|  0%| F|  |TAMS 0x00000000b2a00000, 0x00000000b2a00000| Untracked 
| 287|0x00000000b2b00000, 0x00000000b2b00000, 0x00000000b2c00000|  0%| F|  |TAMS 0x00000000b2b00000, 0x00000000b2b00000| Untracked 
| 288|0x00000000b2c00000, 0x00000000b2c00000, 0x00000000b2d00000|  0%| F|  |TAMS 0x00000000b2c00000, 0x00000000b2c00000| Untracked 
| 289|0x00000000b2d00000, 0x00000000b2d00000, 0x00000000b2e00000|  0%| F|  |TAMS 0x00000000b2d00000, 0x00000000b2d00000| Untracked 
| 290|0x00000000b2e00000, 0x00000000b2e00000, 0x00000000b2f00000|  0%| F|  |TAMS 0x00000000b2e00000, 0x00000000b2e00000| Untracked 
| 291|0x00000000b2f00000, 0x00000000b2f00000, 0x00000000b3000000|  0%| F|  |TAMS 0x00000000b2f00000, 0x00000000b2f00000| Untracked 
| 292|0x00000000b3000000, 0x00000000b3000000, 0x00000000b3100000|  0%| F|  |TAMS 0x00000000b3000000, 0x00000000b3000000| Untracked 
| 293|0x00000000b3100000, 0x00000000b3100000, 0x00000000b3200000|  0%| F|  |TAMS 0x00000000b3100000, 0x00000000b3100000| Untracked 
| 294|0x00000000b3200000, 0x00000000b3200000, 0x00000000b3300000|  0%| F|  |TAMS 0x00000000b3200000, 0x00000000b3200000| Untracked 

Card table byte_map: [0x000001f4c5820000,0x000001f4c5b20000] _byte_map_base: 0x000001f4c531a000

Marking Bits (Prev, Next): (CMBitMap*) 0x000001f4ba8d8200, (CMBitMap*) 0x000001f4ba8d8240
 Prev Bits: [0x000001f4c5e20000, 0x000001f4c75f0000)
 Next Bits: [0x000001f4c75f0000, 0x000001f4c8dc0000)

Polling page: 0x000001f4b8710000

Metaspace:

Usage:
  Non-class:     56.01 MB used.
      Class:      9.88 MB used.
       Both:     65.88 MB used.

Virtual space:
  Non-class space:       64.00 MB reserved,      56.31 MB ( 88%) committed,  1 nodes.
      Class space:        1.00 GB reserved,      10.19 MB ( <1%) committed,  1 nodes.
             Both:        1.06 GB reserved,      66.50 MB (  6%) committed. 

Chunk freelists:
   Non-Class:  7.58 MB
       Class:  5.72 MB
        Both:  13.30 MB

MaxMetaspaceSize: unlimited
CompressedClassSpaceSize: 1.00 GB
Initial GC threshold: 21.00 MB
Current GC threshold: 110.56 MB
CDS: on
MetaspaceReclaimPolicy: balanced
 - commit_granule_bytes: 65536.
 - commit_granule_words: 8192.
 - virtual_space_node_default_size: 8388608.
 - enlarge_chunks_in_place: 1.
 - new_chunks_are_fully_committed: 0.
 - uncommit_free_chunks: 1.
 - use_allocation_guard: 0.
 - handle_deallocations: 1.


Internal statistics:

num_allocs_failed_limit: 12.
num_arena_births: 872.
num_arena_deaths: 0.
num_vsnodes_births: 2.
num_vsnodes_deaths: 0.
num_space_committed: 1064.
num_space_uncommitted: 0.
num_chunks_returned_to_freelist: 12.
num_chunks_taken_from_freelist: 3468.
num_chunk_merges: 12.
num_chunk_splits: 2510.
num_chunks_enlarged: 1975.
num_inconsistent_stats: 0.

CodeCache: size=49152Kb used=13871Kb max_used=14399Kb free=35280Kb
 bounds [0x000001f4c2410000, 0x000001f4c3220000, 0x000001f4c5410000]
 total_blobs=8554 nmethods=7891 adapters=588
 compilation: enabled
              stopped_count=0, restarted_count=0
 full_count=0

Compilation events (20 events):
Event: 13.885 Thread 0x000001f4cb82a5c0 7883       1       org.hibernate.metamodel.model.domain.internal.BasicSqmPathSource::getSqmPathType (8 bytes)
Event: 13.886 Thread 0x000001f4cb82a5c0 nmethod 7883 0x000001f4c2922510 code [0x000001f4c29226a0, 0x000001f4c29227b8]
Event: 13.886 Thread 0x000001f4cb82a5c0 7884       1       org.springframework.data.repository.query.Parameter::isSpecialParameter (26 bytes)
Event: 13.886 Thread 0x000001f4cb82a5c0 nmethod 7884 0x000001f4c2922110 code [0x000001f4c29222c0, 0x000001f4c29223f8]
Event: 14.171 Thread 0x000001f4cb82a5c0 7885       1       org.hibernate.query.sqm.tree.SqmTypedNode::getExpressible (7 bytes)
Event: 14.171 Thread 0x000001f4cb861930 7886       1       org.antlr.v4.runtime.CommonToken::getText (67 bytes)
Event: 14.171 Thread 0x000001f4cb82a5c0 nmethod 7885 0x000001f4c2921e10 code [0x000001f4c2921fc0, 0x000001f4c29220a8]
Event: 14.171 Thread 0x000001f4cb82a5c0 7887       1       org.antlr.v4.runtime.CommonToken::getInputStream (11 bytes)
Event: 14.171 Thread 0x000001f4cb82a5c0 nmethod 7887 0x000001f4c2921a90 code [0x000001f4c2921c20, 0x000001f4c2921d38]
Event: 14.171 Thread 0x000001f4cb82a5c0 7888       1       org.antlr.v4.runtime.CodePointCharStream$CodePoint8BitCharStream::getText (50 bytes)
Event: 14.171 Thread 0x000001f4cb861930 nmethod 7886 0x000001f4c2921490 code [0x000001f4c2921660, 0x000001f4c2921918]
Event: 14.171 Thread 0x000001f4cb861930 7889       1       org.springframework.data.repository.query.QueryMethod$$Lambda$1446/0x000001f4cd8d2b68::test (12 bytes)
Event: 14.172 Thread 0x000001f4cb82a5c0 nmethod 7888 0x000001f4c2921090 code [0x000001f4c2921240, 0x000001f4c29213c8]
Event: 14.172 Thread 0x000001f4cb861930 nmethod 7889 0x000001f4c2920d10 code [0x000001f4c2920ea0, 0x000001f4c2920fd8]
Event: 14.172 Thread 0x000001f4cb861930 7890       1       org.hibernate.internal.AbstractSharedSessionContract::isClosed (23 bytes)
Event: 14.172 Thread 0x000001f4cb82a5c0 7891       1       org.hibernate.internal.SessionFactoryImpl::isClosed (16 bytes)
Event: 14.172 Thread 0x000001f4cb861930 nmethod 7890 0x000001f4c2920990 code [0x000001f4c2920b20, 0x000001f4c2920c38]
Event: 14.172 Thread 0x000001f4cb82a5c0 nmethod 7891 0x000001f4c2920690 code [0x000001f4c2920820, 0x000001f4c2920918]
Event: 14.266 Thread 0x000001f4cb82a5c0 7892       1       org.antlr.v4.runtime.atn.ATNConfig::<init> (11 bytes)
Event: 14.266 Thread 0x000001f4cb82a5c0 nmethod 7892 0x000001f4c2920290 code [0x000001f4c2920440, 0x000001f4c2920638]

GC Heap History (20 events):
Event: 12.186 GC heap after
{Heap after GC invocations=23 (full 0):
 garbage-first heap   total 130048K, used 69324K [0x00000000a0c00000, 0x0000000100000000)
  region size 1024K, 5 young (5120K), 5 survivors (5120K)
 Metaspace       used 66856K, committed 67520K, reserved 1114112K
  class space    used 10033K, committed 10368K, reserved 1048576K
}
Event: 12.258 GC heap before
{Heap before GC invocations=23 (full 0):
 garbage-first heap   total 130048K, used 94924K [0x00000000a0c00000, 0x0000000100000000)
  region size 1024K, 30 young (30720K), 5 survivors (5120K)
 Metaspace       used 66859K, committed 67520K, reserved 1114112K
  class space    used 10033K, committed 10368K, reserved 1048576K
}
Event: 12.266 GC heap after
{Heap after GC invocations=24 (full 0):
 garbage-first heap   total 130048K, used 73346K [0x00000000a0c00000, 0x0000000100000000)
  region size 1024K, 4 young (4096K), 4 survivors (4096K)
 Metaspace       used 66859K, committed 67520K, reserved 1114112K
  class space    used 10033K, committed 10368K, reserved 1048576K
}
Event: 12.366 GC heap before
{Heap before GC invocations=24 (full 0):
 garbage-first heap   total 162816K, used 95874K [0x00000000a0c00000, 0x0000000100000000)
  region size 1024K, 27 young (27648K), 4 survivors (4096K)
 Metaspace       used 66859K, committed 67520K, reserved 1114112K
  class space    used 10033K, committed 10368K, reserved 1048576K
}
Event: 12.370 GC heap after
{Heap after GC invocations=25 (full 0):
 garbage-first heap   total 162816K, used 73084K [0x00000000a0c00000, 0x0000000100000000)
  region size 1024K, 1 young (1024K), 1 survivors (1024K)
 Metaspace       used 66859K, committed 67520K, reserved 1114112K
  class space    used 10033K, committed 10368K, reserved 1048576K
}
Event: 12.516 GC heap before
{Heap before GC invocations=26 (full 0):
 garbage-first heap   total 162816K, used 115068K [0x00000000a0c00000, 0x0000000100000000)
  region size 1024K, 42 young (43008K), 1 survivors (1024K)
 Metaspace       used 66863K, committed 67520K, reserved 1114112K
  class space    used 10035K, committed 10368K, reserved 1048576K
}
Event: 12.523 GC heap after
{Heap after GC invocations=27 (full 0):
 garbage-first heap   total 162816K, used 78318K [0x00000000a0c00000, 0x0000000100000000)
  region size 1024K, 6 young (6144K), 6 survivors (6144K)
 Metaspace       used 66863K, committed 67520K, reserved 1114112K
  class space    used 10035K, committed 10368K, reserved 1048576K
}
Event: 12.621 GC heap before
{Heap before GC invocations=27 (full 0):
 garbage-first heap   total 162816K, used 110062K [0x00000000a0c00000, 0x0000000100000000)
  region size 1024K, 38 young (38912K), 6 survivors (6144K)
 Metaspace       used 66863K, committed 67520K, reserved 1114112K
  class space    used 10035K, committed 10368K, reserved 1048576K
}
Event: 12.636 GC heap after
{Heap after GC invocations=28 (full 0):
 garbage-first heap   total 302080K, used 90188K [0x00000000a0c00000, 0x0000000100000000)
  region size 1024K, 6 young (6144K), 6 survivors (6144K)
 Metaspace       used 66863K, committed 67520K, reserved 1114112K
  class space    used 10035K, committed 10368K, reserved 1048576K
}
Event: 12.971 GC heap before
{Heap before GC invocations=28 (full 0):
 garbage-first heap   total 302080K, used 191564K [0x00000000a0c00000, 0x0000000100000000)
  region size 1024K, 102 young (104448K), 6 survivors (6144K)
 Metaspace       used 66863K, committed 67520K, reserved 1114112K
  class space    used 10035K, committed 10368K, reserved 1048576K
}
Event: 13.001 GC heap after
{Heap after GC invocations=29 (full 0):
 garbage-first heap   total 302080K, used 127721K [0x00000000a0c00000, 0x0000000100000000)
  region size 1024K, 13 young (13312K), 13 survivors (13312K)
 Metaspace       used 66863K, committed 67520K, reserved 1114112K
  class space    used 10035K, committed 10368K, reserved 1048576K
}
Event: 13.235 GC heap before
{Heap before GC invocations=29 (full 0):
 garbage-first heap   total 302080K, used 200425K [0x00000000a0c00000, 0x0000000100000000)
  region size 1024K, 81 young (82944K), 13 survivors (13312K)
 Metaspace       used 66863K, committed 67520K, reserved 1114112K
  class space    used 10035K, committed 10368K, reserved 1048576K
}
Event: 13.263 GC heap after
{Heap after GC invocations=30 (full 0):
 garbage-first heap   total 302080K, used 156974K [0x00000000a0c00000, 0x0000000100000000)
  region size 1024K, 11 young (11264K), 11 survivors (11264K)
 Metaspace       used 66863K, committed 67520K, reserved 1114112K
  class space    used 10035K, committed 10368K, reserved 1048576K
}
Event: 13.534 GC heap before
{Heap before GC invocations=30 (full 0):
 garbage-first heap   total 302080K, used 215342K [0x00000000a0c00000, 0x0000000100000000)
  region size 1024K, 68 young (69632K), 11 survivors (11264K)
 Metaspace       used 67115K, committed 67712K, reserved 1114112K
  class space    used 10069K, committed 10368K, reserved 1048576K
}
Event: 13.548 GC heap after
{Heap after GC invocations=31 (full 0):
 garbage-first heap   total 302080K, used 162428K [0x00000000a0c00000, 0x0000000100000000)
  region size 1024K, 3 young (3072K), 3 survivors (3072K)
 Metaspace       used 67115K, committed 67712K, reserved 1114112K
  class space    used 10069K, committed 10368K, reserved 1048576K
}
Event: 13.937 GC heap before
{Heap before GC invocations=32 (full 0):
 garbage-first heap   total 302080K, used 212604K [0x00000000a0c00000, 0x0000000100000000)
  region size 1024K, 63 young (64512K), 3 survivors (3072K)
 Metaspace       used 67438K, committed 68096K, reserved 1114112K
  class space    used 10110K, committed 10432K, reserved 1048576K
}
Event: 13.941 GC heap after
{Heap after GC invocations=33 (full 0):
 garbage-first heap   total 302080K, used 151436K [0x00000000a0c00000, 0x0000000100000000)
  region size 1024K, 4 young (4096K), 4 survivors (4096K)
 Metaspace       used 67438K, committed 68096K, reserved 1114112K
  class space    used 10110K, committed 10432K, reserved 1048576K
}
Event: 13.977 GC heap before
{Heap before GC invocations=33 (full 0):
 garbage-first heap   total 302080K, used 161676K [0x00000000a0c00000, 0x0000000100000000)
  region size 1024K, 14 young (14336K), 4 survivors (4096K)
 Metaspace       used 67438K, committed 68096K, reserved 1114112K
  class space    used 10110K, committed 10432K, reserved 1048576K
}
Event: 13.983 GC heap after
{Heap after GC invocations=34 (full 0):
 garbage-first heap   total 302080K, used 135654K [0x00000000a0c00000, 0x0000000100000000)
  region size 1024K, 2 young (2048K), 2 survivors (2048K)
 Metaspace       used 67438K, committed 68096K, reserved 1114112K
  class space    used 10110K, committed 10432K, reserved 1048576K
}
Event: 14.267 GC heap before
{Heap before GC invocations=34 (full 0):
 garbage-first heap   total 302080K, used 216550K [0x00000000a0c00000, 0x0000000100000000)
  region size 1024K, 81 young (82944K), 2 survivors (2048K)
 Metaspace       used 67462K, committed 68096K, reserved 1114112K
  class space    used 10112K, committed 10432K, reserved 1048576K
}

Dll operation events (12 events):
Event: 0.022 Loaded shared library C:\Users\alvar\.jdks\ms-17.0.19\bin\java.dll
Event: 0.056 Loaded shared library C:\Users\alvar\.jdks\ms-17.0.19\bin\jsvml.dll
Event: 0.392 Loaded shared library C:\Users\alvar\.jdks\ms-17.0.19\bin\zip.dll
Event: 0.398 Loaded shared library C:\Users\alvar\.jdks\ms-17.0.19\bin\instrument.dll
Event: 0.407 Loaded shared library C:\Users\alvar\.jdks\ms-17.0.19\bin\net.dll
Event: 0.411 Loaded shared library C:\Users\alvar\.jdks\ms-17.0.19\bin\nio.dll
Event: 0.415 Loaded shared library C:\Users\alvar\.jdks\ms-17.0.19\bin\zip.dll
Event: 0.679 Loaded shared library C:\Users\alvar\.jdks\ms-17.0.19\bin\extnet.dll
Event: 0.753 Loaded shared library C:\Users\alvar\.jdks\ms-17.0.19\bin\jimage.dll
Event: 2.978 Loaded shared library C:\Users\alvar\.jdks\ms-17.0.19\bin\sunmscapi.dll
Event: 5.819 Loaded shared library C:\Users\alvar\.jdks\ms-17.0.19\bin\management.dll
Event: 5.823 Loaded shared library C:\Users\alvar\.jdks\ms-17.0.19\bin\management_ext.dll

Deoptimization events (8 events):
Event: 7.571 Thread 0x000001f511f2a420 DEOPT PACKING pc=0x000001f4c282c417 sp=0x0000006d6a3ff320
Event: 7.571 Thread 0x000001f511f2a420 DEOPT UNPACKING pc=0x000001f4c2467143 sp=0x0000006d6a3fe778 mode 3
Event: 7.571 Thread 0x000001f4ba88afa0 DEOPT PACKING pc=0x000001f4c2842e01 sp=0x0000006d683f9770
Event: 7.571 Thread 0x000001f4ba88afa0 DEOPT UNPACKING pc=0x000001f4c2467143 sp=0x0000006d683f8c00 mode 3
Event: 9.099 Thread 0x000001f4ba88afa0 DEOPT PACKING pc=0x000001f4c2f10ef4 sp=0x0000006d683f8a50
Event: 9.099 Thread 0x000001f4ba88afa0 DEOPT UNPACKING pc=0x000001f4c2467143 sp=0x0000006d683f7ee8 mode 0
Event: 9.794 Thread 0x000001f4ba88afa0 DEOPT PACKING pc=0x000001f4c30899ec sp=0x0000006d683f9310
Event: 9.794 Thread 0x000001f4ba88afa0 DEOPT UNPACKING pc=0x000001f4c2467143 sp=0x0000006d683f8888 mode 0

Classes loaded (20 events):
Event: 10.983 Loading class javax/net/ssl/SSLException
Event: 10.984 Loading class javax/net/ssl/SSLException done
Event: 11.000 Loading class java/nio/channels/CompletionHandler
Event: 11.000 Loading class java/nio/channels/CompletionHandler done
Event: 11.121 Loading class java/util/EmptyStackException
Event: 11.121 Loading class java/util/EmptyStackException done
Event: 11.242 Loading class java/io/InvalidClassException
Event: 11.243 Loading class java/io/InvalidClassException done
Event: 11.257 Loading class java/util/ArrayList$ListItr
Event: 11.258 Loading class java/util/ArrayList$ListItr done
Event: 11.817 Loading class java/lang/invoke/MethodHandleImpl$CountingWrapper$1
Event: 11.817 Loading class java/lang/invoke/MethodHandleImpl$CountingWrapper$1 done
Event: 11.830 Loading class sun/reflect/ReflectionFactory
Event: 11.830 Loading class sun/reflect/ReflectionFactory done
Event: 11.830 Loading class sun/reflect/ReflectionFactory$1
Event: 11.830 Loading class sun/reflect/ReflectionFactory$1 done
Event: 11.830 Loading class java/io/OptionalDataException
Event: 11.831 Loading class java/io/OptionalDataException done
Event: 11.831 Loading class jdk/internal/reflect/SerializationConstructorAccessorImpl
Event: 11.831 Loading class jdk/internal/reflect/SerializationConstructorAccessorImpl done

Classes unloaded (0 events):
No events

Classes redefined (0 events):
No events

Internal exceptions (20 events):
Event: 10.916 Thread 0x000001f4ba88afa0 Exception <a 'java/lang/reflect/InvocationTargetException'{0x00000000a5ecc608}> (0x00000000a5ecc608) 
thrown [s\src\hotspot\share\runtime\reflection.cpp, line 1128]
Event: 10.918 Thread 0x000001f4ba88afa0 Exception <a 'java/lang/reflect/InvocationTargetException'{0x00000000a5edac58}> (0x00000000a5edac58) 
thrown [s\src\hotspot\share\runtime\reflection.cpp, line 1128]
Event: 11.001 Thread 0x000001f4ba88afa0 Exception <a 'java/lang/NoSuchMethodError'{0x00000000a599fa68}: 'long java.lang.invoke.DirectMethodHandle$Holder.invokeVirtual(java.lang.Object, java.lang.Object)'> (0x00000000a599fa68) 
thrown [s\src\hotspot\share\interpreter\linkResolver.cpp, line 759]
Event: 11.033 Thread 0x000001f4ba88afa0 Exception <a 'java/lang/NoSuchMethodError'{0x00000000a5756a50}: 'void java.lang.invoke.DirectMethodHandle$Holder.invokeVirtual(java.lang.Object, java.lang.Object, long)'> (0x00000000a5756a50) 
thrown [s\src\hotspot\share\interpreter\linkResolver.cpp, line 759]
Event: 11.062 Thread 0x000001f4ba88afa0 Exception <a 'java/lang/reflect/InvocationTargetException'{0x00000000a55cc588}> (0x00000000a55cc588) 
thrown [s\src\hotspot\share\runtime\reflection.cpp, line 1128]
Event: 11.089 Thread 0x000001f4ba88afa0 Exception <a 'java/lang/reflect/InvocationTargetException'{0x00000000a53ffee8}> (0x00000000a53ffee8) 
thrown [s\src\hotspot\share\runtime\reflection.cpp, line 1128]
Event: 11.095 Thread 0x000001f4ba88afa0 Exception <a 'java/lang/reflect/InvocationTargetException'{0x00000000a522bf00}> (0x00000000a522bf00) 
thrown [s\src\hotspot\share\runtime\reflection.cpp, line 1128]
Event: 11.676 Thread 0x000001f4ba88afa0 Exception <a 'java/lang/reflect/InvocationTargetException'{0x00000000a5a9fd78}> (0x00000000a5a9fd78) 
thrown [s\src\hotspot\share\runtime\reflection.cpp, line 1128]
Event: 11.677 Thread 0x000001f4ba88afa0 Exception <a 'java/lang/reflect/InvocationTargetException'{0x00000000a5aa7cd8}> (0x00000000a5aa7cd8) 
thrown [s\src\hotspot\share\runtime\reflection.cpp, line 1128]
Event: 11.728 Thread 0x000001f4ba88afa0 Exception <a 'java/lang/reflect/InvocationTargetException'{0x00000000a57f6c68}> (0x00000000a57f6c68) 
thrown [s\src\hotspot\share\runtime\reflection.cpp, line 1128]
Event: 11.732 Thread 0x000001f4ba88afa0 Exception <a 'java/lang/reflect/InvocationTargetException'{0x00000000a560acd8}> (0x00000000a560acd8) 
thrown [s\src\hotspot\share\runtime\reflection.cpp, line 1128]
Event: 11.736 Thread 0x000001f4ba88afa0 Exception <a 'java/lang/reflect/InvocationTargetException'{0x00000000a56291c0}> (0x00000000a56291c0) 
thrown [s\src\hotspot\share\runtime\reflection.cpp, line 1128]
Event: 11.738 Thread 0x000001f4ba88afa0 Exception <a 'java/lang/reflect/InvocationTargetException'{0x00000000a56379f8}> (0x00000000a56379f8) 
thrown [s\src\hotspot\share\runtime\reflection.cpp, line 1128]
Event: 11.740 Thread 0x000001f4ba88afa0 Exception <a 'java/lang/reflect/InvocationTargetException'{0x00000000a56444b0}> (0x00000000a56444b0) 
thrown [s\src\hotspot\share\runtime\reflection.cpp, line 1128]
Event: 11.779 Thread 0x000001f4ba88afa0 Exception <a 'java/lang/reflect/InvocationTargetException'{0x00000000a54fd368}> (0x00000000a54fd368) 
thrown [s\src\hotspot\share\runtime\reflection.cpp, line 1128]
Event: 11.811 Thread 0x000001f4ba88afa0 Exception <a 'java/lang/NoSuchMethodError'{0x00000000a52ea138}: 'int java.lang.invoke.DirectMethodHandle$Holder.invokeStaticInit(java.lang.Object, int, java.lang.Object, java.lang.Object, java.lang.Object, java.lang.Object)'> (0x00000000a52ea138) 
thrown [s\src\hotspot\share\interpreter\linkResolver.cpp, line 759]
Event: 13.578 Thread 0x000001f4ba88afa0 Exception <a 'java/io/FileNotFoundException'{0x00000000b3191640}> (0x00000000b3191640) 
thrown [s\src\hotspot\share\prims\jni.cpp, line 516]
Event: 13.579 Thread 0x000001f4ba88afa0 Exception <a 'java/io/FileNotFoundException'{0x00000000b319c9c8}> (0x00000000b319c9c8) 
thrown [s\src\hotspot\share\prims\jni.cpp, line 516]
Event: 13.580 Thread 0x000001f4ba88afa0 Exception <a 'java/io/FileNotFoundException'{0x00000000b31a7f10}> (0x00000000b31a7f10) 
thrown [s\src\hotspot\share\prims\jni.cpp, line 516]
Event: 13.581 Thread 0x000001f4ba88afa0 Exception <a 'java/io/FileNotFoundException'{0x00000000b31b33f0}> (0x00000000b31b33f0) 
thrown [s\src\hotspot\share\prims\jni.cpp, line 516]

VM Operations (20 events):
Event: 12.393 Executing VM operation: G1PauseCleanup done
Event: 12.515 Executing VM operation: G1CollectForAllocation
Event: 12.523 Executing VM operation: G1CollectForAllocation done
Event: 12.621 Executing VM operation: G1TryInitiateConcMark
Event: 12.636 Executing VM operation: G1TryInitiateConcMark done
Event: 12.971 Executing VM operation: G1CollectForAllocation
Event: 13.001 Executing VM operation: G1CollectForAllocation done
Event: 13.235 Executing VM operation: G1CollectForAllocation
Event: 13.263 Executing VM operation: G1CollectForAllocation done
Event: 13.534 Executing VM operation: G1CollectForAllocation
Event: 13.548 Executing VM operation: G1CollectForAllocation done
Event: 13.664 Executing VM operation: G1PauseRemark
Event: 13.667 Executing VM operation: G1PauseRemark done
Event: 13.724 Executing VM operation: G1PauseCleanup
Event: 13.724 Executing VM operation: G1PauseCleanup done
Event: 13.937 Executing VM operation: G1CollectForAllocation
Event: 13.941 Executing VM operation: G1CollectForAllocation done
Event: 13.977 Executing VM operation: G1CollectForAllocation
Event: 13.983 Executing VM operation: G1CollectForAllocation done
Event: 14.267 Executing VM operation: G1CollectForAllocation

Memory protections (0 events):
No events

Nmethod flushes (0 events):
No events

Events (20 events):
Event: 0.090 Thread 0x000001f4ba88afa0 Thread added: 0x000001f4cb86fc50
Event: 0.353 Thread 0x000001f4ba88afa0 Thread added: 0x000001f4cb829f10
Event: 0.370 Thread 0x000001f4cb861930 Thread added: 0x000001f4cb82a5c0
Event: 0.659 Thread 0x000001f4ba88afa0 Thread added: 0x000001f5110cc8d0
Event: 0.660 Thread 0x000001f4ba88afa0 Thread added: 0x000001f5110dcdc0
Event: 1.877 Thread 0x000001f4ba88afa0 Thread added: 0x000001f5115e2460
Event: 2.347 Thread 0x000001f4cb861930 Thread added: 0x000001f5117c14f0
Event: 2.503 Thread 0x000001f5117c14f0 Thread added: 0x000001f5117bf510
Event: 2.898 Thread 0x000001f4ba88afa0 Thread added: 0x000001f5115e47d0
Event: 2.962 Thread 0x000001f5115e47d0 Thread exited: 0x000001f5115e47d0
Event: 2.989 Thread 0x000001f5115e2460 Thread exited: 0x000001f5115e2460
Event: 6.088 Thread 0x000001f4ba88afa0 Thread added: 0x000001f511f2b860
Event: 7.570 Thread 0x000001f4ba88afa0 Thread added: 0x000001f511f2a420
Event: 7.701 Thread 0x000001f511f2a420 Thread added: 0x000001f511f280b0
Event: 11.014 Thread 0x000001f4ba88afa0 Thread added: 0x000001f511f29f10
Event: 11.017 Thread 0x000001f511f29f10 Thread added: 0x000001f511f28ad0
Event: 11.020 Thread 0x000001f4ba88afa0 Thread added: 0x000001f511f28fe0
Event: 13.139 Thread 0x000001f511f280b0 Thread exited: 0x000001f511f280b0
Event: 13.191 Thread 0x000001f5117bf510 Thread exited: 0x000001f5117bf510
Event: 13.269 Thread 0x000001f5117c14f0 Thread exited: 0x000001f5117c14f0


Dynamic libraries:
0x00007ff68ae20000 - 0x00007ff68ae2e000 	C:\Users\alvar\.jdks\ms-17.0.19\bin\java.exe
0x00007ffb599e0000 - 0x00007ffb59c46000 	C:\WINDOWS\SYSTEM32\ntdll.dll
0x00007ffb279e0000 - 0x00007ffb27a01000 	C:\Program Files\Norton\Suite\aswhook.dll
0x00007ffb58900000 - 0x00007ffb589c9000 	C:\WINDOWS\System32\KERNEL32.DLL
0x00007ffb57190000 - 0x00007ffb5758e000 	C:\WINDOWS\System32\KERNELBASE.dll
0x00007ffb56c00000 - 0x00007ffb56d4c000 	C:\WINDOWS\System32\ucrtbase.dll
0x00007ffb51380000 - 0x00007ffb51398000 	C:\Users\alvar\.jdks\ms-17.0.19\bin\jli.dll
0x00007ffb0ec30000 - 0x00007ffb0ec4e000 	C:\Users\alvar\.jdks\ms-17.0.19\bin\VCRUNTIME140.dll
0x00007ffb58140000 - 0x00007ffb58307000 	C:\WINDOWS\System32\USER32.dll
0x00007ffb3d810000 - 0x00007ffb3daa2000 	C:\WINDOWS\WinSxS\amd64_microsoft.windows.common-controls_6595b64144ccf1df_6.0.26100.8875_none_3e0d5d42e32fe9dd\COMCTL32.dll
0x00007ffb56e90000 - 0x00007ffb56eb7000 	C:\WINDOWS\System32\win32u.dll
0x00007ffb58540000 - 0x00007ffb5856b000 	C:\WINDOWS\System32\GDI32.dll
0x00007ffb57fd0000 - 0x00007ffb58079000 	C:\WINDOWS\System32\msvcrt.dll
0x00007ffb56d60000 - 0x00007ffb56e8a000 	C:\WINDOWS\System32\gdi32full.dll
0x00007ffb57660000 - 0x00007ffb57703000 	C:\WINDOWS\System32\msvcp_win.dll
0x00007ffb58310000 - 0x00007ffb58342000 	C:\WINDOWS\System32\IMM32.DLL
0x00007ffb4a700000 - 0x00007ffb4a70c000 	C:\Users\alvar\.jdks\ms-17.0.19\bin\vcruntime140_1.dll
0x00007ffb0e8b0000 - 0x00007ffb0e939000 	C:\Users\alvar\.jdks\ms-17.0.19\bin\msvcp140.dll
0x00007ffa59c50000 - 0x00007ffa5a8cb000 	C:\Users\alvar\.jdks\ms-17.0.19\bin\server\jvm.dll
0x00007ffb57e10000 - 0x00007ffb57ec7000 	C:\WINDOWS\System32\ADVAPI32.dll
0x00007ffb58080000 - 0x00007ffb5812a000 	C:\WINDOWS\System32\sechost.dll
0x00007ffb57740000 - 0x00007ffb57858000 	C:\WINDOWS\System32\RPCRT4.dll
0x00007ffb59280000 - 0x00007ffb59300000 	C:\WINDOWS\System32\WS2_32.dll
0x00007ffb56a60000 - 0x00007ffb56abe000 	C:\WINDOWS\SYSTEM32\POWRPROF.dll
0x00007ffb4f700000 - 0x00007ffb4f736000 	C:\WINDOWS\SYSTEM32\WINMM.dll
0x00007ffb4f740000 - 0x00007ffb4f74b000 	C:\WINDOWS\SYSTEM32\VERSION.dll
0x00007ffb56a40000 - 0x00007ffb56a54000 	C:\WINDOWS\SYSTEM32\UMPDC.dll
0x00007ffb558e0000 - 0x00007ffb558fb000 	C:\WINDOWS\SYSTEM32\kernel.appcore.dll
0x00007ffb2e8d0000 - 0x00007ffb2e8da000 	C:\Users\alvar\.jdks\ms-17.0.19\bin\jimage.dll
0x00007ffb54080000 - 0x00007ffb542c2000 	C:\WINDOWS\SYSTEM32\DBGHELP.DLL
0x00007ffb58570000 - 0x00007ffb588f3000 	C:\WINDOWS\System32\combase.dll
0x00007ffb57d30000 - 0x00007ffb57e09000 	C:\WINDOWS\System32\OLEAUT32.dll
0x00007ffb48610000 - 0x00007ffb4864b000 	C:\WINDOWS\SYSTEM32\dbgcore.DLL
0x00007ffb575a0000 - 0x00007ffb5764c000 	C:\WINDOWS\System32\bcryptPrimitives.dll
0x00007ffb2e7d0000 - 0x00007ffb2e7df000 	C:\Users\alvar\.jdks\ms-17.0.19\bin\instrument.dll
0x00007ffb0e880000 - 0x00007ffb0e8a6000 	C:\Users\alvar\.jdks\ms-17.0.19\bin\java.dll
0x00007ffb095a0000 - 0x00007ffb09676000 	C:\Users\alvar\.jdks\ms-17.0.19\bin\jsvml.dll
0x00007ffb589d0000 - 0x00007ffb59162000 	C:\WINDOWS\System32\SHELL32.dll
0x00007ffb546e0000 - 0x00007ffb54f72000 	C:\WINDOWS\SYSTEM32\windows.storage.dll
0x00007ffb57ed0000 - 0x00007ffb57fc7000 	C:\WINDOWS\System32\SHCORE.dll
0x00007ffb57a70000 - 0x00007ffb57ad7000 	C:\WINDOWS\System32\shlwapi.dll
0x00007ffb56b20000 - 0x00007ffb56b49000 	C:\WINDOWS\SYSTEM32\profapi.dll
0x00007ffb0e820000 - 0x00007ffb0e838000 	C:\Users\alvar\.jdks\ms-17.0.19\bin\zip.dll
0x00007ffb0e860000 - 0x00007ffb0e87b000 	C:\Users\alvar\.jdks\ms-17.0.19\bin\net.dll
0x00007ffb4c990000 - 0x00007ffb4cab7000 	C:\WINDOWS\SYSTEM32\WINHTTP.dll
0x00007ffb55e90000 - 0x00007ffb55efc000 	C:\WINDOWS\system32\mswsock.dll
0x00007ffb0e840000 - 0x00007ffb0e856000 	C:\Users\alvar\.jdks\ms-17.0.19\bin\nio.dll
0x00007ffb2e2d0000 - 0x00007ffb2e2d9000 	C:\Users\alvar\.jdks\ms-17.0.19\bin\extnet.dll
0x00007ffb29f20000 - 0x00007ffb29f2e000 	C:\Users\alvar\.jdks\ms-17.0.19\bin\sunmscapi.dll
0x00007ffb57010000 - 0x00007ffb57188000 	C:\WINDOWS\System32\CRYPT32.dll
0x00007ffb563d0000 - 0x00007ffb56400000 	C:\WINDOWS\SYSTEM32\ncrypt.dll
0x00007ffb56380000 - 0x00007ffb563bf000 	C:\WINDOWS\SYSTEM32\NTASN1.dll
0x00007ffb561b0000 - 0x00007ffb561cb000 	C:\WINDOWS\SYSTEM32\CRYPTSP.dll
0x00007ffb55840000 - 0x00007ffb55879000 	C:\WINDOWS\system32\rsaenh.dll
0x00007ffb55f50000 - 0x00007ffb55f82000 	C:\WINDOWS\SYSTEM32\USERENV.dll
0x00007ffb56af0000 - 0x00007ffb56b1a000 	C:\WINDOWS\SYSTEM32\bcrypt.dll
0x00007ffb56190000 - 0x00007ffb5619c000 	C:\WINDOWS\SYSTEM32\CRYPTBASE.dll
0x00007ffb55300000 - 0x00007ffb55333000 	C:\WINDOWS\SYSTEM32\IPHLPAPI.DLL
0x00007ffb59170000 - 0x00007ffb5917a000 	C:\WINDOWS\System32\NSI.dll
0x00007ffb4cf10000 - 0x00007ffb4cf2d000 	C:\WINDOWS\SYSTEM32\dhcpcsvc6.DLL
0x00007ffb4ceb0000 - 0x00007ffb4ced5000 	C:\WINDOWS\SYSTEM32\dhcpcsvc.DLL
0x00007ffb553a0000 - 0x00007ffb554f6000 	C:\WINDOWS\SYSTEM32\DNSAPI.dll
0x00007ffb55c90000 - 0x00007ffb55c9d000 	C:\WINDOWS\SYSTEM32\DSPARSE.dll
0x00007ffb2e240000 - 0x00007ffb2e24a000 	C:\Users\alvar\.jdks\ms-17.0.19\bin\management.dll
0x00007ffb2b7f0000 - 0x00007ffb2b7fc000 	C:\Users\alvar\.jdks\ms-17.0.19\bin\management_ext.dll
0x00007ffb58530000 - 0x00007ffb58538000 	C:\WINDOWS\System32\PSAPI.DLL
0x00007ffb4d320000 - 0x00007ffb4d32b000 	C:\Windows\System32\rasadhlp.dll
0x00007ffb49720000 - 0x00007ffb497a6000 	C:\WINDOWS\System32\fwpuclnt.dll

dbghelp: loaded successfully - version: 4.0.5 - missing functions: none
symbol engine: initialized successfully - sym options: 0x614 - pdb path: .;C:\Users\alvar\.jdks\ms-17.0.19\bin;C:\WINDOWS\SYSTEM32;C:\Program Files\Norton\Suite;C:\WINDOWS\WinSxS\amd64_microsoft.windows.common-controls_6595b64144ccf1df_6.0.26100.8875_none_3e0d5d42e32fe9dd;C:\Users\alvar\.jdks\ms-17.0.19\bin\server

VM Arguments:
jvm_args: -XX:TieredStopAtLevel=1 -Dspring.output.ansi.enabled=always -javaagent:C:\Program Files\JetBrains\IntelliJ IDEA 2025.2.3\lib\idea_rt.jar=50384 -Dfile.encoding=UTF-8 
java_command: com.Control.Inventario.InventarioApplication
java_class_path (initial): C:\Users\alvar\Documents\Practicando_Programacion\Inventario\BackEnd-Inventario\target\classes;C:\Users\alvar\.m2\repository\org\springframework\boot\spring-boot-starter-web\3.5.7\spring-boot-starter-web-3.5.7.jar;C:\Users\alvar\.m2\repository\org\springframework\boot\spring-boot-starter\3.5.7\spring-boot-starter-3.5.7.jar;C:\Users\alvar\.m2\repository\org\springframework\boot\spring-boot\3.5.7\spring-boot-3.5.7.jar;C:\Users\alvar\.m2\repository\org\springframework\boot\spring-boot-autoconfigure\3.5.7\spring-boot-autoconfigure-3.5.7.jar;C:\Users\alvar\.m2\repository\org\springframework\boot\spring-boot-starter-logging\3.5.7\spring-boot-starter-logging-3.5.7.jar;C:\Users\alvar\.m2\repository\ch\qos\logback\logback-classic\1.5.20\logback-classic-1.5.20.jar;C:\Users\alvar\.m2\repository\ch\qos\logback\logback-core\1.5.20\logback-core-1.5.20.jar;C:\Users\alvar\.m2\repository\org\apache\logging\log4j\log4j-to-slf4j\2.24.3\log4j-to-slf4j-2.24.3.jar;C:\Users\alvar\.m2\repository\org\slf4j\jul-to-slf4j\2.0.17\jul-to-slf4j-2.0.17.jar;C:\Users\alvar\.m2\repository\jakarta\annotation\jakarta.annotation-api\2.1.1\jakarta.annotation-api-2.1.1.jar;C:\Users\alvar\.m2\repository\org\yaml\snakeyaml\2.4\snakeyaml-2.4.jar;C:\Users\alvar\.m2\repository\org\springframework\boot\spring-boot-starter-json\3.5.7\spring-boot-starter-json-3.5.7.jar;C:\Users\alvar\.m2\repository\com\fasterxml\jackson\datatype\jackson-datatype-jdk8\2.19.2\jackson-datatype-jdk8-2.19.2.jar;C:\Users\alvar\.m2\repository\com\fasterxml\jackson\datatype\jackson-datatype-jsr310\2.19.2\jackson-datatype-jsr310-2.19.2.jar;C:\Users\alvar\.m2\repository\com\fasterxml\jackson\module\jackson-module-parameter-names\2.19.2\jackson-module-parameter-names-2.19.2.jar;C:\Users\alvar\.m2\repository\org\springframework\boot\spring-boot-starter-tomcat\3.5.7\spring-boot-starter-tomcat-3.5.7.jar;C:\Users\alvar\.m2\repository\org\apache\tomcat\embed\tomcat-embed-core\10.1.48\tomcat-embed-core-10.1.48.jar;C:\
Launcher Type: SUN_STANDARD

[Global flags]
     intx CICompilerCount                          = 4                                         {product} {ergonomic}
     uint ConcGCThreads                            = 2                                         {product} {ergonomic}
     uint G1ConcRefinementThreads                  = 8                                         {product} {ergonomic}
   size_t G1HeapRegionSize                         = 1048576                                   {product} {ergonomic}
    uintx GCDrainStackTargetSize                   = 64                                        {product} {ergonomic}
   size_t InitialHeapSize                          = 100663296                                 {product} {ergonomic}
   size_t MarkStackSize                            = 4194304                                   {product} {ergonomic}
   size_t MaxHeapSize                              = 1598029824                                {product} {ergonomic}
   size_t MaxNewSize                               = 958398464                                 {product} {ergonomic}
   size_t MinHeapDeltaBytes                        = 1048576                                   {product} {ergonomic}
   size_t MinHeapSize                              = 8388608                                   {product} {ergonomic}
    uintx NonProfiledCodeHeapSize                  = 0                                      {pd product} {ergonomic}
     bool ProfileInterpreter                       = false                                  {pd product} {command line}
    uintx ProfiledCodeHeapSize                     = 0                                      {pd product} {ergonomic}
   size_t SoftMaxHeapSize                          = 1598029824                             {manageable} {ergonomic}
     intx TieredStopAtLevel                        = 1                                         {product} {command line}
     bool UseCompressedClassPointers               = true                           {product lp64_product} {ergonomic}
     bool UseCompressedOops                        = true                           {product lp64_product} {ergonomic}
     bool UseG1GC                                  = true                                      {product} {ergonomic}
     bool UseLargePagesIndividualAllocation        = false                                  {pd product} {ergonomic}

Logging:
Log output configuration:
 #0: stdout all=warning uptime,level,tags
 #1: stderr all=off uptime,level,tags

Environment Variables:
JAVA_HOME=C:\Program Files\Eclipse Adoptium\jdk-17.0.18.8-hotspot\
PATH=C:\app\alvar\product\26ai\dbhomeFree\bin;C:\Program Files\Eclipse Adoptium\jdk-17.0.18.8-hotspot\bin;C:\Python314\Scripts\;C:\Python314\;C:\Program Files\Eclipse Adoptium\jdk-21.0.9.10-hotspot\bin;C:\Program Files\Eclipse Adoptium\jdk-25.0.0.36-hotspot\bin;C:\WINDOWS\system32;C:\WINDOWS;C:\WINDOWS\System32\Wbem;C:\WINDOWS\System32\WindowsPowerShell\v1.0\;C:\WINDOWS\System32\OpenSSH\;C:\ProgramData\chocolatey\bin;C:\Program Files\Microsoft VS Code\bin;C:\Program Files\Apache-maven\apache-maven-3.9.11\bin;C:\VXIPNP\WinNT\Bin;C:\Program Files\Git\cmd;C:\Program Files\nodejs\;C:\Users\alvar\AppData\Local\Programs\Python\Launcher\;C:\Users\alvar\AppData\Local\Microsoft\WindowsApps;C:\Users\alvar\AppData\Local\Programs\Microsoft VS Code\bin;C:\Users\alvar\AppData\Local\GitHubDesktop\bin;C:\Program Files\JetBrains\IntelliJ IDEA 2025.2.3\bin;C:\Program Files\maven-mvnd-1.0.3-windows-amd64\bin;C:\Users\alvar\AppData\Roaming\npm
USERNAME=alvar
OS=Windows_NT
PROCESSOR_IDENTIFIER=AMD64 Family 23 Model 24 Stepping 1, AuthenticAMD
TMP=C:\Users\alvar\AppData\Local\Temp
TEMP=C:\Users\alvar\AppData\Local\Temp



Periodic native trim disabled


---------------  S Y S T E M  ---------------

OS:
 Windows 11 , 64 bit Build 26100 (10.0.26100.8875)
OS uptime: 0 days 22:58 hours

CPU: total 8 (initial active 8) (8 cores per cpu, 2 threads per core) family 23 model 24 stepping 1 microcode 0x8108109, cx8, cmov, fxsr, ht, mmx, 3dnowpref, sse, sse2, sse3, ssse3, sse4a, sse4.1, sse4.2, popcnt, lzcnt, tsc, tscinvbit, avx, avx2, aes, clmul, bmi1, bmi2, adx, sha, fma, vzeroupper, clflush, clflushopt
Processor Information for the first 8 processors :
  Max Mhz: 2100, Current Mhz: 2100, Mhz Limit: 2100

Memory: 4k page, system-wide physical 6090M (275M free)
TotalPageFile size 24522M (AvailPageFile size 38M)
current process WorkingSet (physical memory assigned to process): 428M, peak: 432M
current process commit charge ("private bytes"): 493M, peak: 742M

vm_info: OpenJDK 64-Bit Server VM (17.0.19+10-LTS) for windows-amd64 JRE (17.0.19+10-LTS), built on Apr 18 2026 18:24:40 by "MicrosoftCorporation" with MS VC++ 17.14 (VS2022)

END.
