#
# There is insufficient memory for the Java Runtime Environment to continue.
# Native memory allocation (mmap) failed to map 450887680 bytes. Error detail: G1 virtual space
# Possible reasons:
#   The system is out of physical RAM or swap space
#   This process is running with CompressedOops enabled, and the Java Heap may be blocking the growth of the native heap
# Possible solutions:
#   Reduce memory load on the system
#   Increase physical memory or swap space
#   Check if swap backing store is full
#   Decrease Java heap size (-Xmx/-Xms)
#   Decrease number of Java threads
#   Decrease Java thread stack sizes (-Xss)
#   Set larger code cache with -XX:ReservedCodeCacheSize=
#   JVM is running with Unscaled Compressed Oops mode in which the Java heap is
#     placed in the first 4GB address space. The Java Heap base address is the
#     maximum limit for the native heap growth. Please use -XX:HeapBaseMinAddress
#     to set the Java Heap base and to place the Java Heap above 4GB virtual address.
# This output file may be truncated or incomplete.
#
#  Out of Memory Error (os_windows.cpp:3690), pid=1396, tid=15412
#
# JRE version: OpenJDK Runtime Environment Microsoft-13877129 (17.0.19+10) (build 17.0.19+10-LTS)
# Java VM: OpenJDK 64-Bit Server VM Microsoft-13877129 (17.0.19+10-LTS, mixed mode, emulated-client, sharing, tiered, compressed oops, compressed class ptrs, g1 gc, windows-amd64)
# No core dump will be written. Minidumps are not enabled by default on client versions of Windows
#

---------------  S U M M A R Y ------------

Command Line: -XX:TieredStopAtLevel=1 -Dspring.output.ansi.enabled=always -javaagent:C:\Program Files\JetBrains\IntelliJ IDEA 2025.2.3\lib\idea_rt.jar=60845 -Dfile.encoding=UTF-8 com.Control.Inventario.InventarioApplication

Host: AMD Ryzen 5 3500U with Radeon Vega Mobile Gfx  , 8 cores, 5G,  Windows 11 , 64 bit Build 26100 (10.0.26100.8875)
Time: Wed Jul 29 10:24:57 2026 Hora estándar de Argentina elapsed time: 14.689246 seconds (0d 0h 0m 14s)

---------------  T H R E A D  ---------------

Current thread (0x000001dbba8e9520):  VMThread "VM Thread" [stack: 0x0000006fdc000000,0x0000006fdc100000] [id=15412]

Stack: [0x0000006fdc000000,0x0000006fdc100000]
Native frames: (J=compiled Java code, j=interpreted, Vv=VM code, C=native code)
V  [jvm.dll+0x68cc89]  (no source info available)
V  [jvm.dll+0x845d89]  (no source info available)
V  [jvm.dll+0x847af8]  (no source info available)
V  [jvm.dll+0x848183]  (no source info available)
V  [jvm.dll+0x24d0bf]  (no source info available)
V  [jvm.dll+0x68c089]  (no source info available)
V  [jvm.dll+0x68064a]  (no source info available)
V  [jvm.dll+0x3102f0]  (no source info available)
V  [jvm.dll+0x310192]  (no source info available)
V  [jvm.dll+0x317709]  (no source info available)
V  [jvm.dll+0x369b09]  (no source info available)
V  [jvm.dll+0x369d3d]  (no source info available)
V  [jvm.dll+0x2e6afa]  (no source info available)
V  [jvm.dll+0x2e4ef1]  (no source info available)
V  [jvm.dll+0x2e468c]  (no source info available)
V  [jvm.dll+0x32903b]  (no source info available)
V  [jvm.dll+0x84ca0d]  (no source info available)
V  [jvm.dll+0x84d723]  (no source info available)
V  [jvm.dll+0x84dc54]  (no source info available)
V  [jvm.dll+0x84e038]  (no source info available)
V  [jvm.dll+0x84e12e]  (no source info available)
V  [jvm.dll+0x7f62cc]  (no source info available)
V  [jvm.dll+0x68e227]  (no source info available)
C  [ucrtbase.dll+0x2cd30]  (no source info available)
C  [KERNEL32.DLL+0x2e957]  (no source info available)
C  [ntdll.dll+0xaad6c]  (no source info available)

VM_Operation (0x0000006fdbaf5db0): G1CollectForAllocation, mode: safepoint, requested by thread 0x000001dba9a11930


---------------  P R O C E S S  ---------------

Threads class SMR info:
_java_thread_list=0x000001db816fb5f0, length=18, elements={
0x000001dba9a11930, 0x000001dbba8ee980, 0x000001dbba8ef450, 0x000001dbba9059c0,
0x000001dbba906290, 0x000001dbba90cb90, 0x000001dbba90d460, 0x000001dbba911870,
0x000001dbba912180, 0x000001dbba8d9d40, 0x000001dbbab45ca0, 0x000001db80135570,
0x000001db80133cc0, 0x000001db811dd420, 0x000001db803a3020, 0x000001db82265830,
0x000001db822bf040, 0x000001db815db310
}

Java Threads: ( => current thread )
  0x000001dba9a11930 JavaThread "main" [_thread_blocked, id=20620, stack(0x0000006fdba00000,0x0000006fdbb00000)]
  0x000001dbba8ee980 JavaThread "Reference Handler" daemon [_thread_blocked, id=7016, stack(0x0000006fdc100000,0x0000006fdc200000)]
  0x000001dbba8ef450 JavaThread "Finalizer" daemon [_thread_blocked, id=3720, stack(0x0000006fdc200000,0x0000006fdc300000)]
  0x000001dbba9059c0 JavaThread "Signal Dispatcher" daemon [_thread_blocked, id=20420, stack(0x0000006fdc300000,0x0000006fdc400000)]
  0x000001dbba906290 JavaThread "Attach Listener" daemon [_thread_blocked, id=14004, stack(0x0000006fdc400000,0x0000006fdc500000)]
  0x000001dbba90cb90 JavaThread "Service Thread" daemon [_thread_blocked, id=10012, stack(0x0000006fdc500000,0x0000006fdc600000)]
  0x000001dbba90d460 JavaThread "Monitor Deflation Thread" daemon [_thread_blocked, id=13896, stack(0x0000006fdc600000,0x0000006fdc700000)]
  0x000001dbba911870 JavaThread "C1 CompilerThread0" daemon [_thread_blocked, id=12988, stack(0x0000006fdc700000,0x0000006fdc800000)]
  0x000001dbba912180 JavaThread "Sweeper thread" daemon [_thread_blocked, id=5024, stack(0x0000006fdc800000,0x0000006fdc900000)]
  0x000001dbba8d9d40 JavaThread "Common-Cleaner" daemon [_thread_blocked, id=20752, stack(0x0000006fdc900000,0x0000006fdca00000)]
  0x000001dbbab45ca0 JavaThread "C1 CompilerThread1" daemon [_thread_blocked, id=18948, stack(0x0000006fdca00000,0x0000006fdcb00000)]
  0x000001db80135570 JavaThread "Monitor Ctrl-Break" daemon [_thread_in_native, id=14340, stack(0x0000006fdcb00000,0x0000006fdcc00000)]
  0x000001db80133cc0 JavaThread "Notification Thread" daemon [_thread_blocked, id=24236, stack(0x0000006fdcc00000,0x0000006fdcd00000)]
  0x000001db811dd420 JavaThread "mysql-cj-abandoned-connection-cleanup" daemon [_thread_blocked, id=17144, stack(0x0000006fdd600000,0x0000006fdd700000)]
  0x000001db803a3020 JavaThread "HikariPool-1:housekeeper" daemon [_thread_blocked, id=24528, stack(0x0000006fdd800000,0x0000006fdd900000)]
  0x000001db82265830 JavaThread "Catalina-utility-1" [_thread_blocked, id=5192, stack(0x0000006fdda00000,0x0000006fddb00000)]
  0x000001db822bf040 JavaThread "Catalina-utility-2" [_thread_blocked, id=18540, stack(0x0000006fddb00000,0x0000006fddc00000)]
  0x000001db815db310 JavaThread "container-0" [_thread_blocked, id=23224, stack(0x0000006fddc00000,0x0000006fddd00000)]

Other Threads:
=>0x000001dbba8e9520 VMThread "VM Thread" [stack: 0x0000006fdc000000,0x0000006fdc100000] [id=15412]
  0x000001dbbae34350 WatcherThread [stack: 0x0000006fdcd00000,0x0000006fdce00000] [id=10284]
  0x000001dba9a60040 GCTaskThread "GC Thread#0" [stack: 0x0000006fdbb00000,0x0000006fdbc00000] [id=22584]
  0x000001db80444b90 GCTaskThread "GC Thread#1" [stack: 0x0000006fdce00000,0x0000006fdcf00000] [id=2388]
  0x000001db80446430 GCTaskThread "GC Thread#2" [stack: 0x0000006fdcf00000,0x0000006fdd000000] [id=4228]
  0x000001db80564790 GCTaskThread "GC Thread#3" [stack: 0x0000006fdd000000,0x0000006fdd100000] [id=20784]
  0x000001db80564a60 GCTaskThread "GC Thread#4" [stack: 0x0000006fdd100000,0x0000006fdd200000] [id=20228]
  0x000001db807a60f0 GCTaskThread "GC Thread#5" [stack: 0x0000006fdd300000,0x0000006fdd400000] [id=18680]
  0x000001db807a63c0 GCTaskThread "GC Thread#6" [stack: 0x0000006fdd400000,0x0000006fdd500000] [id=3044]
  0x000001db807a6960 GCTaskThread "GC Thread#7" [stack: 0x0000006fdd500000,0x0000006fdd600000] [id=21000]
  0x000001dba9a6ac10 ConcurrentGCThread "G1 Main Marker" [stack: 0x0000006fdbc00000,0x0000006fdbd00000] [id=22752]
  0x000001dba769ddf0 ConcurrentGCThread "G1 Conc#0" [stack: 0x0000006fdbd00000,0x0000006fdbe00000] [id=5468]
  0x000001db807a55b0 ConcurrentGCThread "G1 Conc#1" [stack: 0x0000006fdd200000,0x0000006fdd300000] [id=21400]
  0x000001dba9aad7e0 ConcurrentGCThread "G1 Refine#0" [stack: 0x0000006fdbe00000,0x0000006fdbf00000] [id=4336]
  0x000001db824ebf70 ConcurrentGCThread "G1 Refine#1" [stack: 0x0000006fddd00000,0x0000006fdde00000] [id=11564]
  0x000001db80ac0260 ConcurrentGCThread "G1 Refine#2" [stack: 0x0000006fdde00000,0x0000006fddf00000] [id=1976]
  0x000001db823c0440 ConcurrentGCThread "G1 Refine#3" [stack: 0x0000006fddf00000,0x0000006fde000000] [id=13132]
  0x000001dbba79d2e0 ConcurrentGCThread "G1 Service" [stack: 0x0000006fdbf00000,0x0000006fdc000000] [id=6892]

Threads with active compile tasks:

VM state: at safepoint (normal execution)

VM Mutex/Monitor currently owned by a thread:  ([mutex/lock_event])
[0x000001dba75f2640] Threads_lock - owner thread: 0x000001dbba8e9520
[0x000001dba9a0f980] Heap_lock - owner thread: 0x000001dba9a11930

Heap address: 0x00000000a0c00000, size: 1524 MB, Compressed Oops mode: 32-bit

CDS archive(s) mapped at: [0x000001dbbb000000-0x000001dbbbbb0000-0x000001dbbbbb0000), size 12255232, SharedBaseAddress: 0x000001dbbb000000, ArchiveRelocationMode: 1.
Compressed class space mapped at: 0x000001dbbc000000-0x000001dbfc000000, reserved size: 1073741824
Narrow klass base: 0x000001dbbb000000, Narrow klass shift: 0, Narrow klass range: 0x100000000

GC Precious Log:
 CPUs: 8 total, 8 available
 Memory: 6090M
 Large Page Support: Disabled
 NUMA Support: Disabled
 Compressed Oops: Enabled (32-bit)
 Heap Region Size: 1M
 Heap Min Capacity: 8M
 Heap Initial Capacity: 96M
 Heap Max Capacity: 1524M
 Pre-touch: Disabled
 Parallel Workers: 8
 Concurrent Workers: 2
 Concurrent Refinement Workers: 8
 Periodic GC: Disabled

Heap:
 garbage-first heap   total 220160K, used 104413K [0x00000000a0c00000, 0x0000000100000000)
  region size 1024K, 2 young (2048K), 2 survivors (2048K)
 Metaspace       used 66876K, committed 67456K, reserved 1114112K
  class space    used 10033K, committed 10304K, reserved 1048576K

Heap Regions: E=young(eden), S=young(survivor), O=old, HS=humongous(starts), HC=humongous(continues), CS=collection set, F=free, OA=open archive, CA=closed archive, TAMS=top-at-mark-start (previous, next)
|   0|0x00000000a0c00000, 0x00000000a0d00000, 0x00000000a0d00000|100%|HS|  |TAMS 0x00000000a0d00000, 0x00000000a0c00000| Complete 
|   1|0x00000000a0d00000, 0x00000000a0e00000, 0x00000000a0e00000|100%|HS|  |TAMS 0x00000000a0e00000, 0x00000000a0d00000| Complete 
|   2|0x00000000a0e00000, 0x00000000a0f00000, 0x00000000a0f00000|100%| O|  |TAMS 0x00000000a0f00000, 0x00000000a0e00000| Untracked 
|   3|0x00000000a0f00000, 0x00000000a1000000, 0x00000000a1000000|100%| O|  |TAMS 0x00000000a1000000, 0x00000000a0f00000| Untracked 
|   4|0x00000000a1000000, 0x00000000a1100000, 0x00000000a1100000|100%| O|  |TAMS 0x00000000a1100000, 0x00000000a1000000| Untracked 
|   5|0x00000000a1100000, 0x00000000a1200000, 0x00000000a1200000|100%| O|  |TAMS 0x00000000a1200000, 0x00000000a1100000| Untracked 
|   6|0x00000000a1200000, 0x00000000a1300000, 0x00000000a1300000|100%| O|  |TAMS 0x00000000a1300000, 0x00000000a1200000| Untracked 
|   7|0x00000000a1300000, 0x00000000a1400000, 0x00000000a1400000|100%| O|  |TAMS 0x00000000a1400000, 0x00000000a1300000| Untracked 
|   8|0x00000000a1400000, 0x00000000a1500000, 0x00000000a1500000|100%| O|  |TAMS 0x00000000a1500000, 0x00000000a1400000| Untracked 
|   9|0x00000000a1500000, 0x00000000a1600000, 0x00000000a1600000|100%| O|  |TAMS 0x00000000a1600000, 0x00000000a1500000| Untracked 
|  10|0x00000000a1600000, 0x00000000a1700000, 0x00000000a1700000|100%| O|  |TAMS 0x00000000a1700000, 0x00000000a1600000| Untracked 
|  11|0x00000000a1700000, 0x00000000a1800000, 0x00000000a1800000|100%| O|  |TAMS 0x00000000a1800000, 0x00000000a1700000| Untracked 
|  12|0x00000000a1800000, 0x00000000a1900000, 0x00000000a1900000|100%| O|  |TAMS 0x00000000a1900000, 0x00000000a1800000| Untracked 
|  13|0x00000000a1900000, 0x00000000a1a00000, 0x00000000a1a00000|100%| O|  |TAMS 0x00000000a1a00000, 0x00000000a1900000| Untracked 
|  14|0x00000000a1a00000, 0x00000000a1b00000, 0x00000000a1b00000|100%| O|  |TAMS 0x00000000a1b00000, 0x00000000a1a00000| Untracked 
|  15|0x00000000a1b00000, 0x00000000a1c00000, 0x00000000a1c00000|100%| O|  |TAMS 0x00000000a1c00000, 0x00000000a1b00000| Untracked 
|  16|0x00000000a1c00000, 0x00000000a1d00000, 0x00000000a1d00000|100%| O|  |TAMS 0x00000000a1d00000, 0x00000000a1c00000| Untracked 
|  17|0x00000000a1d00000, 0x00000000a1e00000, 0x00000000a1e00000|100%| O|  |TAMS 0x00000000a1e00000, 0x00000000a1d00000| Untracked 
|  18|0x00000000a1e00000, 0x00000000a1f00000, 0x00000000a1f00000|100%| O|  |TAMS 0x00000000a1f00000, 0x00000000a1e00000| Untracked 
|  19|0x00000000a1f00000, 0x00000000a2000000, 0x00000000a2000000|100%| O|  |TAMS 0x00000000a2000000, 0x00000000a1f00000| Untracked 
|  20|0x00000000a2000000, 0x00000000a2100000, 0x00000000a2100000|100%| O|  |TAMS 0x00000000a2100000, 0x00000000a2000000| Untracked 
|  21|0x00000000a2100000, 0x00000000a2200000, 0x00000000a2200000|100%| O|  |TAMS 0x00000000a2200000, 0x00000000a2100000| Untracked 
|  22|0x00000000a2200000, 0x00000000a22c8400, 0x00000000a2300000| 78%| O|  |TAMS 0x00000000a22c8400, 0x00000000a2200000| Untracked 
|  23|0x00000000a2300000, 0x00000000a2400000, 0x00000000a2400000|100%| O|  |TAMS 0x00000000a2400000, 0x00000000a2300000| Untracked 
|  24|0x00000000a2400000, 0x00000000a2500000, 0x00000000a2500000|100%| O|  |TAMS 0x00000000a2500000, 0x00000000a2400000| Untracked 
|  25|0x00000000a2500000, 0x00000000a2600000, 0x00000000a2600000|100%| O|  |TAMS 0x00000000a2600000, 0x00000000a2500000| Untracked 
|  26|0x00000000a2600000, 0x00000000a2700000, 0x00000000a2700000|100%| O|  |TAMS 0x00000000a2700000, 0x00000000a2600000| Untracked 
|  27|0x00000000a2700000, 0x00000000a2800000, 0x00000000a2800000|100%| O|  |TAMS 0x00000000a2800000, 0x00000000a2700000| Untracked 
|  28|0x00000000a2800000, 0x00000000a2900000, 0x00000000a2900000|100%| O|  |TAMS 0x00000000a2900000, 0x00000000a2800000| Untracked 
|  29|0x00000000a2900000, 0x00000000a2a00000, 0x00000000a2a00000|100%| O|  |TAMS 0x00000000a2a00000, 0x00000000a2900000| Untracked 
|  30|0x00000000a2a00000, 0x00000000a2b00000, 0x00000000a2b00000|100%| O|  |TAMS 0x00000000a2b00000, 0x00000000a2a00000| Untracked 
|  31|0x00000000a2b00000, 0x00000000a2c00000, 0x00000000a2c00000|100%| O|  |TAMS 0x00000000a2c00000, 0x00000000a2b00000| Untracked 
|  32|0x00000000a2c00000, 0x00000000a2d00000, 0x00000000a2d00000|100%| O|  |TAMS 0x00000000a2d00000, 0x00000000a2c00000| Untracked 
|  33|0x00000000a2d00000, 0x00000000a2e00000, 0x00000000a2e00000|100%| O|  |TAMS 0x00000000a2e00000, 0x00000000a2d00000| Untracked 
|  34|0x00000000a2e00000, 0x00000000a2f00000, 0x00000000a2f00000|100%| O|  |TAMS 0x00000000a2f00000, 0x00000000a2e00000| Untracked 
|  35|0x00000000a2f00000, 0x00000000a3000000, 0x00000000a3000000|100%| O|  |TAMS 0x00000000a3000000, 0x00000000a2f00000| Untracked 
|  36|0x00000000a3000000, 0x00000000a3100000, 0x00000000a3100000|100%|HS|  |TAMS 0x00000000a3100000, 0x00000000a3000000| Complete 
|  37|0x00000000a3100000, 0x00000000a3200000, 0x00000000a3200000|100%| O|  |TAMS 0x00000000a3200000, 0x00000000a3100000| Untracked 
|  38|0x00000000a3200000, 0x00000000a3300000, 0x00000000a3300000|100%| O|  |TAMS 0x00000000a3300000, 0x00000000a3200000| Untracked 
|  39|0x00000000a3300000, 0x00000000a3400000, 0x00000000a3400000|100%| O|  |TAMS 0x00000000a3300000, 0x00000000a3300000| Untracked 
|  40|0x00000000a3400000, 0x00000000a3500000, 0x00000000a3500000|100%| O|  |TAMS 0x00000000a3400000, 0x00000000a3400000| Untracked 
|  41|0x00000000a3500000, 0x00000000a3600000, 0x00000000a3600000|100%| O|  |TAMS 0x00000000a3500000, 0x00000000a3500000| Untracked 
|  42|0x00000000a3600000, 0x00000000a3700000, 0x00000000a3700000|100%| O|  |TAMS 0x00000000a3600000, 0x00000000a3600000| Untracked 
|  43|0x00000000a3700000, 0x00000000a3800000, 0x00000000a3800000|100%| O|  |TAMS 0x00000000a3700000, 0x00000000a3700000| Untracked 
|  44|0x00000000a3800000, 0x00000000a3900000, 0x00000000a3900000|100%| O|  |TAMS 0x00000000a3800000, 0x00000000a3800000| Untracked 
|  45|0x00000000a3900000, 0x00000000a3a00000, 0x00000000a3a00000|100%| O|  |TAMS 0x00000000a3900000, 0x00000000a3900000| Untracked 
|  46|0x00000000a3a00000, 0x00000000a3a2f200, 0x00000000a3b00000| 18%| O|  |TAMS 0x00000000a3a00000, 0x00000000a3a00000| Untracked 
|  47|0x00000000a3b00000, 0x00000000a3c00000, 0x00000000a3c00000|100%| O|  |TAMS 0x00000000a3b00000, 0x00000000a3b00000| Untracked 
|  48|0x00000000a3c00000, 0x00000000a3d00000, 0x00000000a3d00000|100%| O|  |TAMS 0x00000000a3c00000, 0x00000000a3c00000| Untracked 
|  49|0x00000000a3d00000, 0x00000000a3e00000, 0x00000000a3e00000|100%| O|  |TAMS 0x00000000a3d00000, 0x00000000a3d00000| Untracked 
|  50|0x00000000a3e00000, 0x00000000a3f00000, 0x00000000a3f00000|100%| O|  |TAMS 0x00000000a3e00000, 0x00000000a3e00000| Untracked 
|  51|0x00000000a3f00000, 0x00000000a4000000, 0x00000000a4000000|100%| O|  |TAMS 0x00000000a4000000, 0x00000000a3f00000| Untracked 
|  52|0x00000000a4000000, 0x00000000a4000000, 0x00000000a4100000|  0%| F|  |TAMS 0x00000000a4000000, 0x00000000a4000000| Untracked 
|  53|0x00000000a4100000, 0x00000000a4100000, 0x00000000a4200000|  0%| F|  |TAMS 0x00000000a4100000, 0x00000000a4100000| Untracked 
|  54|0x00000000a4200000, 0x00000000a4200000, 0x00000000a4300000|  0%| F|  |TAMS 0x00000000a4200000, 0x00000000a4200000| Untracked 
|  55|0x00000000a4300000, 0x00000000a4300000, 0x00000000a4400000|  0%| F|  |TAMS 0x00000000a4300000, 0x00000000a4300000| Untracked 
|  56|0x00000000a4400000, 0x00000000a4400000, 0x00000000a4500000|  0%| F|  |TAMS 0x00000000a4400000, 0x00000000a4400000| Untracked 
|  57|0x00000000a4500000, 0x00000000a4500000, 0x00000000a4600000|  0%| F|  |TAMS 0x00000000a4500000, 0x00000000a4500000| Untracked 
|  58|0x00000000a4600000, 0x00000000a4600000, 0x00000000a4700000|  0%| F|  |TAMS 0x00000000a4600000, 0x00000000a4600000| Untracked 
|  59|0x00000000a4700000, 0x00000000a4700000, 0x00000000a4800000|  0%| F|  |TAMS 0x00000000a4700000, 0x00000000a4700000| Untracked 
|  60|0x00000000a4800000, 0x00000000a4800000, 0x00000000a4900000|  0%| F|  |TAMS 0x00000000a4800000, 0x00000000a4800000| Untracked 
|  61|0x00000000a4900000, 0x00000000a4900000, 0x00000000a4a00000|  0%| F|  |TAMS 0x00000000a4900000, 0x00000000a4900000| Untracked 
|  62|0x00000000a4a00000, 0x00000000a4a00000, 0x00000000a4b00000|  0%| F|  |TAMS 0x00000000a4a00000, 0x00000000a4a00000| Untracked 
|  63|0x00000000a4b00000, 0x00000000a4b00000, 0x00000000a4c00000|  0%| F|  |TAMS 0x00000000a4b00000, 0x00000000a4b00000| Untracked 
|  64|0x00000000a4c00000, 0x00000000a4d00000, 0x00000000a4d00000|100%| O|  |TAMS 0x00000000a4d00000, 0x00000000a4c00000| Untracked 
|  65|0x00000000a4d00000, 0x00000000a4e00000, 0x00000000a4e00000|100%| O|  |TAMS 0x00000000a4d00000, 0x00000000a4d00000| Untracked 
|  66|0x00000000a4e00000, 0x00000000a4e00000, 0x00000000a4f00000|  0%| F|  |TAMS 0x00000000a4e00000, 0x00000000a4e00000| Untracked 
|  67|0x00000000a4f00000, 0x00000000a5000000, 0x00000000a5000000|100%| O|  |TAMS 0x00000000a5000000, 0x00000000a4f00000| Untracked 
|  68|0x00000000a5000000, 0x00000000a5000000, 0x00000000a5100000|  0%| F|  |TAMS 0x00000000a5000000, 0x00000000a5000000| Untracked 
|  69|0x00000000a5100000, 0x00000000a5100000, 0x00000000a5200000|  0%| F|  |TAMS 0x00000000a5100000, 0x00000000a5100000| Untracked 
|  70|0x00000000a5200000, 0x00000000a5200000, 0x00000000a5300000|  0%| F|  |TAMS 0x00000000a5200000, 0x00000000a5200000| Untracked 
|  71|0x00000000a5300000, 0x00000000a5300000, 0x00000000a5400000|  0%| F|  |TAMS 0x00000000a5300000, 0x00000000a5300000| Untracked 
|  72|0x00000000a5400000, 0x00000000a5500000, 0x00000000a5500000|100%| O|  |TAMS 0x00000000a5400000, 0x00000000a5400000| Untracked 
|  73|0x00000000a5500000, 0x00000000a5600000, 0x00000000a5600000|100%| O|  |TAMS 0x00000000a5500000, 0x00000000a5500000| Untracked 
|  74|0x00000000a5600000, 0x00000000a5700000, 0x00000000a5700000|100%| O|  |TAMS 0x00000000a5700000, 0x00000000a5600000| Untracked 
|  75|0x00000000a5700000, 0x00000000a5800000, 0x00000000a5800000|100%| O|  |TAMS 0x00000000a5800000, 0x00000000a5700000| Untracked 
|  76|0x00000000a5800000, 0x00000000a5900000, 0x00000000a5900000|100%| O|  |TAMS 0x00000000a5900000, 0x00000000a5800000| Untracked 
|  77|0x00000000a5900000, 0x00000000a5a00000, 0x00000000a5a00000|100%| O|  |TAMS 0x00000000a5a00000, 0x00000000a5900000| Untracked 
|  78|0x00000000a5a00000, 0x00000000a5b00000, 0x00000000a5b00000|100%| O|  |TAMS 0x00000000a5b00000, 0x00000000a5a00000| Untracked 
|  79|0x00000000a5b00000, 0x00000000a5c00000, 0x00000000a5c00000|100%| O|  |TAMS 0x00000000a5c00000, 0x00000000a5b00000| Untracked 
|  80|0x00000000a5c00000, 0x00000000a5d00000, 0x00000000a5d00000|100%| O|  |TAMS 0x00000000a5d00000, 0x00000000a5c00000| Untracked 
|  81|0x00000000a5d00000, 0x00000000a5e00000, 0x00000000a5e00000|100%| O|  |TAMS 0x00000000a5e00000, 0x00000000a5d00000| Untracked 
|  82|0x00000000a5e00000, 0x00000000a5f00000, 0x00000000a5f00000|100%| O|  |TAMS 0x00000000a5f00000, 0x00000000a5e00000| Untracked 
|  83|0x00000000a5f00000, 0x00000000a6000000, 0x00000000a6000000|100%| O|  |TAMS 0x00000000a6000000, 0x00000000a5f00000| Untracked 
|  84|0x00000000a6000000, 0x00000000a6100000, 0x00000000a6100000|100%| O|  |TAMS 0x00000000a6100000, 0x00000000a6000000| Untracked 
|  85|0x00000000a6100000, 0x00000000a6200000, 0x00000000a6200000|100%| O|  |TAMS 0x00000000a6200000, 0x00000000a6100000| Untracked 
|  86|0x00000000a6200000, 0x00000000a6300000, 0x00000000a6300000|100%| O|  |TAMS 0x00000000a6300000, 0x00000000a6200000| Untracked 
|  87|0x00000000a6300000, 0x00000000a6400000, 0x00000000a6400000|100%| O|  |TAMS 0x00000000a6400000, 0x00000000a6300000| Untracked 
|  88|0x00000000a6400000, 0x00000000a6500000, 0x00000000a6500000|100%| O|  |TAMS 0x00000000a6500000, 0x00000000a6400000| Untracked 
|  89|0x00000000a6500000, 0x00000000a6600000, 0x00000000a6600000|100%| O|  |TAMS 0x00000000a6600000, 0x00000000a6500000| Untracked 
|  90|0x00000000a6600000, 0x00000000a6700000, 0x00000000a6700000|100%| O|  |TAMS 0x00000000a6700000, 0x00000000a6600000| Untracked 
|  91|0x00000000a6700000, 0x00000000a6800000, 0x00000000a6800000|100%| O|  |TAMS 0x00000000a6800000, 0x00000000a6700000| Untracked 
|  92|0x00000000a6800000, 0x00000000a6900000, 0x00000000a6900000|100%| O|  |TAMS 0x00000000a6900000, 0x00000000a6800000| Untracked 
|  93|0x00000000a6900000, 0x00000000a6a00000, 0x00000000a6a00000|100%| O|  |TAMS 0x00000000a6a00000, 0x00000000a6900000| Untracked 
|  94|0x00000000a6a00000, 0x00000000a6b00000, 0x00000000a6b00000|100%| O|  |TAMS 0x00000000a6b00000, 0x00000000a6a00000| Untracked 
|  95|0x00000000a6b00000, 0x00000000a6c00000, 0x00000000a6c00000|100%| O|  |TAMS 0x00000000a6c00000, 0x00000000a6b00000| Untracked 
|  96|0x00000000a6c00000, 0x00000000a6d00000, 0x00000000a6d00000|100%| O|  |TAMS 0x00000000a6d00000, 0x00000000a6c00000| Untracked 
|  97|0x00000000a6d00000, 0x00000000a6e00000, 0x00000000a6e00000|100%| O|  |TAMS 0x00000000a6e00000, 0x00000000a6d00000| Untracked 
|  98|0x00000000a6e00000, 0x00000000a6f00000, 0x00000000a6f00000|100%| O|  |TAMS 0x00000000a6f00000, 0x00000000a6e00000| Untracked 
|  99|0x00000000a6f00000, 0x00000000a7000000, 0x00000000a7000000|100%| O|  |TAMS 0x00000000a7000000, 0x00000000a6f00000| Untracked 
| 100|0x00000000a7000000, 0x00000000a7100000, 0x00000000a7100000|100%| O|  |TAMS 0x00000000a7100000, 0x00000000a7000000| Untracked 
| 101|0x00000000a7100000, 0x00000000a7100000, 0x00000000a7200000|  0%| F|  |TAMS 0x00000000a7100000, 0x00000000a7100000| Untracked 
| 102|0x00000000a7200000, 0x00000000a7300000, 0x00000000a7300000|100%| O|  |TAMS 0x00000000a7200000, 0x00000000a7200000| Untracked 
| 103|0x00000000a7300000, 0x00000000a7300000, 0x00000000a7400000|  0%| F|  |TAMS 0x00000000a7300000, 0x00000000a7300000| Untracked 
| 104|0x00000000a7400000, 0x00000000a7500000, 0x00000000a7500000|100%| O|  |TAMS 0x00000000a7400000, 0x00000000a7400000| Untracked 
| 105|0x00000000a7500000, 0x00000000a7600000, 0x00000000a7600000|100%| O|  |TAMS 0x00000000a7600000, 0x00000000a7500000| Untracked 
| 106|0x00000000a7600000, 0x00000000a7600000, 0x00000000a7700000|  0%| F|  |TAMS 0x00000000a7600000, 0x00000000a7600000| Untracked 
| 107|0x00000000a7700000, 0x00000000a7800000, 0x00000000a7800000|100%| O|  |TAMS 0x00000000a7800000, 0x00000000a7700000| Untracked 
| 108|0x00000000a7800000, 0x00000000a7900000, 0x00000000a7900000|100%| O|  |TAMS 0x00000000a7800000, 0x00000000a7800000| Untracked 
| 109|0x00000000a7900000, 0x00000000a7a00000, 0x00000000a7a00000|100%| O|  |TAMS 0x00000000a7900000, 0x00000000a7900000| Untracked 
| 110|0x00000000a7a00000, 0x00000000a7b00000, 0x00000000a7b00000|100%| O|  |TAMS 0x00000000a7a00000, 0x00000000a7a00000| Untracked 
| 111|0x00000000a7b00000, 0x00000000a7c00000, 0x00000000a7c00000|100%|HS|  |TAMS 0x00000000a7b00000, 0x00000000a7b00000| Complete 
| 112|0x00000000a7c00000, 0x00000000a7d00000, 0x00000000a7d00000|100%|HC|  |TAMS 0x00000000a7c00000, 0x00000000a7c00000| Complete 
| 113|0x00000000a7d00000, 0x00000000a7e00000, 0x00000000a7e00000|100%| O|  |TAMS 0x00000000a7d00000, 0x00000000a7d00000| Untracked 
| 114|0x00000000a7e00000, 0x00000000a7f00000, 0x00000000a7f00000|100%| O|  |TAMS 0x00000000a7e00000, 0x00000000a7e00000| Untracked 
| 115|0x00000000a7f00000, 0x00000000a8000000, 0x00000000a8000000|100%| O|  |TAMS 0x00000000a7f00000, 0x00000000a7f00000| Untracked 
| 116|0x00000000a8000000, 0x00000000a8100000, 0x00000000a8100000|100%| O|  |TAMS 0x00000000a8000000, 0x00000000a8000000| Untracked 
| 117|0x00000000a8100000, 0x00000000a8200000, 0x00000000a8200000|100%| O|  |TAMS 0x00000000a8100000, 0x00000000a8100000| Untracked 
| 118|0x00000000a8200000, 0x00000000a8300000, 0x00000000a8300000|100%| O|  |TAMS 0x00000000a8200000, 0x00000000a8200000| Untracked 
| 119|0x00000000a8300000, 0x00000000a8400000, 0x00000000a8400000|100%| O|  |TAMS 0x00000000a8300000, 0x00000000a8300000| Untracked 
| 120|0x00000000a8400000, 0x00000000a8500000, 0x00000000a8500000|100%| O|  |TAMS 0x00000000a8400000, 0x00000000a8400000| Untracked 
| 121|0x00000000a8500000, 0x00000000a8500000, 0x00000000a8600000|  0%| F|  |TAMS 0x00000000a8500000, 0x00000000a8500000| Untracked 
| 122|0x00000000a8600000, 0x00000000a8600000, 0x00000000a8700000|  0%| F|  |TAMS 0x00000000a8600000, 0x00000000a8600000| Untracked 
| 123|0x00000000a8700000, 0x00000000a8700000, 0x00000000a8800000|  0%| F|  |TAMS 0x00000000a8700000, 0x00000000a8700000| Untracked 
| 124|0x00000000a8800000, 0x00000000a8800000, 0x00000000a8900000|  0%| F|  |TAMS 0x00000000a8800000, 0x00000000a8800000| Untracked 
| 125|0x00000000a8900000, 0x00000000a8900000, 0x00000000a8a00000|  0%| F|  |TAMS 0x00000000a8900000, 0x00000000a8900000| Untracked 
| 126|0x00000000a8a00000, 0x00000000a8a00000, 0x00000000a8b00000|  0%| F|  |TAMS 0x00000000a8a00000, 0x00000000a8a00000| Untracked 
| 127|0x00000000a8b00000, 0x00000000a8b00000, 0x00000000a8c00000|  0%| F|  |TAMS 0x00000000a8b00000, 0x00000000a8b00000| Untracked 
| 128|0x00000000a8c00000, 0x00000000a8c00000, 0x00000000a8d00000|  0%| F|  |TAMS 0x00000000a8c00000, 0x00000000a8c00000| Untracked 
| 129|0x00000000a8d00000, 0x00000000a8d00000, 0x00000000a8e00000|  0%| F|  |TAMS 0x00000000a8d00000, 0x00000000a8d00000| Untracked 
| 130|0x00000000a8e00000, 0x00000000a8e00000, 0x00000000a8f00000|  0%| F|  |TAMS 0x00000000a8e00000, 0x00000000a8e00000| Untracked 
| 131|0x00000000a8f00000, 0x00000000a8f00000, 0x00000000a9000000|  0%| F|  |TAMS 0x00000000a8f00000, 0x00000000a8f00000| Untracked 
| 132|0x00000000a9000000, 0x00000000a9000000, 0x00000000a9100000|  0%| F|  |TAMS 0x00000000a9000000, 0x00000000a9000000| Untracked 
| 133|0x00000000a9100000, 0x00000000a9100000, 0x00000000a9200000|  0%| F|  |TAMS 0x00000000a9100000, 0x00000000a9100000| Untracked 
| 134|0x00000000a9200000, 0x00000000a9200000, 0x00000000a9300000|  0%| F|  |TAMS 0x00000000a9200000, 0x00000000a9200000| Untracked 
| 135|0x00000000a9300000, 0x00000000a9300000, 0x00000000a9400000|  0%| F|  |TAMS 0x00000000a9300000, 0x00000000a9300000| Untracked 
| 136|0x00000000a9400000, 0x00000000a9400000, 0x00000000a9500000|  0%| F|  |TAMS 0x00000000a9400000, 0x00000000a9400000| Untracked 
| 137|0x00000000a9500000, 0x00000000a9500000, 0x00000000a9600000|  0%| F|  |TAMS 0x00000000a9500000, 0x00000000a9500000| Untracked 
| 138|0x00000000a9600000, 0x00000000a9600000, 0x00000000a9700000|  0%| F|  |TAMS 0x00000000a9600000, 0x00000000a9600000| Untracked 
| 139|0x00000000a9700000, 0x00000000a9700000, 0x00000000a9800000|  0%| F|  |TAMS 0x00000000a9700000, 0x00000000a9700000| Untracked 
| 140|0x00000000a9800000, 0x00000000a9800000, 0x00000000a9900000|  0%| F|  |TAMS 0x00000000a9800000, 0x00000000a9800000| Untracked 
| 141|0x00000000a9900000, 0x00000000a9900000, 0x00000000a9a00000|  0%| F|  |TAMS 0x00000000a9900000, 0x00000000a9900000| Untracked 
| 142|0x00000000a9a00000, 0x00000000a9a00000, 0x00000000a9b00000|  0%| F|  |TAMS 0x00000000a9a00000, 0x00000000a9a00000| Untracked 
| 143|0x00000000a9b00000, 0x00000000a9b00000, 0x00000000a9c00000|  0%| F|  |TAMS 0x00000000a9b00000, 0x00000000a9b00000| Untracked 
| 144|0x00000000a9c00000, 0x00000000a9c00000, 0x00000000a9d00000|  0%| F|  |TAMS 0x00000000a9c00000, 0x00000000a9c00000| Untracked 
| 145|0x00000000a9d00000, 0x00000000a9d00000, 0x00000000a9e00000|  0%| F|  |TAMS 0x00000000a9d00000, 0x00000000a9d00000| Untracked 
| 146|0x00000000a9e00000, 0x00000000a9e00000, 0x00000000a9f00000|  0%| F|  |TAMS 0x00000000a9e00000, 0x00000000a9e00000| Untracked 
| 147|0x00000000a9f00000, 0x00000000a9f00000, 0x00000000aa000000|  0%| F|  |TAMS 0x00000000a9f00000, 0x00000000a9f00000| Untracked 
| 148|0x00000000aa000000, 0x00000000aa000000, 0x00000000aa100000|  0%| F|  |TAMS 0x00000000aa000000, 0x00000000aa000000| Untracked 
| 149|0x00000000aa100000, 0x00000000aa100000, 0x00000000aa200000|  0%| F|  |TAMS 0x00000000aa100000, 0x00000000aa100000| Untracked 
| 150|0x00000000aa200000, 0x00000000aa200000, 0x00000000aa300000|  0%| F|  |TAMS 0x00000000aa200000, 0x00000000aa200000| Untracked 
| 151|0x00000000aa300000, 0x00000000aa300000, 0x00000000aa400000|  0%| F|  |TAMS 0x00000000aa300000, 0x00000000aa300000| Untracked 
| 152|0x00000000aa400000, 0x00000000aa400000, 0x00000000aa500000|  0%| F|  |TAMS 0x00000000aa400000, 0x00000000aa400000| Untracked 
| 153|0x00000000aa500000, 0x00000000aa500000, 0x00000000aa600000|  0%| F|  |TAMS 0x00000000aa500000, 0x00000000aa500000| Untracked 
| 154|0x00000000aa600000, 0x00000000aa600000, 0x00000000aa700000|  0%| F|  |TAMS 0x00000000aa600000, 0x00000000aa600000| Untracked 
| 155|0x00000000aa700000, 0x00000000aa700000, 0x00000000aa800000|  0%| F|  |TAMS 0x00000000aa700000, 0x00000000aa700000| Untracked 
| 156|0x00000000aa800000, 0x00000000aa800000, 0x00000000aa900000|  0%| F|  |TAMS 0x00000000aa800000, 0x00000000aa800000| Untracked 
| 157|0x00000000aa900000, 0x00000000aa900000, 0x00000000aaa00000|  0%| F|  |TAMS 0x00000000aa900000, 0x00000000aa900000| Untracked 
| 158|0x00000000aaa00000, 0x00000000aaa00000, 0x00000000aab00000|  0%| F|  |TAMS 0x00000000aaa00000, 0x00000000aaa00000| Untracked 
| 159|0x00000000aab00000, 0x00000000aab00000, 0x00000000aac00000|  0%| F|  |TAMS 0x00000000aab00000, 0x00000000aab00000| Untracked 
| 160|0x00000000aac00000, 0x00000000aac00000, 0x00000000aad00000|  0%| F|  |TAMS 0x00000000aac00000, 0x00000000aac00000| Untracked 
| 161|0x00000000aad00000, 0x00000000aad00000, 0x00000000aae00000|  0%| F|  |TAMS 0x00000000aad00000, 0x00000000aad00000| Untracked 
| 162|0x00000000aae00000, 0x00000000aae00000, 0x00000000aaf00000|  0%| F|  |TAMS 0x00000000aae00000, 0x00000000aae00000| Untracked 
| 163|0x00000000aaf00000, 0x00000000aaf00000, 0x00000000ab000000|  0%| F|  |TAMS 0x00000000aaf00000, 0x00000000aaf00000| Untracked 
| 164|0x00000000ab000000, 0x00000000ab000000, 0x00000000ab100000|  0%| F|  |TAMS 0x00000000ab000000, 0x00000000ab000000| Untracked 
| 165|0x00000000ab100000, 0x00000000ab100000, 0x00000000ab200000|  0%| F|  |TAMS 0x00000000ab100000, 0x00000000ab100000| Untracked 
| 166|0x00000000ab200000, 0x00000000ab200000, 0x00000000ab300000|  0%| F|  |TAMS 0x00000000ab200000, 0x00000000ab200000| Untracked 
| 167|0x00000000ab300000, 0x00000000ab300000, 0x00000000ab400000|  0%| F|  |TAMS 0x00000000ab300000, 0x00000000ab300000| Untracked 
| 168|0x00000000ab400000, 0x00000000ab400000, 0x00000000ab500000|  0%| F|  |TAMS 0x00000000ab400000, 0x00000000ab400000| Untracked 
| 169|0x00000000ab500000, 0x00000000ab500000, 0x00000000ab600000|  0%| F|  |TAMS 0x00000000ab500000, 0x00000000ab500000| Untracked 
| 170|0x00000000ab600000, 0x00000000ab600000, 0x00000000ab700000|  0%| F|  |TAMS 0x00000000ab600000, 0x00000000ab600000| Untracked 
| 171|0x00000000ab700000, 0x00000000ab700000, 0x00000000ab800000|  0%| F|  |TAMS 0x00000000ab700000, 0x00000000ab700000| Untracked 
| 172|0x00000000ab800000, 0x00000000ab800000, 0x00000000ab900000|  0%| F|  |TAMS 0x00000000ab800000, 0x00000000ab800000| Untracked 
| 173|0x00000000ab900000, 0x00000000ab900000, 0x00000000aba00000|  0%| F|  |TAMS 0x00000000ab900000, 0x00000000ab900000| Untracked 
| 174|0x00000000aba00000, 0x00000000aba00000, 0x00000000abb00000|  0%| F|  |TAMS 0x00000000aba00000, 0x00000000aba00000| Untracked 
| 175|0x00000000abb00000, 0x00000000abb00000, 0x00000000abc00000|  0%| F|  |TAMS 0x00000000abb00000, 0x00000000abb00000| Untracked 
| 176|0x00000000abc00000, 0x00000000abc00000, 0x00000000abd00000|  0%| F|  |TAMS 0x00000000abc00000, 0x00000000abc00000| Untracked 
| 177|0x00000000abd00000, 0x00000000abd00000, 0x00000000abe00000|  0%| F|  |TAMS 0x00000000abd00000, 0x00000000abd00000| Untracked 
| 178|0x00000000abe00000, 0x00000000abe00000, 0x00000000abf00000|  0%| F|  |TAMS 0x00000000abe00000, 0x00000000abe00000| Untracked 
| 179|0x00000000abf00000, 0x00000000abf00000, 0x00000000ac000000|  0%| F|  |TAMS 0x00000000abf00000, 0x00000000abf00000| Untracked 
| 180|0x00000000ac000000, 0x00000000ac000000, 0x00000000ac100000|  0%| F|  |TAMS 0x00000000ac000000, 0x00000000ac000000| Untracked 
| 181|0x00000000ac100000, 0x00000000ac100000, 0x00000000ac200000|  0%| F|  |TAMS 0x00000000ac100000, 0x00000000ac100000| Untracked 
| 182|0x00000000ac200000, 0x00000000ac200000, 0x00000000ac300000|  0%| F|  |TAMS 0x00000000ac200000, 0x00000000ac200000| Untracked 
| 183|0x00000000ac300000, 0x00000000ac300000, 0x00000000ac400000|  0%| F|  |TAMS 0x00000000ac300000, 0x00000000ac300000| Untracked 
| 184|0x00000000ac400000, 0x00000000ac400000, 0x00000000ac500000|  0%| F|  |TAMS 0x00000000ac400000, 0x00000000ac400000| Untracked 
| 185|0x00000000ac500000, 0x00000000ac500000, 0x00000000ac600000|  0%| F|  |TAMS 0x00000000ac500000, 0x00000000ac500000| Untracked 
| 186|0x00000000ac600000, 0x00000000ac600000, 0x00000000ac700000|  0%| F|  |TAMS 0x00000000ac600000, 0x00000000ac600000| Untracked 
| 187|0x00000000ac700000, 0x00000000ac700000, 0x00000000ac800000|  0%| F|  |TAMS 0x00000000ac700000, 0x00000000ac700000| Untracked 
| 188|0x00000000ac800000, 0x00000000ac800000, 0x00000000ac900000|  0%| F|  |TAMS 0x00000000ac800000, 0x00000000ac800000| Untracked 
| 189|0x00000000ac900000, 0x00000000ac900000, 0x00000000aca00000|  0%| F|  |TAMS 0x00000000ac900000, 0x00000000ac900000| Untracked 
| 190|0x00000000aca00000, 0x00000000aca00000, 0x00000000acb00000|  0%| F|  |TAMS 0x00000000aca00000, 0x00000000aca00000| Untracked 
| 191|0x00000000acb00000, 0x00000000acb00000, 0x00000000acc00000|  0%| F|  |TAMS 0x00000000acb00000, 0x00000000acb00000| Untracked 
| 192|0x00000000acc00000, 0x00000000acc00000, 0x00000000acd00000|  0%| F|  |TAMS 0x00000000acc00000, 0x00000000acc00000| Untracked 
| 193|0x00000000acd00000, 0x00000000acd00000, 0x00000000ace00000|  0%| F|  |TAMS 0x00000000acd00000, 0x00000000acd00000| Untracked 
| 194|0x00000000ace00000, 0x00000000ace00000, 0x00000000acf00000|  0%| F|  |TAMS 0x00000000ace00000, 0x00000000ace00000| Untracked 
| 195|0x00000000acf00000, 0x00000000acf00000, 0x00000000ad000000|  0%| F|  |TAMS 0x00000000acf00000, 0x00000000acf00000| Untracked 
| 196|0x00000000ad000000, 0x00000000ad000000, 0x00000000ad100000|  0%| F|  |TAMS 0x00000000ad000000, 0x00000000ad000000| Untracked 
| 197|0x00000000ad100000, 0x00000000ad100000, 0x00000000ad200000|  0%| F|  |TAMS 0x00000000ad100000, 0x00000000ad100000| Untracked 
| 198|0x00000000ad200000, 0x00000000ad200000, 0x00000000ad300000|  0%| F|  |TAMS 0x00000000ad200000, 0x00000000ad200000| Untracked 
| 199|0x00000000ad300000, 0x00000000ad300000, 0x00000000ad400000|  0%| F|  |TAMS 0x00000000ad300000, 0x00000000ad300000| Untracked 
| 200|0x00000000ad400000, 0x00000000ad400000, 0x00000000ad500000|  0%| F|  |TAMS 0x00000000ad400000, 0x00000000ad400000| Untracked 
| 201|0x00000000ad500000, 0x00000000ad500000, 0x00000000ad600000|  0%| F|  |TAMS 0x00000000ad500000, 0x00000000ad500000| Untracked 
| 202|0x00000000ad600000, 0x00000000ad600000, 0x00000000ad700000|  0%| F|  |TAMS 0x00000000ad600000, 0x00000000ad600000| Untracked 
| 203|0x00000000ad700000, 0x00000000ad800000, 0x00000000ad800000|100%| S|CS|TAMS 0x00000000ad700000, 0x00000000ad700000| Complete 
| 204|0x00000000ad800000, 0x00000000ad900000, 0x00000000ad900000|100%| S|CS|TAMS 0x00000000ad800000, 0x00000000ad800000| Complete 
| 205|0x00000000ad900000, 0x00000000ad900000, 0x00000000ada00000|  0%| F|  |TAMS 0x00000000ad900000, 0x00000000ad900000| Untracked 
| 206|0x00000000ada00000, 0x00000000ada00000, 0x00000000adb00000|  0%| F|  |TAMS 0x00000000ada00000, 0x00000000ada00000| Untracked 
| 207|0x00000000adb00000, 0x00000000adb00000, 0x00000000adc00000|  0%| F|  |TAMS 0x00000000adb00000, 0x00000000adb00000| Untracked 
| 208|0x00000000adc00000, 0x00000000adc00000, 0x00000000add00000|  0%| F|  |TAMS 0x00000000adc00000, 0x00000000adc00000| Untracked 
| 209|0x00000000add00000, 0x00000000add00000, 0x00000000ade00000|  0%| F|  |TAMS 0x00000000add00000, 0x00000000add00000| Untracked 
| 210|0x00000000ade00000, 0x00000000ade00000, 0x00000000adf00000|  0%| F|  |TAMS 0x00000000ade00000, 0x00000000ade00000| Untracked 
| 211|0x00000000adf00000, 0x00000000adf00000, 0x00000000ae000000|  0%| F|  |TAMS 0x00000000adf00000, 0x00000000adf00000| Untracked 
| 212|0x00000000ae000000, 0x00000000ae000000, 0x00000000ae100000|  0%| F|  |TAMS 0x00000000ae000000, 0x00000000ae000000| Untracked 
| 213|0x00000000ae100000, 0x00000000ae100000, 0x00000000ae200000|  0%| F|  |TAMS 0x00000000ae100000, 0x00000000ae100000| Untracked 
| 214|0x00000000ae200000, 0x00000000ae200000, 0x00000000ae300000|  0%| F|  |TAMS 0x00000000ae200000, 0x00000000ae200000| Untracked 

Card table byte_map: [0x000001dbb49a0000,0x000001dbb4ca0000] _byte_map_base: 0x000001dbb449a000

Marking Bits (Prev, Next): (CMBitMap*) 0x000001dba9a60670, (CMBitMap*) 0x000001dba9a606b0
 Prev Bits: [0x000001dbb4fa0000, 0x000001dbb6770000)
 Next Bits: [0x000001dbb6770000, 0x000001dbb7f40000)

Polling page: 0x000001dba7bf0000

Metaspace:

Usage:
  Non-class:     55.51 MB used.
      Class:      9.80 MB used.
       Both:     65.31 MB used.

Virtual space:
  Non-class space:       64.00 MB reserved,      55.81 MB ( 87%) committed,  1 nodes.
      Class space:        1.00 GB reserved,      10.06 MB ( <1%) committed,  1 nodes.
             Both:        1.06 GB reserved,      65.88 MB (  6%) committed. 

Chunk freelists:
   Non-Class:  8.08 MB
       Class:  5.81 MB
        Both:  13.89 MB

MaxMetaspaceSize: unlimited
CompressedClassSpaceSize: 1.00 GB
Initial GC threshold: 21.00 MB
Current GC threshold: 109.81 MB
CDS: on
MetaspaceReclaimPolicy: balanced
 - commit_granule_bytes: 65536.
 - commit_granule_words: 8192.
 - virtual_space_node_default_size: 8388608.
 - enlarge_chunks_in_place: 1.
 - new_chunks_are_fully_committed: 0.
 - uncommit_free_chunks: 1.
 - use_allocation_guard: 0.
 - handle_deallocations: 1.


Internal statistics:

num_allocs_failed_limit: 9.
num_arena_births: 854.
num_arena_deaths: 0.
num_vsnodes_births: 2.
num_vsnodes_deaths: 0.
num_space_committed: 1054.
num_space_uncommitted: 0.
num_chunks_returned_to_freelist: 9.
num_chunks_taken_from_freelist: 3386.
num_chunk_merges: 9.
num_chunk_splits: 2484.
num_chunks_enlarged: 1970.
num_inconsistent_stats: 0.

CodeCache: size=49152Kb used=13105Kb max_used=13105Kb free=36046Kb
 bounds [0x000001dbb1590000, 0x000001dbb2260000, 0x000001dbb4590000]
 total_blobs=8083 nmethods=7420 adapters=588
 compilation: enabled
              stopped_count=0, restarted_count=0
 full_count=0

Compilation events (20 events):
Event: 11.979 Thread 0x000001dbbab45ca0 nmethod 7411 0x000001dbb2258110 code [0x000001dbb22582e0, 0x000001dbb2258558]
Event: 11.979 Thread 0x000001dbba911870 nmethod 7412 0x000001dbb2258710 code [0x000001dbb22588c0, 0x000001dbb2258a28]
Event: 12.010 Thread 0x000001dbba911870 7413       1       org.antlr.v4.runtime.Lexer::getLine (11 bytes)
Event: 12.010 Thread 0x000001dbbab45ca0 7414       1       org.antlr.v4.runtime.Lexer::getCharPositionInLine (11 bytes)
Event: 12.011 Thread 0x000001dbbab45ca0 nmethod 7414 0x000001dbb2258b90 code [0x000001dbb2258d20, 0x000001dbb2258e38]
Event: 12.011 Thread 0x000001dbba911870 nmethod 7413 0x000001dbb2258f10 code [0x000001dbb22590a0, 0x000001dbb22591b8]
Event: 12.031 Thread 0x000001dbba911870 7415       1       org.antlr.v4.runtime.BufferedTokenStream::fetch (89 bytes)
Event: 12.031 Thread 0x000001dbbab45ca0 7416   !   1       org.antlr.v4.runtime.Lexer::nextToken (249 bytes)
Event: 12.032 Thread 0x000001dbba911870 nmethod 7415 0x000001dbb2259290 code [0x000001dbb2259480, 0x000001dbb2259828]
Event: 12.032 Thread 0x000001dbba911870 7417       1       org.antlr.v4.runtime.CommonTokenFactory::create (18 bytes)
Event: 12.032 Thread 0x000001dbba911870 nmethod 7417 0x000001dbb2259a10 code [0x000001dbb2259ba0, 0x000001dbb2259ca8]
Event: 12.032 Thread 0x000001dbba911870 7418       1       org.antlr.v4.runtime.CommonTokenFactory::create (85 bytes)
Event: 12.032 Thread 0x000001dbbab45ca0 nmethod 7416 0x000001dbb2259d90 code [0x000001dbb2259fe0, 0x000001dbb225a6d8]
Event: 12.032 Thread 0x000001dbbab45ca0 7419       1       org.antlr.v4.runtime.CommonToken::<init> (86 bytes)
Event: 12.032 Thread 0x000001dbba911870 nmethod 7418 0x000001dbb225ad90 code [0x000001dbb225af60, 0x000001dbb225b308]
Event: 12.033 Thread 0x000001dbbab45ca0 nmethod 7419 0x000001dbb225b510 code [0x000001dbb225b6c0, 0x000001dbb225b9d8]
Event: 12.040 Thread 0x000001dbbab45ca0 7421       1       org.antlr.v4.runtime.Lexer::getCharIndex (10 bytes)
Event: 12.040 Thread 0x000001dbba911870 7420       1       org.antlr.v4.runtime.Lexer::emit (51 bytes)
Event: 12.040 Thread 0x000001dbbab45ca0 nmethod 7421 0x000001dbb225bc10 code [0x000001dbb225bda0, 0x000001dbb225beb8]
Event: 12.040 Thread 0x000001dbba911870 nmethod 7420 0x000001dbb225bf90 code [0x000001dbb225c140, 0x000001dbb225c368]

GC Heap History (20 events):
Event: 11.663 GC heap after
{Heap after GC invocations=20 (full 0):
 garbage-first heap   total 107520K, used 56173K [0x00000000a0c00000, 0x0000000100000000)
  region size 1024K, 6 young (6144K), 6 survivors (6144K)
 Metaspace       used 66873K, committed 67456K, reserved 1114112K
  class space    used 10032K, committed 10304K, reserved 1048576K
}
Event: 11.728 GC heap before
{Heap before GC invocations=20 (full 0):
 garbage-first heap   total 107520K, used 80749K [0x00000000a0c00000, 0x0000000100000000)
  region size 1024K, 30 young (30720K), 6 survivors (6144K)
 Metaspace       used 66873K, committed 67456K, reserved 1114112K
  class space    used 10032K, committed 10304K, reserved 1048576K
}
Event: 11.739 GC heap after
{Heap after GC invocations=21 (full 0):
 garbage-first heap   total 107520K, used 65813K [0x00000000a0c00000, 0x0000000100000000)
  region size 1024K, 4 young (4096K), 4 survivors (4096K)
 Metaspace       used 66873K, committed 67456K, reserved 1114112K
  class space    used 10032K, committed 10304K, reserved 1048576K
}
Event: 11.810 GC heap before
{Heap before GC invocations=21 (full 0):
 garbage-first heap   total 137216K, used 83221K [0x00000000a0c00000, 0x0000000100000000)
  region size 1024K, 21 young (21504K), 4 survivors (4096K)
 Metaspace       used 66873K, committed 67456K, reserved 1114112K
  class space    used 10032K, committed 10304K, reserved 1048576K
}
Event: 11.820 GC heap after
{Heap after GC invocations=22 (full 0):
 garbage-first heap   total 137216K, used 72481K [0x00000000a0c00000, 0x0000000100000000)
  region size 1024K, 3 young (3072K), 3 survivors (3072K)
 Metaspace       used 66873K, committed 67456K, reserved 1114112K
  class space    used 10032K, committed 10304K, reserved 1048576K
}
Event: 11.919 GC heap before
{Heap before GC invocations=23 (full 0):
 garbage-first heap   total 137216K, used 101153K [0x00000000a0c00000, 0x0000000100000000)
  region size 1024K, 31 young (31744K), 3 survivors (3072K)
 Metaspace       used 66874K, committed 67456K, reserved 1114112K
  class space    used 10032K, committed 10304K, reserved 1048576K
}
Event: 11.925 GC heap after
{Heap after GC invocations=24 (full 0):
 garbage-first heap   total 137216K, used 75239K [0x00000000a0c00000, 0x0000000100000000)
  region size 1024K, 2 young (2048K), 2 survivors (2048K)
 Metaspace       used 66874K, committed 67456K, reserved 1114112K
  class space    used 10032K, committed 10304K, reserved 1048576K
}
Event: 12.020 GC heap before
{Heap before GC invocations=24 (full 0):
 garbage-first heap   total 137216K, used 103911K [0x00000000a0c00000, 0x0000000100000000)
  region size 1024K, 30 young (30720K), 2 survivors (2048K)
 Metaspace       used 66876K, committed 67456K, reserved 1114112K
  class space    used 10033K, committed 10304K, reserved 1048576K
}
Event: 12.026 GC heap after
{Heap after GC invocations=25 (full 0):
 garbage-first heap   total 220160K, used 79756K [0x00000000a0c00000, 0x0000000100000000)
  region size 1024K, 4 young (4096K), 4 survivors (4096K)
 Metaspace       used 66876K, committed 67456K, reserved 1114112K
  class space    used 10033K, committed 10304K, reserved 1048576K
}
Event: 12.295 GC heap before
{Heap before GC invocations=26 (full 0):
 garbage-first heap   total 220160K, used 156556K [0x00000000a0c00000, 0x0000000100000000)
  region size 1024K, 79 young (80896K), 4 survivors (4096K)
 Metaspace       used 66876K, committed 67456K, reserved 1114112K
  class space    used 10033K, committed 10304K, reserved 1048576K
}
Event: 12.318 GC heap after
{Heap after GC invocations=27 (full 0):
 garbage-first heap   total 220160K, used 108321K [0x00000000a0c00000, 0x0000000100000000)
  region size 1024K, 10 young (10240K), 10 survivors (10240K)
 Metaspace       used 66876K, committed 67456K, reserved 1114112K
  class space    used 10033K, committed 10304K, reserved 1048576K
}
Event: 12.322 GC heap before
{Heap before GC invocations=27 (full 0):
 garbage-first heap   total 220160K, used 109345K [0x00000000a0c00000, 0x0000000100000000)
  region size 1024K, 11 young (11264K), 10 survivors (10240K)
 Metaspace       used 66876K, committed 67456K, reserved 1114112K
  class space    used 10033K, committed 10304K, reserved 1048576K
}
Event: 12.330 GC heap after
{Heap after GC invocations=28 (full 0):
 garbage-first heap   total 220160K, used 110199K [0x00000000a0c00000, 0x0000000100000000)
  region size 1024K, 1 young (1024K), 1 survivors (1024K)
 Metaspace       used 66876K, committed 67456K, reserved 1114112K
  class space    used 10033K, committed 10304K, reserved 1048576K
}
Event: 12.401 GC heap before
{Heap before GC invocations=28 (full 0):
 garbage-first heap   total 220160K, used 132727K [0x00000000a0c00000, 0x0000000100000000)
  region size 1024K, 24 young (24576K), 1 survivors (1024K)
 Metaspace       used 66876K, committed 67456K, reserved 1114112K
  class space    used 10033K, committed 10304K, reserved 1048576K
}
Event: 12.411 GC heap after
{Heap after GC invocations=29 (full 0):
 garbage-first heap   total 220160K, used 120506K [0x00000000a0c00000, 0x0000000100000000)
  region size 1024K, 7 young (7168K), 7 survivors (7168K)
 Metaspace       used 66876K, committed 67456K, reserved 1114112K
  class space    used 10033K, committed 10304K, reserved 1048576K
}
Event: 12.604 GC heap before
{Heap before GC invocations=30 (full 0):
 garbage-first heap   total 220160K, used 150202K [0x00000000a0c00000, 0x0000000100000000)
  region size 1024K, 47 young (48128K), 7 survivors (7168K)
 Metaspace       used 66876K, committed 67456K, reserved 1114112K
  class space    used 10033K, committed 10304K, reserved 1048576K
}
Event: 12.620 GC heap after
{Heap after GC invocations=31 (full 0):
 garbage-first heap   total 220160K, used 122006K [0x00000000a0c00000, 0x0000000100000000)
  region size 1024K, 6 young (6144K), 6 survivors (6144K)
 Metaspace       used 66876K, committed 67456K, reserved 1114112K
  class space    used 10033K, committed 10304K, reserved 1048576K
}
Event: 12.636 GC heap before
{Heap before GC invocations=31 (full 0):
 garbage-first heap   total 220160K, used 126102K [0x00000000a0c00000, 0x0000000100000000)
  region size 1024K, 10 young (10240K), 6 survivors (6144K)
 Metaspace       used 66876K, committed 67456K, reserved 1114112K
  class space    used 10033K, committed 10304K, reserved 1048576K
}
Event: 12.643 GC heap after
{Heap after GC invocations=32 (full 0):
 garbage-first heap   total 220160K, used 102742K [0x00000000a0c00000, 0x0000000100000000)
  region size 1024K, 2 young (2048K), 2 survivors (2048K)
 Metaspace       used 66876K, committed 67456K, reserved 1114112K
  class space    used 10033K, committed 10304K, reserved 1048576K
}
Event: 12.665 GC heap before
{Heap before GC invocations=32 (full 0):
 garbage-first heap   total 220160K, used 110934K [0x00000000a0c00000, 0x0000000100000000)
  region size 1024K, 10 young (10240K), 2 survivors (2048K)
 Metaspace       used 66876K, committed 67456K, reserved 1114112K
  class space    used 10033K, committed 10304K, reserved 1048576K
}

Dll operation events (12 events):
Event: 0.023 Loaded shared library C:\Users\alvar\.jdks\ms-17.0.19\bin\java.dll
Event: 0.051 Loaded shared library C:\Users\alvar\.jdks\ms-17.0.19\bin\jsvml.dll
Event: 0.233 Loaded shared library C:\Users\alvar\.jdks\ms-17.0.19\bin\zip.dll
Event: 0.237 Loaded shared library C:\Users\alvar\.jdks\ms-17.0.19\bin\instrument.dll
Event: 0.247 Loaded shared library C:\Users\alvar\.jdks\ms-17.0.19\bin\net.dll
Event: 0.250 Loaded shared library C:\Users\alvar\.jdks\ms-17.0.19\bin\nio.dll
Event: 0.255 Loaded shared library C:\Users\alvar\.jdks\ms-17.0.19\bin\zip.dll
Event: 0.538 Loaded shared library C:\Users\alvar\.jdks\ms-17.0.19\bin\extnet.dll
Event: 0.626 Loaded shared library C:\Users\alvar\.jdks\ms-17.0.19\bin\jimage.dll
Event: 2.938 Loaded shared library C:\Users\alvar\.jdks\ms-17.0.19\bin\sunmscapi.dll
Event: 4.929 Loaded shared library C:\Users\alvar\.jdks\ms-17.0.19\bin\management.dll
Event: 4.931 Loaded shared library C:\Users\alvar\.jdks\ms-17.0.19\bin\management_ext.dll

Deoptimization events (6 events):
Event: 6.242 Thread 0x000001db803a3020 DEOPT PACKING pc=0x000001dbb19afd97 sp=0x0000006fdd8fed80
Event: 6.242 Thread 0x000001db803a3020 DEOPT UNPACKING pc=0x000001dbb15e7143 sp=0x0000006fdd8fe1d8 mode 3
Event: 6.242 Thread 0x000001dba9a11930 DEOPT PACKING pc=0x000001dbb19c7381 sp=0x0000006fdbaf9740
Event: 6.242 Thread 0x000001dba9a11930 DEOPT UNPACKING pc=0x000001dbb15e7143 sp=0x0000006fdbaf8bd0 mode 3
Event: 7.665 Thread 0x000001dba9a11930 DEOPT PACKING pc=0x000001dbb1f60ff4 sp=0x0000006fdbaf8a20
Event: 7.665 Thread 0x000001dba9a11930 DEOPT UNPACKING pc=0x000001dbb15e7143 sp=0x0000006fdbaf7eb8 mode 0

Classes loaded (20 events):
Event: 10.027 Loading class javax/net/ssl/SSLException
Event: 10.027 Loading class javax/net/ssl/SSLException done
Event: 10.054 Loading class java/nio/channels/CompletionHandler
Event: 10.055 Loading class java/nio/channels/CompletionHandler done
Event: 10.237 Loading class java/util/EmptyStackException
Event: 10.237 Loading class java/util/EmptyStackException done
Event: 10.491 Loading class java/io/InvalidClassException
Event: 10.491 Loading class java/io/InvalidClassException done
Event: 10.513 Loading class java/util/ArrayList$ListItr
Event: 10.514 Loading class java/util/ArrayList$ListItr done
Event: 11.348 Loading class java/lang/invoke/MethodHandleImpl$CountingWrapper$1
Event: 11.348 Loading class java/lang/invoke/MethodHandleImpl$CountingWrapper$1 done
Event: 11.367 Loading class sun/reflect/ReflectionFactory
Event: 11.368 Loading class sun/reflect/ReflectionFactory done
Event: 11.368 Loading class sun/reflect/ReflectionFactory$1
Event: 11.368 Loading class sun/reflect/ReflectionFactory$1 done
Event: 11.368 Loading class java/io/OptionalDataException
Event: 11.368 Loading class java/io/OptionalDataException done
Event: 11.369 Loading class jdk/internal/reflect/SerializationConstructorAccessorImpl
Event: 11.370 Loading class jdk/internal/reflect/SerializationConstructorAccessorImpl done

Classes unloaded (0 events):
No events

Classes redefined (0 events):
No events

Internal exceptions (20 events):
Event: 9.501 Thread 0x000001dba9a11930 Exception <a 'java/lang/IncompatibleClassChangeError'{0x00000000a8df0c98}: Found class java.lang.Object, but interface was expected> (0x00000000a8df0c98) 
thrown [s\src\hotspot\share\interpreter\linkResolver.cpp, line 826]
Event: 9.849 Thread 0x000001dba9a11930 Exception <a 'java/lang/NoSuchMethodError'{0x00000000a5fd6bc8}: 'java.lang.Object java.lang.invoke.DirectMethodHandle$Holder.invokeStatic(java.lang.Object, int, java.lang.Object)'> (0x00000000a5fd6bc8) 
thrown [s\src\hotspot\share\interpreter\linkResolver.cpp, line 759]
Event: 9.902 Thread 0x000001dba9a11930 Exception <a 'java/lang/reflect/InvocationTargetException'{0x00000000a5e2dab8}> (0x00000000a5e2dab8) 
thrown [s\src\hotspot\share\runtime\reflection.cpp, line 1128]
Event: 9.907 Thread 0x000001dba9a11930 Exception <a 'java/lang/reflect/InvocationTargetException'{0x00000000a5e38e70}> (0x00000000a5e38e70) 
thrown [s\src\hotspot\share\runtime\reflection.cpp, line 1128]
Event: 9.915 Thread 0x000001dba9a11930 Exception <a 'java/lang/reflect/InvocationTargetException'{0x00000000a5e54698}> (0x00000000a5e54698) 
thrown [s\src\hotspot\share\runtime\reflection.cpp, line 1128]
Event: 9.923 Thread 0x000001dba9a11930 Exception <a 'java/lang/reflect/InvocationTargetException'{0x00000000a5e62ca0}> (0x00000000a5e62ca0) 
thrown [s\src\hotspot\share\runtime\reflection.cpp, line 1128]
Event: 10.055 Thread 0x000001dba9a11930 Exception <a 'java/lang/NoSuchMethodError'{0x00000000a5927fd8}: 'long java.lang.invoke.DirectMethodHandle$Holder.invokeVirtual(java.lang.Object, java.lang.Object)'> (0x00000000a5927fd8) 
thrown [s\src\hotspot\share\interpreter\linkResolver.cpp, line 759]
Event: 10.111 Thread 0x000001dba9a11930 Exception <a 'java/lang/NoSuchMethodError'{0x00000000a5712bf8}: 'void java.lang.invoke.DirectMethodHandle$Holder.invokeVirtual(java.lang.Object, java.lang.Object, long)'> (0x00000000a5712bf8) 
thrown [s\src\hotspot\share\interpreter\linkResolver.cpp, line 759]
Event: 10.156 Thread 0x000001dba9a11930 Exception <a 'java/lang/reflect/InvocationTargetException'{0x00000000a55a5f00}> (0x00000000a55a5f00) 
thrown [s\src\hotspot\share\runtime\reflection.cpp, line 1128]
Event: 10.196 Thread 0x000001dba9a11930 Exception <a 'java/lang/reflect/InvocationTargetException'{0x00000000a53fa308}> (0x00000000a53fa308) 
thrown [s\src\hotspot\share\runtime\reflection.cpp, line 1128]
Event: 11.185 Thread 0x000001dba9a11930 Exception <a 'java/lang/reflect/InvocationTargetException'{0x00000000a5a57b30}> (0x00000000a5a57b30) 
thrown [s\src\hotspot\share\runtime\reflection.cpp, line 1128]
Event: 11.187 Thread 0x000001dba9a11930 Exception <a 'java/lang/reflect/InvocationTargetException'{0x00000000a5a60cb0}> (0x00000000a5a60cb0) 
thrown [s\src\hotspot\share\runtime\reflection.cpp, line 1128]
Event: 11.188 Thread 0x000001dba9a11930 Exception <a 'java/lang/reflect/InvocationTargetException'{0x00000000a5a68c48}> (0x00000000a5a68c48) 
thrown [s\src\hotspot\share\runtime\reflection.cpp, line 1128]
Event: 11.246 Thread 0x000001dba9a11930 Exception <a 'java/lang/reflect/InvocationTargetException'{0x00000000a57c63f0}> (0x00000000a57c63f0) 
thrown [s\src\hotspot\share\runtime\reflection.cpp, line 1128]
Event: 11.248 Thread 0x000001dba9a11930 Exception <a 'java/lang/reflect/InvocationTargetException'{0x00000000a57cead0}> (0x00000000a57cead0) 
thrown [s\src\hotspot\share\runtime\reflection.cpp, line 1128]
Event: 11.252 Thread 0x000001dba9a11930 Exception <a 'java/lang/reflect/InvocationTargetException'{0x00000000a57e20c0}> (0x00000000a57e20c0) 
thrown [s\src\hotspot\share\runtime\reflection.cpp, line 1128]
Event: 11.257 Thread 0x000001dba9a11930 Exception <a 'java/lang/reflect/InvocationTargetException'{0x00000000a57f8220}> (0x00000000a57f8220) 
thrown [s\src\hotspot\share\runtime\reflection.cpp, line 1128]
Event: 11.259 Thread 0x000001dba9a11930 Exception <a 'java/lang/reflect/InvocationTargetException'{0x00000000a5604c98}> (0x00000000a5604c98) 
thrown [s\src\hotspot\share\runtime\reflection.cpp, line 1128]
Event: 11.300 Thread 0x000001dba9a11930 Exception <a 'java/lang/reflect/InvocationTargetException'{0x00000000a54bf6f8}> (0x00000000a54bf6f8) 
thrown [s\src\hotspot\share\runtime\reflection.cpp, line 1128]
Event: 11.340 Thread 0x000001dba9a11930 Exception <a 'java/lang/NoSuchMethodError'{0x00000000a52addc8}: 'int java.lang.invoke.DirectMethodHandle$Holder.invokeStaticInit(java.lang.Object, int, java.lang.Object, java.lang.Object, java.lang.Object, java.lang.Object)'> (0x00000000a52addc8) 
thrown [s\src\hotspot\share\interpreter\linkResolver.cpp, line 759]

VM Operations (20 events):
Event: 12.026 Executing VM operation: G1CollectForAllocation done
Event: 12.117 Executing VM operation: G1PauseRemark
Event: 12.119 Executing VM operation: G1PauseRemark done
Event: 12.151 Executing VM operation: G1PauseCleanup
Event: 12.151 Executing VM operation: G1PauseCleanup done
Event: 12.295 Executing VM operation: G1CollectForAllocation
Event: 12.318 Executing VM operation: G1CollectForAllocation done
Event: 12.322 Executing VM operation: G1CollectForAllocation
Event: 12.330 Executing VM operation: G1CollectForAllocation done
Event: 12.401 Executing VM operation: G1TryInitiateConcMark
Event: 12.411 Executing VM operation: G1TryInitiateConcMark done
Event: 12.491 Executing VM operation: G1PauseRemark
Event: 12.494 Executing VM operation: G1PauseRemark done
Event: 12.531 Executing VM operation: G1PauseCleanup
Event: 12.532 Executing VM operation: G1PauseCleanup done
Event: 12.604 Executing VM operation: G1CollectForAllocation
Event: 12.620 Executing VM operation: G1CollectForAllocation done
Event: 12.635 Executing VM operation: G1CollectForAllocation
Event: 12.643 Executing VM operation: G1CollectForAllocation done
Event: 12.665 Executing VM operation: G1CollectForAllocation

Memory protections (0 events):
No events

Nmethod flushes (0 events):
No events

Events (20 events):
Event: 0.068 Thread 0x000001dba9a11930 Thread added: 0x000001dbba906290
Event: 0.068 Thread 0x000001dba9a11930 Thread added: 0x000001dbba90cb90
Event: 0.068 Thread 0x000001dba9a11930 Thread added: 0x000001dbba90d460
Event: 0.068 Thread 0x000001dba9a11930 Thread added: 0x000001dbba911870
Event: 0.068 Thread 0x000001dba9a11930 Thread added: 0x000001dbba912180
Event: 0.193 Thread 0x000001dba9a11930 Thread added: 0x000001dbba8d9d40
Event: 0.208 Thread 0x000001dbba911870 Thread added: 0x000001dbbab45ca0
Event: 0.515 Thread 0x000001dba9a11930 Thread added: 0x000001db80135570
Event: 0.515 Thread 0x000001dba9a11930 Thread added: 0x000001db80133cc0
Event: 1.944 Thread 0x000001dba9a11930 Thread added: 0x000001db806a09a0
Event: 2.877 Thread 0x000001dba9a11930 Thread added: 0x000001db809743a0
Event: 2.921 Thread 0x000001db809743a0 Thread exited: 0x000001db809743a0
Event: 2.944 Thread 0x000001db806a09a0 Thread exited: 0x000001db806a09a0
Event: 5.116 Thread 0x000001dba9a11930 Thread added: 0x000001db811dd420
Event: 6.241 Thread 0x000001dba9a11930 Thread added: 0x000001db803a3020
Event: 6.386 Thread 0x000001db803a3020 Thread added: 0x000001dbbaac20e0
Event: 10.080 Thread 0x000001dba9a11930 Thread added: 0x000001db82265830
Event: 10.084 Thread 0x000001db82265830 Thread added: 0x000001db822bf040
Event: 10.090 Thread 0x000001dba9a11930 Thread added: 0x000001db815db310
Event: 11.833 Thread 0x000001dbbaac20e0 Thread exited: 0x000001dbbaac20e0


Dynamic libraries:
0x00007ff68ae20000 - 0x00007ff68ae2e000 	C:\Users\alvar\.jdks\ms-17.0.19\bin\java.exe
0x00007ffb599e0000 - 0x00007ffb59c46000 	C:\WINDOWS\SYSTEM32\ntdll.dll
0x00007ffb279e0000 - 0x00007ffb27a01000 	C:\Program Files\Norton\Suite\aswhook.dll
0x00007ffb58900000 - 0x00007ffb589c9000 	C:\WINDOWS\System32\KERNEL32.DLL
0x00007ffb57190000 - 0x00007ffb5758e000 	C:\WINDOWS\System32\KERNELBASE.dll
0x00007ffb56c00000 - 0x00007ffb56d4c000 	C:\WINDOWS\System32\ucrtbase.dll
0x00007ffb51380000 - 0x00007ffb51398000 	C:\Users\alvar\.jdks\ms-17.0.19\bin\jli.dll
0x00007ffb0ec30000 - 0x00007ffb0ec4e000 	C:\Users\alvar\.jdks\ms-17.0.19\bin\VCRUNTIME140.dll
0x00007ffb58140000 - 0x00007ffb58307000 	C:\WINDOWS\System32\USER32.dll
0x00007ffb3d810000 - 0x00007ffb3daa2000 	C:\WINDOWS\WinSxS\amd64_microsoft.windows.common-controls_6595b64144ccf1df_6.0.26100.8875_none_3e0d5d42e32fe9dd\COMCTL32.dll
0x00007ffb56e90000 - 0x00007ffb56eb7000 	C:\WINDOWS\System32\win32u.dll
0x00007ffb57fd0000 - 0x00007ffb58079000 	C:\WINDOWS\System32\msvcrt.dll
0x00007ffb58540000 - 0x00007ffb5856b000 	C:\WINDOWS\System32\GDI32.dll
0x00007ffb56d60000 - 0x00007ffb56e8a000 	C:\WINDOWS\System32\gdi32full.dll
0x00007ffb57660000 - 0x00007ffb57703000 	C:\WINDOWS\System32\msvcp_win.dll
0x00007ffb58310000 - 0x00007ffb58342000 	C:\WINDOWS\System32\IMM32.DLL
0x00007ffb4a700000 - 0x00007ffb4a70c000 	C:\Users\alvar\.jdks\ms-17.0.19\bin\vcruntime140_1.dll
0x00007ffb0e8b0000 - 0x00007ffb0e939000 	C:\Users\alvar\.jdks\ms-17.0.19\bin\msvcp140.dll
0x00007ffa59c50000 - 0x00007ffa5a8cb000 	C:\Users\alvar\.jdks\ms-17.0.19\bin\server\jvm.dll
0x00007ffb57e10000 - 0x00007ffb57ec7000 	C:\WINDOWS\System32\ADVAPI32.dll
0x00007ffb58080000 - 0x00007ffb5812a000 	C:\WINDOWS\System32\sechost.dll
0x00007ffb57740000 - 0x00007ffb57858000 	C:\WINDOWS\System32\RPCRT4.dll
0x00007ffb59280000 - 0x00007ffb59300000 	C:\WINDOWS\System32\WS2_32.dll
0x00007ffb56a60000 - 0x00007ffb56abe000 	C:\WINDOWS\SYSTEM32\POWRPROF.dll
0x00007ffb4f740000 - 0x00007ffb4f74b000 	C:\WINDOWS\SYSTEM32\VERSION.dll
0x00007ffb4f700000 - 0x00007ffb4f736000 	C:\WINDOWS\SYSTEM32\WINMM.dll
0x00007ffb56a40000 - 0x00007ffb56a54000 	C:\WINDOWS\SYSTEM32\UMPDC.dll
0x00007ffb558e0000 - 0x00007ffb558fb000 	C:\WINDOWS\SYSTEM32\kernel.appcore.dll
0x00007ffb2e8d0000 - 0x00007ffb2e8da000 	C:\Users\alvar\.jdks\ms-17.0.19\bin\jimage.dll
0x00007ffb54080000 - 0x00007ffb542c2000 	C:\WINDOWS\SYSTEM32\DBGHELP.DLL
0x00007ffb58570000 - 0x00007ffb588f3000 	C:\WINDOWS\System32\combase.dll
0x00007ffb57d30000 - 0x00007ffb57e09000 	C:\WINDOWS\System32\OLEAUT32.dll
0x00007ffb48610000 - 0x00007ffb4864b000 	C:\WINDOWS\SYSTEM32\dbgcore.DLL
0x00007ffb575a0000 - 0x00007ffb5764c000 	C:\WINDOWS\System32\bcryptPrimitives.dll
0x00007ffb2e7d0000 - 0x00007ffb2e7df000 	C:\Users\alvar\.jdks\ms-17.0.19\bin\instrument.dll
0x00007ffb0e880000 - 0x00007ffb0e8a6000 	C:\Users\alvar\.jdks\ms-17.0.19\bin\java.dll
0x00007ffb095a0000 - 0x00007ffb09676000 	C:\Users\alvar\.jdks\ms-17.0.19\bin\jsvml.dll
0x00007ffb589d0000 - 0x00007ffb59162000 	C:\WINDOWS\System32\SHELL32.dll
0x00007ffb546e0000 - 0x00007ffb54f72000 	C:\WINDOWS\SYSTEM32\windows.storage.dll
0x00007ffb57ed0000 - 0x00007ffb57fc7000 	C:\WINDOWS\System32\SHCORE.dll
0x00007ffb57a70000 - 0x00007ffb57ad7000 	C:\WINDOWS\System32\shlwapi.dll
0x00007ffb56b20000 - 0x00007ffb56b49000 	C:\WINDOWS\SYSTEM32\profapi.dll
0x00007ffb0e820000 - 0x00007ffb0e838000 	C:\Users\alvar\.jdks\ms-17.0.19\bin\zip.dll
0x00007ffb0e860000 - 0x00007ffb0e87b000 	C:\Users\alvar\.jdks\ms-17.0.19\bin\net.dll
0x00007ffb4c990000 - 0x00007ffb4cab7000 	C:\WINDOWS\SYSTEM32\WINHTTP.dll
0x00007ffb55e90000 - 0x00007ffb55efc000 	C:\WINDOWS\system32\mswsock.dll
0x00007ffb0e840000 - 0x00007ffb0e856000 	C:\Users\alvar\.jdks\ms-17.0.19\bin\nio.dll
0x00007ffb2e2d0000 - 0x00007ffb2e2d9000 	C:\Users\alvar\.jdks\ms-17.0.19\bin\extnet.dll
0x00007ffb29f20000 - 0x00007ffb29f2e000 	C:\Users\alvar\.jdks\ms-17.0.19\bin\sunmscapi.dll
0x00007ffb57010000 - 0x00007ffb57188000 	C:\WINDOWS\System32\CRYPT32.dll
0x00007ffb563d0000 - 0x00007ffb56400000 	C:\WINDOWS\SYSTEM32\ncrypt.dll
0x00007ffb56380000 - 0x00007ffb563bf000 	C:\WINDOWS\SYSTEM32\NTASN1.dll
0x00007ffb561b0000 - 0x00007ffb561cb000 	C:\WINDOWS\SYSTEM32\CRYPTSP.dll
0x00007ffb55840000 - 0x00007ffb55879000 	C:\WINDOWS\system32\rsaenh.dll
0x00007ffb55f50000 - 0x00007ffb55f82000 	C:\WINDOWS\SYSTEM32\USERENV.dll
0x00007ffb56af0000 - 0x00007ffb56b1a000 	C:\WINDOWS\SYSTEM32\bcrypt.dll
0x00007ffb56190000 - 0x00007ffb5619c000 	C:\WINDOWS\SYSTEM32\CRYPTBASE.dll
0x00007ffb55300000 - 0x00007ffb55333000 	C:\WINDOWS\SYSTEM32\IPHLPAPI.DLL
0x00007ffb59170000 - 0x00007ffb5917a000 	C:\WINDOWS\System32\NSI.dll
0x00007ffb4cf10000 - 0x00007ffb4cf2d000 	C:\WINDOWS\SYSTEM32\dhcpcsvc6.DLL
0x00007ffb4ceb0000 - 0x00007ffb4ced5000 	C:\WINDOWS\SYSTEM32\dhcpcsvc.DLL
0x00007ffb553a0000 - 0x00007ffb554f6000 	C:\WINDOWS\SYSTEM32\DNSAPI.dll
0x00007ffb55c90000 - 0x00007ffb55c9d000 	C:\WINDOWS\SYSTEM32\DSPARSE.dll
0x00007ffb2e240000 - 0x00007ffb2e24a000 	C:\Users\alvar\.jdks\ms-17.0.19\bin\management.dll
0x00007ffb2b7f0000 - 0x00007ffb2b7fc000 	C:\Users\alvar\.jdks\ms-17.0.19\bin\management_ext.dll
0x00007ffb58530000 - 0x00007ffb58538000 	C:\WINDOWS\System32\PSAPI.DLL
0x00007ffb4d320000 - 0x00007ffb4d32b000 	C:\Windows\System32\rasadhlp.dll
0x00007ffb49720000 - 0x00007ffb497a6000 	C:\WINDOWS\System32\fwpuclnt.dll

dbghelp: loaded successfully - version: 4.0.5 - missing functions: none
symbol engine: initialized successfully - sym options: 0x614 - pdb path: .;C:\Users\alvar\.jdks\ms-17.0.19\bin;C:\WINDOWS\SYSTEM32;C:\Program Files\Norton\Suite;C:\WINDOWS\WinSxS\amd64_microsoft.windows.common-controls_6595b64144ccf1df_6.0.26100.8875_none_3e0d5d42e32fe9dd;C:\Users\alvar\.jdks\ms-17.0.19\bin\server

VM Arguments:
jvm_args: -XX:TieredStopAtLevel=1 -Dspring.output.ansi.enabled=always -javaagent:C:\Program Files\JetBrains\IntelliJ IDEA 2025.2.3\lib\idea_rt.jar=60845 -Dfile.encoding=UTF-8 
java_command: com.Control.Inventario.InventarioApplication
java_class_path (initial): C:\Users\alvar\Documents\Practicando_Programacion\Inventario\BackEnd-Inventario\target\classes;C:\Users\alvar\.m2\repository\org\springframework\boot\spring-boot-starter-web\3.5.7\spring-boot-starter-web-3.5.7.jar;C:\Users\alvar\.m2\repository\org\springframework\boot\spring-boot-starter\3.5.7\spring-boot-starter-3.5.7.jar;C:\Users\alvar\.m2\repository\org\springframework\boot\spring-boot\3.5.7\spring-boot-3.5.7.jar;C:\Users\alvar\.m2\repository\org\springframework\boot\spring-boot-autoconfigure\3.5.7\spring-boot-autoconfigure-3.5.7.jar;C:\Users\alvar\.m2\repository\org\springframework\boot\spring-boot-starter-logging\3.5.7\spring-boot-starter-logging-3.5.7.jar;C:\Users\alvar\.m2\repository\ch\qos\logback\logback-classic\1.5.20\logback-classic-1.5.20.jar;C:\Users\alvar\.m2\repository\ch\qos\logback\logback-core\1.5.20\logback-core-1.5.20.jar;C:\Users\alvar\.m2\repository\org\apache\logging\log4j\log4j-to-slf4j\2.24.3\log4j-to-slf4j-2.24.3.jar;C:\Users\alvar\.m2\repository\org\slf4j\jul-to-slf4j\2.0.17\jul-to-slf4j-2.0.17.jar;C:\Users\alvar\.m2\repository\jakarta\annotation\jakarta.annotation-api\2.1.1\jakarta.annotation-api-2.1.1.jar;C:\Users\alvar\.m2\repository\org\yaml\snakeyaml\2.4\snakeyaml-2.4.jar;C:\Users\alvar\.m2\repository\org\springframework\boot\spring-boot-starter-json\3.5.7\spring-boot-starter-json-3.5.7.jar;C:\Users\alvar\.m2\repository\com\fasterxml\jackson\datatype\jackson-datatype-jdk8\2.19.2\jackson-datatype-jdk8-2.19.2.jar;C:\Users\alvar\.m2\repository\com\fasterxml\jackson\datatype\jackson-datatype-jsr310\2.19.2\jackson-datatype-jsr310-2.19.2.jar;C:\Users\alvar\.m2\repository\com\fasterxml\jackson\module\jackson-module-parameter-names\2.19.2\jackson-module-parameter-names-2.19.2.jar;C:\Users\alvar\.m2\repository\org\springframework\boot\spring-boot-starter-tomcat\3.5.7\spring-boot-starter-tomcat-3.5.7.jar;C:\Users\alvar\.m2\repository\org\apache\tomcat\embed\tomcat-embed-core\10.1.48\tomcat-embed-core-10.1.48.jar;C:\
Launcher Type: SUN_STANDARD

[Global flags]
     intx CICompilerCount                          = 4                                         {product} {ergonomic}
     uint ConcGCThreads                            = 2                                         {product} {ergonomic}
     uint G1ConcRefinementThreads                  = 8                                         {product} {ergonomic}
   size_t G1HeapRegionSize                         = 1048576                                   {product} {ergonomic}
    uintx GCDrainStackTargetSize                   = 64                                        {product} {ergonomic}
   size_t InitialHeapSize                          = 100663296                                 {product} {ergonomic}
   size_t MarkStackSize                            = 4194304                                   {product} {ergonomic}
   size_t MaxHeapSize                              = 1598029824                                {product} {ergonomic}
   size_t MaxNewSize                               = 958398464                                 {product} {ergonomic}
   size_t MinHeapDeltaBytes                        = 1048576                                   {product} {ergonomic}
   size_t MinHeapSize                              = 8388608                                   {product} {ergonomic}
    uintx NonProfiledCodeHeapSize                  = 0                                      {pd product} {ergonomic}
     bool ProfileInterpreter                       = false                                  {pd product} {command line}
    uintx ProfiledCodeHeapSize                     = 0                                      {pd product} {ergonomic}
   size_t SoftMaxHeapSize                          = 1598029824                             {manageable} {ergonomic}
     intx TieredStopAtLevel                        = 1                                         {product} {command line}
     bool UseCompressedClassPointers               = true                           {product lp64_product} {ergonomic}
     bool UseCompressedOops                        = true                           {product lp64_product} {ergonomic}
     bool UseG1GC                                  = true                                      {product} {ergonomic}
     bool UseLargePagesIndividualAllocation        = false                                  {pd product} {ergonomic}

Logging:
Log output configuration:
 #0: stdout all=warning uptime,level,tags
 #1: stderr all=off uptime,level,tags

Environment Variables:
JAVA_HOME=C:\Program Files\Eclipse Adoptium\jdk-17.0.18.8-hotspot\
PATH=C:\app\alvar\product\26ai\dbhomeFree\bin;C:\Program Files\Eclipse Adoptium\jdk-17.0.18.8-hotspot\bin;C:\Python314\Scripts\;C:\Python314\;C:\Program Files\Eclipse Adoptium\jdk-21.0.9.10-hotspot\bin;C:\Program Files\Eclipse Adoptium\jdk-25.0.0.36-hotspot\bin;C:\WINDOWS\system32;C:\WINDOWS;C:\WINDOWS\System32\Wbem;C:\WINDOWS\System32\WindowsPowerShell\v1.0\;C:\WINDOWS\System32\OpenSSH\;C:\ProgramData\chocolatey\bin;C:\Program Files\Microsoft VS Code\bin;C:\Program Files\Apache-maven\apache-maven-3.9.11\bin;C:\VXIPNP\WinNT\Bin;C:\Program Files\Git\cmd;C:\Program Files\nodejs\;C:\Users\alvar\AppData\Local\Programs\Python\Launcher\;C:\Users\alvar\AppData\Local\Microsoft\WindowsApps;C:\Users\alvar\AppData\Local\Programs\Microsoft VS Code\bin;C:\Users\alvar\AppData\Local\GitHubDesktop\bin;C:\Program Files\JetBrains\IntelliJ IDEA 2025.2.3\bin;C:\Program Files\maven-mvnd-1.0.3-windows-amd64\bin;C:\Users\alvar\AppData\Roaming\npm
USERNAME=alvar
OS=Windows_NT
PROCESSOR_IDENTIFIER=AMD64 Family 23 Model 24 Stepping 1, AuthenticAMD
TMP=C:\Users\alvar\AppData\Local\Temp
TEMP=C:\Users\alvar\AppData\Local\Temp



Periodic native trim disabled


---------------  S Y S T E M  ---------------

OS:
 Windows 11 , 64 bit Build 26100 (10.0.26100.8875)
OS uptime: 0 days 22:58 hours

CPU: total 8 (initial active 8) (8 cores per cpu, 2 threads per core) family 23 model 24 stepping 1 microcode 0x8108109, cx8, cmov, fxsr, ht, mmx, 3dnowpref, sse, sse2, sse3, ssse3, sse4a, sse4.1, sse4.2, popcnt, lzcnt, tsc, tscinvbit, avx, avx2, aes, clmul, bmi1, bmi2, adx, sha, fma, vzeroupper, clflush, clflushopt
Processor Information for the first 8 processors :
  Max Mhz: 2100, Current Mhz: 2100, Mhz Limit: 2100

Memory: 4k page, system-wide physical 6090M (180M free)
TotalPageFile size 24522M (AvailPageFile size 110M)
current process WorkingSet (physical memory assigned to process): 374M, peak: 374M
current process commit charge ("private bytes"): 410M, peak: 840M

vm_info: OpenJDK 64-Bit Server VM (17.0.19+10-LTS) for windows-amd64 JRE (17.0.19+10-LTS), built on Apr 18 2026 18:24:40 by "MicrosoftCorporation" with MS VC++ 17.14 (VS2022)

END.
